Archive member included to satisfy reference by file (symbol)

/usr/local/Cellar/arm-none-eabi-gcc/10.3-2021.07/gcc/bin/../lib/gcc/arm-none-eabi/10.3.1/thumb/v6-m/nofp/libgcc.a(_dvmd_tls.o)
                              CMakeFiles/kitchen_sink_extra_stdio.dir/__/__/src/rp2_common/pico_divider/divider.S.obj (__aeabi_idiv0)
/usr/local/Cellar/arm-none-eabi-gcc/10.3-2021.07/gcc/bin/../lib/gcc/arm-none-eabi/10.3.1/../../../../arm-none-eabi/lib/thumb/v6-m/nofp/libc.a(lib_a-calloc.o)
                              CMakeFiles/kitchen_sink_extra_stdio.dir/__/__/src/rp2_common/pico_malloc/pico_malloc.c.obj (calloc)
/usr/local/Cellar/arm-none-eabi-gcc/10.3-2021.07/gcc/bin/../lib/gcc/arm-none-eabi/10.3.1/../../../../arm-none-eabi/lib/thumb/v6-m/nofp/libc.a(lib_a-callocr.o)
                              /usr/local/Cellar/arm-none-eabi-gcc/10.3-2021.07/gcc/bin/../lib/gcc/arm-none-eabi/10.3.1/../../../../arm-none-eabi/lib/thumb/v6-m/nofp/libc.a(lib_a-calloc.o) (_calloc_r)
/usr/local/Cellar/arm-none-eabi-gcc/10.3-2021.07/gcc/bin/../lib/gcc/arm-none-eabi/10.3.1/../../../../arm-none-eabi/lib/thumb/v6-m/nofp/libc.a(lib_a-errno.o)
                              /usr/local/Cellar/arm-none-eabi-gcc/10.3-2021.07/gcc/bin/../lib/gcc/arm-none-eabi/10.3.1/../../../../arm-none-eabi/lib/thumb/v6-m/nofp/libc.a(lib_a-callocr.o) (__errno)
/usr/local/Cellar/arm-none-eabi-gcc/10.3-2021.07/gcc/bin/../lib/gcc/arm-none-eabi/10.3.1/../../../../arm-none-eabi/lib/thumb/v6-m/nofp/libc.a(lib_a-impure.o)
                              /usr/local/Cellar/arm-none-eabi-gcc/10.3-2021.07/gcc/bin/../lib/gcc/arm-none-eabi/10.3.1/../../../../arm-none-eabi/lib/thumb/v6-m/nofp/libc.a(lib_a-calloc.o) (_impure_ptr)
/usr/local/Cellar/arm-none-eabi-gcc/10.3-2021.07/gcc/bin/../lib/gcc/arm-none-eabi/10.3.1/../../../../arm-none-eabi/lib/thumb/v6-m/nofp/libc.a(lib_a-init.o)
                              /usr/local/Cellar/arm-none-eabi-gcc/10.3-2021.07/gcc/bin/../lib/gcc/arm-none-eabi/10.3.1/../../../../arm-none-eabi/lib/thumb/v6-m/nofp/crt0.o (__libc_init_array)
/usr/local/Cellar/arm-none-eabi-gcc/10.3-2021.07/gcc/bin/../lib/gcc/arm-none-eabi/10.3.1/../../../../arm-none-eabi/lib/thumb/v6-m/nofp/libc.a(lib_a-malloc.o)
                              CMakeFiles/kitchen_sink_extra_stdio.dir/__/__/src/rp2_common/pico_malloc/pico_malloc.c.obj (malloc)
/usr/local/Cellar/arm-none-eabi-gcc/10.3-2021.07/gcc/bin/../lib/gcc/arm-none-eabi/10.3.1/../../../../arm-none-eabi/lib/thumb/v6-m/nofp/libc.a(lib_a-mallocr.o)
                              /usr/local/Cellar/arm-none-eabi-gcc/10.3-2021.07/gcc/bin/../lib/gcc/arm-none-eabi/10.3.1/../../../../arm-none-eabi/lib/thumb/v6-m/nofp/libc.a(lib_a-callocr.o) (_malloc_r)
/usr/local/Cellar/arm-none-eabi-gcc/10.3-2021.07/gcc/bin/../lib/gcc/arm-none-eabi/10.3.1/../../../../arm-none-eabi/lib/thumb/v6-m/nofp/libc.a(lib_a-mlock.o)
                              /usr/local/Cellar/arm-none-eabi-gcc/10.3-2021.07/gcc/bin/../lib/gcc/arm-none-eabi/10.3.1/../../../../arm-none-eabi/lib/thumb/v6-m/nofp/libc.a(lib_a-mallocr.o) (__malloc_lock)
/usr/local/Cellar/arm-none-eabi-gcc/10.3-2021.07/gcc/bin/../lib/gcc/arm-none-eabi/10.3.1/../../../../arm-none-eabi/lib/thumb/v6-m/nofp/libc.a(lib_a-realloc.o)
                              CMakeFiles/kitchen_sink_extra_stdio.dir/__/__/src/rp2_common/pico_malloc/pico_malloc.c.obj (realloc)
/usr/local/Cellar/arm-none-eabi-gcc/10.3-2021.07/gcc/bin/../lib/gcc/arm-none-eabi/10.3.1/../../../../arm-none-eabi/lib/thumb/v6-m/nofp/libc.a(lib_a-reallocr.o)
                              /usr/local/Cellar/arm-none-eabi-gcc/10.3-2021.07/gcc/bin/../lib/gcc/arm-none-eabi/10.3.1/../../../../arm-none-eabi/lib/thumb/v6-m/nofp/libc.a(lib_a-realloc.o) (_realloc_r)
/usr/local/Cellar/arm-none-eabi-gcc/10.3-2021.07/gcc/bin/../lib/gcc/arm-none-eabi/10.3.1/../../../../arm-none-eabi/lib/thumb/v6-m/nofp/libc.a(lib_a-sbrkr.o)
                              /usr/local/Cellar/arm-none-eabi-gcc/10.3-2021.07/gcc/bin/../lib/gcc/arm-none-eabi/10.3.1/../../../../arm-none-eabi/lib/thumb/v6-m/nofp/libc.a(lib_a-mallocr.o) (_sbrk_r)
/usr/local/Cellar/arm-none-eabi-gcc/10.3-2021.07/gcc/bin/../lib/gcc/arm-none-eabi/10.3.1/../../../../arm-none-eabi/lib/thumb/v6-m/nofp/libc.a(lib_a-strlen-stub.o)
                              CMakeFiles/kitchen_sink_extra_stdio.dir/__/__/src/rp2_common/pico_stdio/stdio.c.obj (strlen)
/usr/local/Cellar/arm-none-eabi-gcc/10.3-2021.07/gcc/bin/../lib/gcc/arm-none-eabi/10.3.1/../../../../arm-none-eabi/lib/thumb/v6-m/nofp/libc.a(lib_a-freer.o)
                              /usr/local/Cellar/arm-none-eabi-gcc/10.3-2021.07/gcc/bin/../lib/gcc/arm-none-eabi/10.3.1/../../../../arm-none-eabi/lib/thumb/v6-m/nofp/libc.a(lib_a-malloc.o) (_free_r)
/usr/local/Cellar/arm-none-eabi-gcc/10.3-2021.07/gcc/bin/../lib/gcc/arm-none-eabi/10.3.1/../../../../arm-none-eabi/lib/thumb/v6-m/nofp/libc.a(lib_a-lock.o)
[...]
Memory Configuration

Name             Origin             Length             Attributes
FLASH            0x0000000010000000 0x0000000000200000 xr
RAM              0x0000000020000000 0x0000000000040000 xrw
SCRATCH_X        0x0000000020040000 0x0000000000001000 xrw
SCRATCH_Y        0x0000000020041000 0x0000000000001000 xrw
*default*        0x0000000000000000 0xffffffffffffffff

Linker script and memory map

LOAD /usr/local/Cellar/arm-none-eabi-gcc/10.3-2021.07/gcc/bin/../lib/gcc/arm-none-eabi/10.3.1/thumb/v6-m/nofp/crti.o
LOAD /usr/local/Cellar/arm-none-eabi-gcc/10.3-2021.07/gcc/bin/../lib/gcc/arm-none-eabi/10.3.1/thumb/v6-m/nofp/crtbegin.o
LOAD /usr/local/Cellar/arm-none-eabi-gcc/10.3-2021.07/gcc/bin/../lib/gcc/arm-none-eabi/10.3.1/../../../../arm-none-eabi/lib/thumb/v6-m/nofp/crt0.o

.flash_begin    0x0000000010000000        0x0
                0x0000000010000000                __flash_binary_start = .

.boot2          0x0000000010000000      0x100
                0x0000000010000000                __boot2_start__ = .
 *(.boot2)
 .boot2         0x0000000010000000      0x100 /var/folders/59/tdd927_x6bdctdq5k7f78p9w0000gn/T//ccGGxpPt.o
                0x0000000010000100                __boot2_end__ = .
                0x0000000000000001                ASSERT (((__boot2_end__ - __boot2_start__) == 0x100), ERROR: Pico second stage bootloader must be 256 bytes in size)

.text           0x0000000010000100     0x71c8
                0x0000000010000100                __logical_binary_start = .
 *(.vectors)
 .vectors       0x0000000010000100       0xd4 CMakeFiles/kitchen_sink_extra_stdio.dir/__/__/src/rp2_common/pico_standard_link/crt0.S.obj
                0x0000000010000100                __VECTOR_TABLE
                0x0000000010000100                __vectors
                0x00000000100001c0                __default_isrs_start
                0x00000000100001c0                isr_invalid
                0x00000000100001c2                isr_nmi
                0x00000000100001c4                isr_hardfault
                0x00000000100001c6                isr_svcall
                0x00000000100001c8                isr_pendsv
                0x00000000100001ca                isr_systick
                0x00000000100001cc                isr_irq28
                0x00000000100001cc                isr_irq19
                0x00000000100001cc                isr_irq0
                0x00000000100001cc                isr_irq6
                0x00000000100001cc                isr_irq22
                0x00000000100001cc                isr_irq17
                0x00000000100001cc                isr_irq14
                0x00000000100001cc                isr_irq2
                0x00000000100001cc                isr_irq10
                0x00000000100001cc                isr_irq8
                0x00000000100001cc                isr_irq24
                0x00000000100001cc                isr_irq1
                0x00000000100001cc                isr_irq7
                0x00000000100001cc                isr_irq21
                0x00000000100001cc                isr_irq20
                0x00000000100001cc                isr_irq15
                0x00000000100001cc                isr_irq25
                0x00000000100001cc                isr_irq4
                0x00000000100001cc                isr_irq16
                0x00000000100001cc                isr_irq29
                0x00000000100001cc                isr_irq26
                0x00000000100001cc                __default_isrs_end
                0x00000000100001cc                isr_irq3
                0x00000000100001cc                isr_irq9
                0x00000000100001cc                __unhandled_user_irq
                0x00000000100001cc                isr_irq13
                0x00000000100001cc                isr_irq27
                0x00000000100001cc                isr_irq31
                0x00000000100001cc                isr_irq5
                0x00000000100001cc                isr_irq11
                0x00000000100001cc                isr_irq23
                0x00000000100001cc                isr_irq18
                0x00000000100001cc                isr_irq30
                0x00000000100001cc                isr_irq12
                0x00000000100001d2                unhandled_user_irq_num_in_r0
 *(.binary_info_header)
 .binary_info_header
                0x00000000100001d4       0x14 CMakeFiles/kitchen_sink_extra_stdio.dir/__/__/src/rp2_common/pico_standard_link/crt0.S.obj
                0x00000000100001e8                __binary_info_header_end = .
 *(.reset)
 .reset         0x00000000100001e8       0xa8 CMakeFiles/kitchen_sink_extra_stdio.dir/__/__/src/rp2_common/pico_standard_link/crt0.S.obj
                0x00000000100001e8                _entry_point
                0x0000000010000266                __get_current_exception
 .reset         0x0000000010000290       0x30 CMakeFiles/kitchen_sink_extra_stdio.dir/__/__/src/rp2_common/pico_standard_link/binary_info.c.obj
 *(.init)
 .init          0x00000000100002c0        0x4 /usr/local/Cellar/arm-none-eabi-gcc/10.3-2021.07/gcc/bin/../lib/gcc/arm-none-eabi/10.3.1/thumb/v6-m/nofp/crti.o
                0x00000000100002c0                _init
 *(EXCLUDE_FILE(*libm.a: *libc.a:*lib_a-mem*.o *libgcc.a:) .text*)
 .text          0x00000000100002c4       0x48 /usr/local/Cellar/arm-none-eabi-gcc/10.3-2021.07/gcc/bin/../lib/gcc/arm-none-eabi/10.3.1/thumb/v6-m/nofp/crtbegin.o
 .text.spiggle  0x000000001000030c       0x2c CMakeFiles/kitchen_sink_extra_stdio.dir/kitchen_sink.c.obj
                0x000000001000030c                spiggle
 .text.startup.main
                0x0000000010000338       0x8c CMakeFiles/kitchen_sink_extra_stdio.dir/kitchen_sink.c.obj
                0x0000000010000338                main
 .text.hw_claim_or_assert
                0x00000000100003c4       0x44 CMakeFiles/kitchen_sink_extra_stdio.dir/__/__/src/rp2_common/hardware_claim/claim.c.obj
                0x00000000100003c4                hw_claim_or_assert
 .text.hw_claim_unused_from_range
                0x0000000010000408       0x9c CMakeFiles/kitchen_sink_extra_stdio.dir/__/__/src/rp2_common/hardware_claim/claim.c.obj
                0x0000000010000408                hw_claim_unused_from_range
 .text.running_on_fpga
                0x00000000100004a4       0x10 CMakeFiles/kitchen_sink_extra_stdio.dir/__/__/src/rp2_common/pico_platform/platform.c.obj
                0x00000000100004a4                running_on_fpga
 .text.spin_locks_reset
                0x00000000100004b4       0x1c CMakeFiles/kitchen_sink_extra_stdio.dir/__/__/src/rp2_common/hardware_sync/sync.c.obj
                0x00000000100004b4                spin_locks_reset
 .text.next_striped_spin_lock_num
                0x00000000100004d0       0x18 CMakeFiles/kitchen_sink_extra_stdio.dir/__/__/src/rp2_common/hardware_sync/sync.c.obj
                0x00000000100004d0                next_striped_spin_lock_num
 .text.spin_lock_claim_unused
                0x00000000100004e8       0x20 CMakeFiles/kitchen_sink_extra_stdio.dir/__/__/src/rp2_common/hardware_sync/sync.c.obj
                0x00000000100004e8                spin_lock_claim_unused
 .text.clocks_init
                0x0000000010000508      0x2bc CMakeFiles/kitchen_sink_extra_stdio.dir/__/__/src/rp2_common/hardware_clocks/clocks.c.obj
                0x0000000010000508                clocks_init
 .text.clock_get_hz
                0x00000000100007c4        0xc CMakeFiles/kitchen_sink_extra_stdio.dir/__/__/src/rp2_common/hardware_clocks/clocks.c.obj
                0x00000000100007c4                clock_get_hz
 .text.gpio_set_function
                0x00000000100007d0       0x30 CMakeFiles/kitchen_sink_extra_stdio.dir/__/__/src/rp2_common/hardware_gpio/gpio.c.obj
                0x00000000100007d0                gpio_set_function
 .text.irq_set_enabled
                0x0000000010000800       0x24 CMakeFiles/kitchen_sink_extra_stdio.dir/__/__/src/rp2_common/hardware_irq/irq.c.obj
                0x0000000010000800                irq_set_enabled
 .text.irq_set_pending
                0x0000000010000824       0x10 CMakeFiles/kitchen_sink_extra_stdio.dir/__/__/src/rp2_common/hardware_irq/irq.c.obj
                0x0000000010000824                irq_set_pending
 .text.irq_has_shared_handler
                0x0000000010000834       0x2c CMakeFiles/kitchen_sink_extra_stdio.dir/__/__/src/rp2_common/hardware_irq/irq.c.obj
                0x0000000010000834                irq_has_shared_handler
 .text.irq_get_vtable_handler
                0x0000000010000860       0x10 CMakeFiles/kitchen_sink_extra_stdio.dir/__/__/src/rp2_common/hardware_irq/irq.c.obj
                0x0000000010000860                irq_get_vtable_handler
 .text.irq_set_exclusive_handler
                0x0000000010000870       0x54 CMakeFiles/kitchen_sink_extra_stdio.dir/__/__/src/rp2_common/hardware_irq/irq.c.obj
                0x0000000010000870                irq_set_exclusive_handler
 .text.irq_add_shared_handler
                0x00000000100008c4      0x1e4 CMakeFiles/kitchen_sink_extra_stdio.dir/__/__/src/rp2_common/hardware_irq/irq.c.obj
                0x00000000100008c4                irq_add_shared_handler
 .text.irq_remove_handler
                0x0000000010000aa8      0x1b4 CMakeFiles/kitchen_sink_extra_stdio.dir/__/__/src/rp2_common/hardware_irq/irq.c.obj
                0x0000000010000aa8                irq_remove_handler
 .text.irq_add_tail_to_free_list
                0x0000000010000c5c       0xb4 CMakeFiles/kitchen_sink_extra_stdio.dir/__/__/src/rp2_common/hardware_irq/irq.c.obj
                0x0000000010000c5c                irq_add_tail_to_free_list
 .text.irq_init_priorities
                0x0000000010000d10       0x24 CMakeFiles/kitchen_sink_extra_stdio.dir/__/__/src/rp2_common/hardware_irq/irq.c.obj
                0x0000000010000d10                irq_init_priorities
 .text.user_irq_claim_unused
                0x0000000010000d34       0x30 CMakeFiles/kitchen_sink_extra_stdio.dir/__/__/src/rp2_common/hardware_irq/irq.c.obj
                0x0000000010000d34                user_irq_claim_unused
 .text.lock_init
                0x0000000010000d64       0x10 CMakeFiles/kitchen_sink_extra_stdio.dir/__/__/src/common/pico_sync/lock_core.c.obj
                0x0000000010000d64                lock_init
 .text.timer_pool_entry_comparator
                0x0000000010000d74       0x34 CMakeFiles/kitchen_sink_extra_stdio.dir/__/__/src/common/pico_time/time.c.obj
                0x0000000010000d74                timer_pool_entry_comparator
 .text.sleep_until_callback
                0x0000000010000da8       0x30 CMakeFiles/kitchen_sink_extra_stdio.dir/__/__/src/common/pico_time/time.c.obj
 .text.add_alarm_under_lock.isra.0
                0x0000000010000dd8      0x100 CMakeFiles/kitchen_sink_extra_stdio.dir/__/__/src/common/pico_time/time.c.obj
 .text.alarm_pool_alarm_callback
                0x0000000010000ed8      0x1c8 CMakeFiles/kitchen_sink_extra_stdio.dir/__/__/src/common/pico_time/time.c.obj
 .text.alarm_pool_add_alarm_at.constprop.0
                0x00000000100010a0      0x11c CMakeFiles/kitchen_sink_extra_stdio.dir/__/__/src/common/pico_time/time.c.obj
 .text.alarm_pool_init_default
                0x00000000100011bc       0x64 CMakeFiles/kitchen_sink_extra_stdio.dir/__/__/src/common/pico_time/time.c.obj
                0x00000000100011bc                alarm_pool_init_default
 .text.alarm_pool_get_default
                0x0000000010001220        0x8 CMakeFiles/kitchen_sink_extra_stdio.dir/__/__/src/common/pico_time/time.c.obj
                0x0000000010001220                alarm_pool_get_default
 .text.alarm_pool_add_alarm_at
                0x0000000010001228      0x194 CMakeFiles/kitchen_sink_extra_stdio.dir/__/__/src/common/pico_time/time.c.obj
                0x0000000010001228                alarm_pool_add_alarm_at
 .text.best_effort_wfe_or_timeout
                0x00000000100013bc       0xd4 CMakeFiles/kitchen_sink_extra_stdio.dir/__/__/src/common/pico_time/time.c.obj
                0x00000000100013bc                best_effort_wfe_or_timeout
 .text.hardware_alarm_irq_handler
                0x0000000010001490       0xb8 CMakeFiles/kitchen_sink_extra_stdio.dir/__/__/src/rp2_common/hardware_timer/timer.c.obj
 .text.hardware_alarm_claim
                0x0000000010001548       0x18 CMakeFiles/kitchen_sink_extra_stdio.dir/__/__/src/rp2_common/hardware_timer/timer.c.obj
                0x0000000010001548                hardware_alarm_claim
 .text.time_us_64
                0x0000000010001560       0x14 CMakeFiles/kitchen_sink_extra_stdio.dir/__/__/src/rp2_common/hardware_timer/timer.c.obj
                0x0000000010001560                time_us_64
 .text.busy_wait_us
                0x0000000010001574       0x54 CMakeFiles/kitchen_sink_extra_stdio.dir/__/__/src/rp2_common/hardware_timer/timer.c.obj
                0x0000000010001574                busy_wait_us
 .text.hardware_alarm_set_callback
                0x00000000100015c8       0x8c CMakeFiles/kitchen_sink_extra_stdio.dir/__/__/src/rp2_common/hardware_timer/timer.c.obj
                0x00000000100015c8                hardware_alarm_set_callback
 .text.hardware_alarm_set_target
                0x0000000010001654       0xe0 CMakeFiles/kitchen_sink_extra_stdio.dir/__/__/src/rp2_common/hardware_timer/timer.c.obj
                0x0000000010001654                hardware_alarm_set_target
 .text.hardware_alarm_cancel
                0x0000000010001734       0x3c CMakeFiles/kitchen_sink_extra_stdio.dir/__/__/src/rp2_common/hardware_timer/timer.c.obj
                0x0000000010001734                hardware_alarm_cancel
 .text.ph_merge_nodes
                0x0000000010001770       0x68 CMakeFiles/kitchen_sink_extra_stdio.dir/__/__/src/common/pico_util/pheap.c.obj
 .text.ph_post_alloc_init
                0x00000000100017d8       0x3c CMakeFiles/kitchen_sink_extra_stdio.dir/__/__/src/common/pico_util/pheap.c.obj
                0x00000000100017d8                ph_post_alloc_init
 .text.ph_merge_two_pass
                0x0000000010001814       0x90 CMakeFiles/kitchen_sink_extra_stdio.dir/__/__/src/common/pico_util/pheap.c.obj
                0x0000000010001814                ph_merge_two_pass
 .text.ph_remove_any_head
                0x00000000100018a4       0xf8 CMakeFiles/kitchen_sink_extra_stdio.dir/__/__/src/common/pico_util/pheap.c.obj
 .text.ph_remove_head
                0x000000001000199c       0xfc CMakeFiles/kitchen_sink_extra_stdio.dir/__/__/src/common/pico_util/pheap.c.obj
                0x000000001000199c                ph_remove_head
 .text.ph_remove_and_free_node
                0x0000000010001a98       0x7c CMakeFiles/kitchen_sink_extra_stdio.dir/__/__/src/common/pico_util/pheap.c.obj
                0x0000000010001a98                ph_remove_and_free_node
 .text.mutex_init
                0x0000000010001b14       0x1c CMakeFiles/kitchen_sink_extra_stdio.dir/__/__/src/common/pico_sync/mutex.c.obj
                0x0000000010001b14                mutex_init
 .text.recursive_mutex_init
                0x0000000010001b30       0x1c CMakeFiles/kitchen_sink_extra_stdio.dir/__/__/src/common/pico_sync/mutex.c.obj
                0x0000000010001b30                recursive_mutex_init
 .text.critical_section_init
                0x0000000010001b4c       0x20 CMakeFiles/kitchen_sink_extra_stdio.dir/__/__/src/common/pico_sync/critical_section.c.obj
                0x0000000010001b4c                critical_section_init
 .text.pll_init
                0x0000000010001b6c       0xb0 CMakeFiles/kitchen_sink_extra_stdio.dir/__/__/src/rp2_common/hardware_pll/pll.c.obj
                0x0000000010001b6c                pll_init
 .text.watchdog_start_tick
                0x0000000010001c1c       0x10 CMakeFiles/kitchen_sink_extra_stdio.dir/__/__/src/rp2_common/hardware_watchdog/watchdog.c.obj
                0x0000000010001c1c                watchdog_start_tick
 .text.watchdog_reboot
                0x0000000010001c2c       0x98 CMakeFiles/kitchen_sink_extra_stdio.dir/__/__/src/rp2_common/hardware_watchdog/watchdog.c.obj
                0x0000000010001c2c                watchdog_reboot
 .text.xosc_init
                0x0000000010001cc4       0x28 CMakeFiles/kitchen_sink_extra_stdio.dir/__/__/src/rp2_common/hardware_xosc/xosc.c.obj
                0x0000000010001cc4                xosc_init
 .text.check_dma_channel_param_impl
                0x0000000010001cec        0x4 CMakeFiles/kitchen_sink_extra_stdio.dir/__/__/src/rp2_common/hardware_dma/dma.c.obj
                0x0000000010001cec                check_dma_channel_param_impl
 .text.flash_get_unique_id
                0x0000000010001cf0       0x40 CMakeFiles/kitchen_sink_extra_stdio.dir/__/__/src/rp2_common/hardware_flash/flash.c.obj
                0x0000000010001cf0                flash_get_unique_id
 .text.rom_func_lookup
                0x0000000010001d30       0x10 CMakeFiles/kitchen_sink_extra_stdio.dir/__/__/src/rp2_common/pico_bootrom/bootrom.c.obj
                0x0000000010001d30                rom_func_lookup
 .text.rom_data_lookup
                0x0000000010001d40       0x10 CMakeFiles/kitchen_sink_extra_stdio.dir/__/__/src/rp2_common/pico_bootrom/bootrom.c.obj
                0x0000000010001d40                rom_data_lookup
 .text.rom_funcs_lookup
                0x0000000010001d50       0x44 CMakeFiles/kitchen_sink_extra_stdio.dir/__/__/src/rp2_common/pico_bootrom/bootrom.c.obj
                0x0000000010001d50                rom_funcs_lookup
 .text.uart_init
                0x0000000010001d94       0xe0 CMakeFiles/kitchen_sink_extra_stdio.dir/__/__/src/rp2_common/hardware_uart/uart.c.obj
                0x0000000010001d94                uart_init
 .text          0x0000000010001e74       0x10 CMakeFiles/kitchen_sink_extra_stdio.dir/__/__/src/rp2_common/pico_bit_ops/bit_ops_aeabi.S.obj
 .text.startup.boot_double_tap_check
                0x0000000010001e84       0x60 CMakeFiles/kitchen_sink_extra_stdio.dir/__/__/src/rp2_common/pico_bootsel_via_double_reset/pico_bootsel_via_double_reset.c.obj
 .text.__wrap___aeabi_idiv
                0x0000000010001ee4       0x50 CMakeFiles/kitchen_sink_extra_stdio.dir/__/__/src/rp2_common/pico_divider/divider.S.obj
                0x0000000010001ee4                __wrap___aeabi_idivmod
                0x0000000010001ee4                divmod_s32s32
                0x0000000010001ee4                div_s32s32
                0x0000000010001ee4                __wrap___aeabi_idiv
                0x0000000010001eec                divmod_s32s32_unsafe
                0x0000000010001f18                divmod_s32s32_savestate
 .text.__wrap___aeabi_uidiv
                0x0000000010001f34       0x4c CMakeFiles/kitchen_sink_extra_stdio.dir/__/__/src/rp2_common/pico_divider/divider.S.obj
                0x0000000010001f34                __wrap___aeabi_uidiv
                0x0000000010001f34                __wrap___aeabi_uidivmod
                0x0000000010001f34                div_u32u32
                0x0000000010001f34                divmod_u32u32
                0x0000000010001f3c                divmod_u32u32_unsafe
                0x0000000010001f64                divmod_u32u32_savestate
 .text.__wrap___aeabi_ldiv
                0x0000000010001f80      0x434 CMakeFiles/kitchen_sink_extra_stdio.dir/__/__/src/rp2_common/pico_divider/divider.S.obj
                0x0000000010001f80                __wrap___aeabi_ldivmod
                0x0000000010001f80                div_s64s64
                0x0000000010001f80                divmod_s64s64
                0x0000000010001fb8                divmod_u64u64
                0x0000000010001fb8                div_u64u64
                0x0000000010001fb8                __wrap___aeabi_uldivmod
                0x0000000010001fc8                divmod_u64u64_savestate
                0x0000000010001ff0                divmod_s64s64_unsafe
                0x0000000010002078                divmod_u64u64_unsafe
 .text.__wrap___aeabi_darithmetic
                0x00000000100023b4       0x80 CMakeFiles/kitchen_sink_extra_stdio.dir/__/__/src/rp2_common/pico_double/double_aeabi.S.obj
                0x00000000100023b4                __wrap___aeabi_drsub
                0x00000000100023ba                __wrap___aeabi_dsub
                0x00000000100023cc                __wrap___aeabi_dadd
                0x00000000100023de                __wrap___aeabi_ddiv
                0x000000001000241a                __wrap___aeabi_dmul
 .text.__wrap___aeabi_cdcmple
                0x0000000010002434       0x6c CMakeFiles/kitchen_sink_extra_stdio.dir/__/__/src/rp2_common/pico_double/double_aeabi.S.obj
                0x0000000010002434                __wrap___aeabi_cdrcmple
                0x0000000010002444                __wrap___aeabi_cdcmple
                0x0000000010002444                __wrap___aeabi_cdcmpeq
 .text.__wrap___aeabi_dcmplt
                0x00000000100024a0        0xc CMakeFiles/kitchen_sink_extra_stdio.dir/__/__/src/rp2_common/pico_double/double_aeabi.S.obj
                0x00000000100024a0                __wrap___aeabi_dcmplt
 .text.__wrap___aeabi_dcmple
                0x00000000100024ac       0x10 CMakeFiles/kitchen_sink_extra_stdio.dir/__/__/src/rp2_common/pico_double/double_aeabi.S.obj
                0x00000000100024ac                __wrap___aeabi_dcmple
 .text.__wrap___aeabi_dcmpge
                0x00000000100024bc       0x10 CMakeFiles/kitchen_sink_extra_stdio.dir/__/__/src/rp2_common/pico_double/double_aeabi.S.obj
                0x00000000100024bc                __wrap___aeabi_dcmpge
 .text.__wrap___aeabi_dcmpgt
                0x00000000100024cc        0xa CMakeFiles/kitchen_sink_extra_stdio.dir/__/__/src/rp2_common/pico_double/double_aeabi.S.obj
                0x00000000100024cc                __wrap___aeabi_dcmpgt
 .text.__wrap___aeabi_dcmpun
                0x00000000100024d6       0x1c CMakeFiles/kitchen_sink_extra_stdio.dir/__/__/src/rp2_common/pico_double/double_aeabi.S.obj
                0x00000000100024d6                __wrap___aeabi_dcmpun
 *fill*         0x00000000100024f2        0x2 
 .text.__wrap___aeabi_i2d
                0x00000000100024f4       0x38 CMakeFiles/kitchen_sink_extra_stdio.dir/__/__/src/rp2_common/pico_double/double_aeabi.S.obj
                0x00000000100024f4                __wrap___aeabi_ui2d
                0x00000000100024fc                __wrap___aeabi_i2d
 .text.__wrap___aeabi_d2iz
                0x000000001000252c       0x48 CMakeFiles/kitchen_sink_extra_stdio.dir/__/__/src/rp2_common/pico_double/double_aeabi.S.obj
                0x000000001000252c                __wrap___aeabi_d2iz
                0x000000001000252c                double2int_z
 .text.__wrap___aeabi_d2uiz
                0x0000000010002574       0x18 CMakeFiles/kitchen_sink_extra_stdio.dir/__/__/src/rp2_common/pico_double/double_aeabi.S.obj
                0x0000000010002574                double2uint
                0x0000000010002574                __wrap___aeabi_d2uiz
 .text.__aeabi_double_init
                0x000000001000258c       0x94 CMakeFiles/kitchen_sink_extra_stdio.dir/__/__/src/rp2_common/pico_double/double_init_rom.c.obj
                0x000000001000258c                __aeabi_double_init
 .text.double_table_shim_on_use_helper
                0x0000000010002620       0x2c CMakeFiles/kitchen_sink_extra_stdio.dir/__/__/src/rp2_common/pico_double/double_v1_rom_shim.S.obj
                0x0000000010002620                double_table_shim_on_use_helper
 .text.__wrap___aeabi_dsub
                0x000000001000264c       0x10 CMakeFiles/kitchen_sink_extra_stdio.dir/__/__/src/rp2_common/pico_double/double_v1_rom_shim.S.obj
                0x000000001000264c                drsub_shim
                0x0000000010002652                dsub_shim
 .text.dadd_shim
                0x000000001000265c      0x15c CMakeFiles/kitchen_sink_extra_stdio.dir/__/__/src/rp2_common/pico_double/double_v1_rom_shim.S.obj
                0x000000001000265c                dadd_shim
 .text.dmul_shim
                0x00000000100027b8      0x15c CMakeFiles/kitchen_sink_extra_stdio.dir/__/__/src/rp2_common/pico_double/double_v1_rom_shim.S.obj
                0x00000000100027b8                dmul_shim
 .text.ddiv_shim
                0x0000000010002914      0x1b0 CMakeFiles/kitchen_sink_extra_stdio.dir/__/__/src/rp2_common/pico_double/double_v1_rom_shim.S.obj
                0x0000000010002914                ddiv_shim
 .text.double2uint_shim
                0x0000000010002ac4        0xe CMakeFiles/kitchen_sink_extra_stdio.dir/__/__/src/rp2_common/pico_double/double_v1_rom_shim.S.obj
                0x0000000010002ac4                double2uint_shim
                0x0000000010002ac6                double2ufix_shim
 *fill*         0x0000000010002ad2        0x2 
 .text.double2uint64_shim
                0x0000000010002ad4       0x70 CMakeFiles/kitchen_sink_extra_stdio.dir/__/__/src/rp2_common/pico_double/double_v1_rom_shim.S.obj
                0x0000000010002ad4                double2uint64_shim
                0x0000000010002ad6                double2ufix64_shim
                0x0000000010002af6                d2fix_a
 .text.dunpacks
                0x0000000010002b44       0x3c CMakeFiles/kitchen_sink_extra_stdio.dir/__/__/src/rp2_common/pico_double/double_v1_rom_shim.S.obj
                0x0000000010002b44                dunpacks
 .text.__aeabi_float_init
                0x0000000010002b80       0x64 CMakeFiles/kitchen_sink_extra_stdio.dir/__/__/src/rp2_common/pico_float/float_init_rom.c.obj
                0x0000000010002b80                __aeabi_float_init
 .text.float_table_shim_on_use_helper
                0x0000000010002be4       0x2c CMakeFiles/kitchen_sink_extra_stdio.dir/__/__/src/rp2_common/pico_float/float_v1_rom_shim.S.obj
                0x0000000010002be4                float_table_shim_on_use_helper
 .text.__aeabi_lmul
                0x0000000010002c10       0x32 CMakeFiles/kitchen_sink_extra_stdio.dir/__/__/src/rp2_common/pico_int64_ops/pico_int64_ops_aeabi.S.obj
                0x0000000010002c10                __wrap___aeabi_lmul
 *fill*         0x0000000010002c42        0x2 
 .text          0x0000000010002c44       0x10 CMakeFiles/kitchen_sink_extra_stdio.dir/__/__/src/rp2_common/pico_mem_ops/mem_ops_aeabi.S.obj
                0x0000000010002c44                __aeabi_mem_init
 .text.memset   0x0000000010002c54        0xc CMakeFiles/kitchen_sink_extra_stdio.dir/__/__/src/rp2_common/pico_mem_ops/mem_ops_aeabi.S.obj
                0x0000000010002c54                __wrap_memset
 .text.memcpy   0x0000000010002c60        0xc CMakeFiles/kitchen_sink_extra_stdio.dir/__/__/src/rp2_common/pico_mem_ops/mem_ops_aeabi.S.obj
                0x0000000010002c60                __wrap___aeabi_memcpy
                0x0000000010002c60                __wrap_memcpy
 .text.runtime_init
                0x0000000010002c6c       0xf0 CMakeFiles/kitchen_sink_extra_stdio.dir/__/__/src/rp2_common/pico_runtime/runtime.c.obj
                0x0000000010002c6c                runtime_init
 .text.exit     0x0000000010002d5c        0x4 CMakeFiles/kitchen_sink_extra_stdio.dir/__/__/src/rp2_common/pico_runtime/runtime.c.obj
                0x0000000010002d5c                exit
 .text.panic    0x0000000010002d60       0x30 CMakeFiles/kitchen_sink_extra_stdio.dir/__/__/src/rp2_common/pico_runtime/runtime.c.obj
                0x0000000010002d60                panic
 .text.hard_assertion_failure
                0x0000000010002d90        0xc CMakeFiles/kitchen_sink_extra_stdio.dir/__/__/src/rp2_common/pico_runtime/runtime.c.obj
                0x0000000010002d90                hard_assertion_failure
 .text._out_null
                0x0000000010002d9c        0x4 CMakeFiles/kitchen_sink_extra_stdio.dir/__/__/src/rp2_common/pico_printf/printf.c.obj
 .text._out_rev
                0x0000000010002da0       0x9c CMakeFiles/kitchen_sink_extra_stdio.dir/__/__/src/rp2_common/pico_printf/printf.c.obj
 .text._ntoa_format
                0x0000000010002e3c      0x1cc CMakeFiles/kitchen_sink_extra_stdio.dir/__/__/src/rp2_common/pico_printf/printf.c.obj
 .text._out_char
                0x0000000010003008       0x10 CMakeFiles/kitchen_sink_extra_stdio.dir/__/__/src/rp2_common/pico_printf/printf.c.obj
 .text._out_fct
                0x0000000010003018       0x10 CMakeFiles/kitchen_sink_extra_stdio.dir/__/__/src/rp2_common/pico_printf/printf.c.obj
 .text._etoa    0x0000000010003028      0x44c CMakeFiles/kitchen_sink_extra_stdio.dir/__/__/src/rp2_common/pico_printf/printf.c.obj
 .text._ftoa    0x0000000010003474      0x398 CMakeFiles/kitchen_sink_extra_stdio.dir/__/__/src/rp2_common/pico_printf/printf.c.obj
 .text._vsnprintf
                0x000000001000380c      0xb04 CMakeFiles/kitchen_sink_extra_stdio.dir/__/__/src/rp2_common/pico_printf/printf.c.obj
 .text.vfctprintf
                0x0000000010004310       0x20 CMakeFiles/kitchen_sink_extra_stdio.dir/__/__/src/rp2_common/pico_printf/printf.c.obj
                0x0000000010004310                vfctprintf
 .text.weak_raw_vprintf
                0x0000000010004330       0x30 CMakeFiles/kitchen_sink_extra_stdio.dir/__/__/src/rp2_common/pico_printf/printf.c.obj
                0x0000000010004330                weak_raw_vprintf
 .text.stdio_out_chars_no_crlf
                0x0000000010004360       0x10 CMakeFiles/kitchen_sink_extra_stdio.dir/__/__/src/rp2_common/pico_stdio/stdio.c.obj
 .text.stdio_out_chars_crlf
                0x0000000010004370       0xb4 CMakeFiles/kitchen_sink_extra_stdio.dir/__/__/src/rp2_common/pico_stdio/stdio.c.obj
 .text.stdio_buffered_printer
                0x0000000010004424       0x64 CMakeFiles/kitchen_sink_extra_stdio.dir/__/__/src/rp2_common/pico_stdio/stdio.c.obj
 .text.stdio_put_string.isra.0
                0x0000000010004488       0xfc CMakeFiles/kitchen_sink_extra_stdio.dir/__/__/src/rp2_common/pico_stdio/stdio.c.obj
 .text.__wrap_putchar
                0x0000000010004584       0xa0 CMakeFiles/kitchen_sink_extra_stdio.dir/__/__/src/rp2_common/pico_stdio/stdio.c.obj
                0x0000000010004584                __wrap_putchar
 .text.__wrap_puts
                0x0000000010004624       0x3c CMakeFiles/kitchen_sink_extra_stdio.dir/__/__/src/rp2_common/pico_stdio/stdio.c.obj
                0x0000000010004624                __wrap_puts
 .text.stdio_set_driver_enabled
                0x0000000010004660       0x30 CMakeFiles/kitchen_sink_extra_stdio.dir/__/__/src/rp2_common/pico_stdio/stdio.c.obj
                0x0000000010004660                stdio_set_driver_enabled
 .text.__wrap_vprintf
                0x0000000010004690       0xd8 CMakeFiles/kitchen_sink_extra_stdio.dir/__/__/src/rp2_common/pico_stdio/stdio.c.obj
                0x0000000010004690                __wrap_vprintf
 .text.__wrap_printf
                0x0000000010004768       0x18 CMakeFiles/kitchen_sink_extra_stdio.dir/__/__/src/rp2_common/pico_stdio/stdio.c.obj
                0x0000000010004768                __wrap_printf
 .text.stdio_init_all
                0x0000000010004780       0x10 CMakeFiles/kitchen_sink_extra_stdio.dir/__/__/src/rp2_common/pico_stdio/stdio.c.obj
                0x0000000010004780                stdio_init_all
 .text.stdio_uart_out_chars
                0x0000000010004790       0x4c CMakeFiles/kitchen_sink_extra_stdio.dir/__/__/src/rp2_common/pico_stdio_uart/stdio_uart.c.obj
 .text.stdio_uart_in_chars
                0x00000000100047dc       0x38 CMakeFiles/kitchen_sink_extra_stdio.dir/__/__/src/rp2_common/pico_stdio_uart/stdio_uart.c.obj
                0x00000000100047dc                stdio_uart_in_chars
 .text.stdio_uart_init
                0x0000000010004814       0x48 CMakeFiles/kitchen_sink_extra_stdio.dir/__/__/src/rp2_common/pico_stdio_uart/stdio_uart.c.obj
                0x0000000010004814                stdio_uart_init
 .text.resetd_init
                0x000000001000485c        0x4 CMakeFiles/kitchen_sink_extra_stdio.dir/__/__/src/rp2_common/pico_stdio_usb/reset_interface.c.obj
 .text.resetd_reset
                0x0000000010004860        0xc CMakeFiles/kitchen_sink_extra_stdio.dir/__/__/src/rp2_common/pico_stdio_usb/reset_interface.c.obj
 .text.resetd_open
                0x000000001000486c       0x28 CMakeFiles/kitchen_sink_extra_stdio.dir/__/__/src/rp2_common/pico_stdio_usb/reset_interface.c.obj
 .text.resetd_xfer_cb
                0x0000000010004894        0x4 CMakeFiles/kitchen_sink_extra_stdio.dir/__/__/src/rp2_common/pico_stdio_usb/reset_interface.c.obj
 .text.resetd_control_xfer_cb
                0x0000000010004898       0x64 CMakeFiles/kitchen_sink_extra_stdio.dir/__/__/src/rp2_common/pico_stdio_usb/reset_interface.c.obj
 .text.usbd_app_driver_get_cb
                0x00000000100048fc        0xc CMakeFiles/kitchen_sink_extra_stdio.dir/__/__/src/rp2_common/pico_stdio_usb/reset_interface.c.obj
                0x00000000100048fc                usbd_app_driver_get_cb
 .text.tud_cdc_line_coding_cb
                0x0000000010004908       0x34 CMakeFiles/kitchen_sink_extra_stdio.dir/__/__/src/rp2_common/pico_stdio_usb/reset_interface.c.obj
                0x0000000010004908                tud_cdc_line_coding_cb
 .text.stdio_usb_in_chars
                0x000000001000493c       0x68 CMakeFiles/kitchen_sink_extra_stdio.dir/__/__/src/rp2_common/pico_stdio_usb/stdio_usb.c.obj
                0x000000001000493c                stdio_usb_in_chars
 .text.stdio_usb_out_chars
                0x00000000100049a4       0xe4 CMakeFiles/kitchen_sink_extra_stdio.dir/__/__/src/rp2_common/pico_stdio_usb/stdio_usb.c.obj
 .text.timer_task
                0x0000000010004a88       0x18 CMakeFiles/kitchen_sink_extra_stdio.dir/__/__/src/rp2_common/pico_stdio_usb/stdio_usb.c.obj
 .text.usb_irq  0x0000000010004aa0       0x10 CMakeFiles/kitchen_sink_extra_stdio.dir/__/__/src/rp2_common/pico_stdio_usb/stdio_usb.c.obj
 .text.low_priority_worker_irq
                0x0000000010004ab0       0x24 CMakeFiles/kitchen_sink_extra_stdio.dir/__/__/src/rp2_common/pico_stdio_usb/stdio_usb.c.obj
 .text.stdio_usb_init
                0x0000000010004ad4       0xb0 CMakeFiles/kitchen_sink_extra_stdio.dir/__/__/src/rp2_common/pico_stdio_usb/stdio_usb.c.obj
                0x0000000010004ad4                stdio_usb_init
 .text.tud_descriptor_device_cb
                0x0000000010004b84        0x8 CMakeFiles/kitchen_sink_extra_stdio.dir/__/__/src/rp2_common/pico_stdio_usb/stdio_usb_descriptors.c.obj
                0x0000000010004b84                tud_descriptor_device_cb
 .text.tud_descriptor_configuration_cb
                0x0000000010004b8c        0x8 CMakeFiles/kitchen_sink_extra_stdio.dir/__/__/src/rp2_common/pico_stdio_usb/stdio_usb_descriptors.c.obj
                0x0000000010004b8c                tud_descriptor_configuration_cb
 .text.tud_descriptor_string_cb
                0x0000000010004b94       0x74 CMakeFiles/kitchen_sink_extra_stdio.dir/__/__/src/rp2_common/pico_stdio_usb/stdio_usb_descriptors.c.obj
                0x0000000010004b94                tud_descriptor_string_cb
 .text.dcd_rp2040_irq
                0x0000000010004c08      0x21c CMakeFiles/kitchen_sink_extra_stdio.dir/__/__/lib/tinyusb/src/portable/raspberrypi/rp2040/dcd_rp2040.c.obj
 .text.dcd_int_enable
                0x0000000010004e24        0xc CMakeFiles/kitchen_sink_extra_stdio.dir/__/__/lib/tinyusb/src/portable/raspberrypi/rp2040/dcd_rp2040.c.obj
                0x0000000010004e24                dcd_int_enable
 .text.dcd_set_address
                0x0000000010004e30       0x14 CMakeFiles/kitchen_sink_extra_stdio.dir/__/__/lib/tinyusb/src/portable/raspberrypi/rp2040/dcd_rp2040.c.obj
                0x0000000010004e30                dcd_set_address
 .text.dcd_connect
                0x0000000010004e44       0x10 CMakeFiles/kitchen_sink_extra_stdio.dir/__/__/lib/tinyusb/src/portable/raspberrypi/rp2040/dcd_rp2040.c.obj
                0x0000000010004e44                dcd_connect
 .text.dcd_init
                0x0000000010004e54      0x144 CMakeFiles/kitchen_sink_extra_stdio.dir/__/__/lib/tinyusb/src/portable/raspberrypi/rp2040/dcd_rp2040.c.obj
                0x0000000010004e54                dcd_init
 .text.dcd_edpt0_status_complete
                0x0000000010004f98       0x1c CMakeFiles/kitchen_sink_extra_stdio.dir/__/__/lib/tinyusb/src/portable/raspberrypi/rp2040/dcd_rp2040.c.obj
                0x0000000010004f98                dcd_edpt0_status_complete
 .text.dcd_edpt_open
                0x0000000010004fb4       0xf0 CMakeFiles/kitchen_sink_extra_stdio.dir/__/__/lib/tinyusb/src/portable/raspberrypi/rp2040/dcd_rp2040.c.obj
                0x0000000010004fb4                dcd_edpt_open
 .text.dcd_edpt_close_all
                0x00000000100050a4       0xbc CMakeFiles/kitchen_sink_extra_stdio.dir/__/__/lib/tinyusb/src/portable/raspberrypi/rp2040/dcd_rp2040.c.obj
                0x00000000100050a4                dcd_edpt_close_all
 .text.dcd_edpt_xfer
                0x0000000010005160       0x24 CMakeFiles/kitchen_sink_extra_stdio.dir/__/__/lib/tinyusb/src/portable/raspberrypi/rp2040/dcd_rp2040.c.obj
                0x0000000010005160                dcd_edpt_xfer
 .text.dcd_edpt_stall
                0x0000000010005184       0x38 CMakeFiles/kitchen_sink_extra_stdio.dir/__/__/lib/tinyusb/src/portable/raspberrypi/rp2040/dcd_rp2040.c.obj
                0x0000000010005184                dcd_edpt_stall
 .text.dcd_edpt_clear_stall
                0x00000000100051bc       0x30 CMakeFiles/kitchen_sink_extra_stdio.dir/__/__/lib/tinyusb/src/portable/raspberrypi/rp2040/dcd_rp2040.c.obj
                0x00000000100051bc                dcd_edpt_clear_stall
 .text._hw_endpoint_buffer_control_update32.part.0.isra.0
                0x00000000100051ec       0x1c CMakeFiles/kitchen_sink_extra_stdio.dir/__/__/lib/tinyusb/src/portable/raspberrypi/rp2040/rp2040_usb.c.obj
 .text.rp2040_usb_init
                0x0000000010005208       0x4c CMakeFiles/kitchen_sink_extra_stdio.dir/__/__/lib/tinyusb/src/portable/raspberrypi/rp2040/rp2040_usb.c.obj
                0x0000000010005208                rp2040_usb_init
 .text.hw_endpoint_reset_transfer
                0x0000000010005254        0xc CMakeFiles/kitchen_sink_extra_stdio.dir/__/__/lib/tinyusb/src/portable/raspberrypi/rp2040/rp2040_usb.c.obj
                0x0000000010005254                hw_endpoint_reset_transfer
 .text._hw_endpoint_buffer_control_update32
                0x0000000010005260       0x44 CMakeFiles/kitchen_sink_extra_stdio.dir/__/__/lib/tinyusb/src/portable/raspberrypi/rp2040/rp2040_usb.c.obj
                0x0000000010005260                _hw_endpoint_buffer_control_update32
 .text.hw_endpoint_xfer_start
                0x00000000100052a4      0x138 CMakeFiles/kitchen_sink_extra_stdio.dir/__/__/lib/tinyusb/src/portable/raspberrypi/rp2040/rp2040_usb.c.obj
                0x00000000100052a4                hw_endpoint_xfer_start
 .text.hw_endpoint_xfer_continue
                0x00000000100053dc      0x1e4 CMakeFiles/kitchen_sink_extra_stdio.dir/__/__/lib/tinyusb/src/portable/raspberrypi/rp2040/rp2040_usb.c.obj
                0x00000000100053dc                hw_endpoint_xfer_continue
 .text.tud_mounted
                0x00000000100055c0       0x10 CMakeFiles/kitchen_sink_extra_stdio.dir/__/__/lib/tinyusb/src/device/usbd.c.obj
                0x00000000100055c0                tud_mounted
 .text.tud_suspended
                0x00000000100055d0       0x10 CMakeFiles/kitchen_sink_extra_stdio.dir/__/__/lib/tinyusb/src/device/usbd.c.obj
                0x00000000100055d0                tud_suspended
 .text.tud_inited
                0x00000000100055e0        0xc CMakeFiles/kitchen_sink_extra_stdio.dir/__/__/lib/tinyusb/src/device/usbd.c.obj
                0x00000000100055e0                tud_inited
 .text.tud_init
                0x00000000100055ec       0xd8 CMakeFiles/kitchen_sink_extra_stdio.dir/__/__/lib/tinyusb/src/device/usbd.c.obj
                0x00000000100055ec                tud_init
 .text.tud_task
                0x00000000100056c4      0x8ec CMakeFiles/kitchen_sink_extra_stdio.dir/__/__/lib/tinyusb/src/device/usbd.c.obj
                0x00000000100056c4                tud_task
 .text.dcd_event_bus_signal
                0x0000000010005fb0      0x120 CMakeFiles/kitchen_sink_extra_stdio.dir/__/__/lib/tinyusb/src/device/usbd.c.obj
                0x0000000010005fb0                dcd_event_bus_signal
 .text.dcd_event_bus_reset
                0x00000000100060d0       0x54 CMakeFiles/kitchen_sink_extra_stdio.dir/__/__/lib/tinyusb/src/device/usbd.c.obj
                0x00000000100060d0                dcd_event_bus_reset
 .text.dcd_event_setup_received
                0x0000000010006124       0x50 CMakeFiles/kitchen_sink_extra_stdio.dir/__/__/lib/tinyusb/src/device/usbd.c.obj
                0x0000000010006124                dcd_event_setup_received
 .text.dcd_event_xfer_complete
                0x0000000010006174       0x68 CMakeFiles/kitchen_sink_extra_stdio.dir/__/__/lib/tinyusb/src/device/usbd.c.obj
                0x0000000010006174                dcd_event_xfer_complete
 .text.usbd_open_edpt_pair
                0x00000000100061dc       0x80 CMakeFiles/kitchen_sink_extra_stdio.dir/__/__/lib/tinyusb/src/device/usbd.c.obj
                0x00000000100061dc                usbd_open_edpt_pair
 .text.usbd_edpt_open
                0x000000001000625c       0x30 CMakeFiles/kitchen_sink_extra_stdio.dir/__/__/lib/tinyusb/src/device/usbd.c.obj
                0x000000001000625c                usbd_edpt_open
 .text.usbd_edpt_claim
                0x000000001000628c       0x64 CMakeFiles/kitchen_sink_extra_stdio.dir/__/__/lib/tinyusb/src/device/usbd.c.obj
                0x000000001000628c                usbd_edpt_claim
 .text.usbd_edpt_release
                0x00000000100062f0       0x4c CMakeFiles/kitchen_sink_extra_stdio.dir/__/__/lib/tinyusb/src/device/usbd.c.obj
                0x00000000100062f0                usbd_edpt_release
 .text.usbd_edpt_xfer
                0x000000001000633c       0x48 CMakeFiles/kitchen_sink_extra_stdio.dir/__/__/lib/tinyusb/src/device/usbd.c.obj
                0x000000001000633c                usbd_edpt_xfer
 .text.tud_control_status
                0x0000000010006384       0x30 CMakeFiles/kitchen_sink_extra_stdio.dir/__/__/lib/tinyusb/src/device/usbd_control.c.obj
                0x0000000010006384                tud_control_status
 .text.tud_control_xfer
                0x00000000100063b4       0xbc CMakeFiles/kitchen_sink_extra_stdio.dir/__/__/lib/tinyusb/src/device/usbd_control.c.obj
                0x00000000100063b4                tud_control_xfer
 .text.usbd_control_reset
                0x0000000010006470       0x14 CMakeFiles/kitchen_sink_extra_stdio.dir/__/__/lib/tinyusb/src/device/usbd_control.c.obj
                0x0000000010006470                usbd_control_reset
 .text.usbd_control_set_complete_callback
                0x0000000010006484        0xc CMakeFiles/kitchen_sink_extra_stdio.dir/__/__/lib/tinyusb/src/device/usbd_control.c.obj
                0x0000000010006484                usbd_control_set_complete_callback
 .text.usbd_control_set_request
                0x0000000010006490       0x1c CMakeFiles/kitchen_sink_extra_stdio.dir/__/__/lib/tinyusb/src/device/usbd_control.c.obj
                0x0000000010006490                usbd_control_set_request
 .text.usbd_control_xfer_cb
                0x00000000100064ac       0xfc CMakeFiles/kitchen_sink_extra_stdio.dir/__/__/lib/tinyusb/src/device/usbd_control.c.obj
                0x00000000100064ac                usbd_control_xfer_cb
 .text.tud_cdc_n_connected
                0x00000000100065a8       0x30 CMakeFiles/kitchen_sink_extra_stdio.dir/__/__/lib/tinyusb/src/class/cdc/cdc_device.c.obj
                0x00000000100065a8                tud_cdc_n_connected
 .text.tud_cdc_n_available
                0x00000000100065d8       0x18 CMakeFiles/kitchen_sink_extra_stdio.dir/__/__/lib/tinyusb/src/class/cdc/cdc_device.c.obj
                0x00000000100065d8                tud_cdc_n_available
 .text.tud_cdc_n_read
                0x00000000100065f0       0x70 CMakeFiles/kitchen_sink_extra_stdio.dir/__/__/lib/tinyusb/src/class/cdc/cdc_device.c.obj
                0x00000000100065f0                tud_cdc_n_read
 .text.tud_cdc_n_write_flush
                0x0000000010006660       0x78 CMakeFiles/kitchen_sink_extra_stdio.dir/__/__/lib/tinyusb/src/class/cdc/cdc_device.c.obj
                0x0000000010006660                tud_cdc_n_write_flush
 .text.tud_cdc_n_write
                0x00000000100066d8       0x34 CMakeFiles/kitchen_sink_extra_stdio.dir/__/__/lib/tinyusb/src/class/cdc/cdc_device.c.obj
                0x00000000100066d8                tud_cdc_n_write
 .text.tud_cdc_n_write_available
                0x000000001000670c       0x18 CMakeFiles/kitchen_sink_extra_stdio.dir/__/__/lib/tinyusb/src/class/cdc/cdc_device.c.obj
                0x000000001000670c                tud_cdc_n_write_available
 .text.cdcd_init
                0x0000000010006724       0x7c CMakeFiles/kitchen_sink_extra_stdio.dir/__/__/lib/tinyusb/src/class/cdc/cdc_device.c.obj
                0x0000000010006724                cdcd_init
 .text.cdcd_reset
                0x00000000100067a0       0x2c CMakeFiles/kitchen_sink_extra_stdio.dir/__/__/lib/tinyusb/src/class/cdc/cdc_device.c.obj
                0x00000000100067a0                cdcd_reset
 .text.cdcd_open
                0x00000000100067cc       0xe4 CMakeFiles/kitchen_sink_extra_stdio.dir/__/__/lib/tinyusb/src/class/cdc/cdc_device.c.obj
                0x00000000100067cc                cdcd_open
 .text.cdcd_control_xfer_cb
                0x00000000100068b0       0xe4 CMakeFiles/kitchen_sink_extra_stdio.dir/__/__/lib/tinyusb/src/class/cdc/cdc_device.c.obj
                0x00000000100068b0                cdcd_control_xfer_cb
 .text.cdcd_xfer_cb
                0x0000000010006994      0x148 CMakeFiles/kitchen_sink_extra_stdio.dir/__/__/lib/tinyusb/src/class/cdc/cdc_device.c.obj
                0x0000000010006994                cdcd_xfer_cb
 .text.tusb_init
                0x0000000010006adc        0xc CMakeFiles/kitchen_sink_extra_stdio.dir/__/__/lib/tinyusb/src/tusb.c.obj
                0x0000000010006adc                tusb_init
 .text.tusb_inited
                0x0000000010006ae8        0x8 CMakeFiles/kitchen_sink_extra_stdio.dir/__/__/lib/tinyusb/src/tusb.c.obj
                0x0000000010006ae8                tusb_inited
 .text.tu_edpt_validate
                0x0000000010006af0       0x78 CMakeFiles/kitchen_sink_extra_stdio.dir/__/__/lib/tinyusb/src/tusb.c.obj
                0x0000000010006af0                tu_edpt_validate
 .text.tu_edpt_bind_driver
                0x0000000010006b68       0x2c CMakeFiles/kitchen_sink_extra_stdio.dir/__/__/lib/tinyusb/src/tusb.c.obj
                0x0000000010006b68                tu_edpt_bind_driver
 .text.tu_fifo_config
                0x0000000010006b94       0x78 CMakeFiles/kitchen_sink_extra_stdio.dir/__/__/lib/tinyusb/src/common/tusb_fifo.c.obj
                0x0000000010006b94                tu_fifo_config
 .text.tu_fifo_count
                0x0000000010006c0c       0x20 CMakeFiles/kitchen_sink_extra_stdio.dir/__/__/lib/tinyusb/src/common/tusb_fifo.c.obj
                0x0000000010006c0c                tu_fifo_count
 .text.tu_fifo_empty
                0x0000000010006c2c       0x10 CMakeFiles/kitchen_sink_extra_stdio.dir/__/__/lib/tinyusb/src/common/tusb_fifo.c.obj
                0x0000000010006c2c                tu_fifo_empty
 .text.tu_fifo_remaining
                0x0000000010006c3c       0x1c CMakeFiles/kitchen_sink_extra_stdio.dir/__/__/lib/tinyusb/src/common/tusb_fifo.c.obj
                0x0000000010006c3c                tu_fifo_remaining
 .text.tu_fifo_read
                0x0000000010006c58       0x9c CMakeFiles/kitchen_sink_extra_stdio.dir/__/__/lib/tinyusb/src/common/tusb_fifo.c.obj
                0x0000000010006c58                tu_fifo_read
 .text.tu_fifo_read_n
                0x0000000010006cf4      0x100 CMakeFiles/kitchen_sink_extra_stdio.dir/__/__/lib/tinyusb/src/common/tusb_fifo.c.obj
                0x0000000010006cf4                tu_fifo_read_n
 .text.tu_fifo_write
                0x0000000010006df4       0x7c CMakeFiles/kitchen_sink_extra_stdio.dir/__/__/lib/tinyusb/src/common/tusb_fifo.c.obj
                0x0000000010006df4                tu_fifo_write
 .text.tu_fifo_write_n
                0x0000000010006e70      0x100 CMakeFiles/kitchen_sink_extra_stdio.dir/__/__/lib/tinyusb/src/common/tusb_fifo.c.obj
                0x0000000010006e70                tu_fifo_write_n
 .text.tu_fifo_clear
                0x0000000010006f70       0x4c CMakeFiles/kitchen_sink_extra_stdio.dir/__/__/lib/tinyusb/src/common/tusb_fifo.c.obj
                0x0000000010006f70                tu_fifo_clear
 .text.tu_fifo_set_overwritable
                0x0000000010006fbc       0x3c CMakeFiles/kitchen_sink_extra_stdio.dir/__/__/lib/tinyusb/src/common/tusb_fifo.c.obj
                0x0000000010006fbc                tu_fifo_set_overwritable
 .text.startup._retrieve_unique_id_on_boot
                0x0000000010006ff8       0x10 CMakeFiles/kitchen_sink_extra_stdio.dir/__/__/src/rp2_common/pico_unique_id/unique_id.c.obj
 .text.pico_get_unique_board_id_string
                0x0000000010007008      0x1a8 CMakeFiles/kitchen_sink_extra_stdio.dir/__/__/src/rp2_common/pico_unique_id/unique_id.c.obj
                0x0000000010007008                pico_get_unique_board_id_string
 .text.semihosting_putc
                0x00000000100071b0        0x8 CMakeFiles/kitchen_sink_extra_stdio.dir/__/__/src/rp2_common/pico_stdio_semihosting/stdio_semihosting.c.obj
 .text.stdio_semihosting_out_chars
                0x00000000100071b8       0x18 CMakeFiles/kitchen_sink_extra_stdio.dir/__/__/src/rp2_common/pico_stdio_semihosting/stdio_semihosting.c.obj
 .text.stdio_semihosting_init
                0x00000000100071d0       0x18 CMakeFiles/kitchen_sink_extra_stdio.dir/__/__/src/rp2_common/pico_stdio_semihosting/stdio_semihosting.c.obj
                0x00000000100071d0                stdio_semihosting_init
 .text.strlen   0x00000000100071e8       0x5c /usr/local/Cellar/arm-none-eabi-gcc/10.3-2021.07/gcc/bin/../lib/gcc/arm-none-eabi/10.3.1/../../../../arm-none-eabi/lib/thumb/v6-m/nofp/libc.a(lib_a-strlen-stub.o)
                0x00000000100071e8                strlen
 *(.fini)
 .fini          0x0000000010007244        0x4 /usr/local/Cellar/arm-none-eabi-gcc/10.3-2021.07/gcc/bin/../lib/gcc/arm-none-eabi/10.3.1/thumb/v6-m/nofp/crti.o
                0x0000000010007244                _fini
 .fini.__stub   0x0000000010007248       0x80 linker stubs
 *crtbegin.o(.ctors)
 *crtbegin?.o(.ctors)
 *(EXCLUDE_FILE(*crtend.o *crtend?.o) .ctors)
 *(SORT_BY_NAME(.ctors.*))
 *(.ctors)
 *crtbegin.o(.dtors)
 *crtbegin?.o(.dtors)
 *(EXCLUDE_FILE(*crtend.o *crtend?.o) .dtors)
 *(SORT_BY_NAME(.dtors.*))
 *(.dtors)
 *(.eh_frame*)
 .eh_frame      0x00000000100072c8        0x0 /usr/local/Cellar/arm-none-eabi-gcc/10.3-2021.07/gcc/bin/../lib/gcc/arm-none-eabi/10.3.1/thumb/v6-m/nofp/crtbegin.o
                0x00000000100072c8                . = ALIGN (0x4)

.glue_7         0x00000000100072c8        0x0
 .glue_7        0x00000000100072c8        0x0 linker stubs

.glue_7t        0x00000000100072c8        0x0
 .glue_7t       0x00000000100072c8        0x0 linker stubs

.vfp11_veneer   0x00000000100072c8        0x0
 .vfp11_veneer  0x00000000100072c8        0x0 linker stubs

.v4_bx          0x00000000100072c8        0x0
 .v4_bx         0x00000000100072c8        0x0 linker stubs

.iplt           0x00000000100072c8        0x0
 .iplt          0x00000000100072c8        0x0 /usr/local/Cellar/arm-none-eabi-gcc/10.3-2021.07/gcc/bin/../lib/gcc/arm-none-eabi/10.3.1/thumb/v6-m/nofp/crtbegin.o

.rodata         0x00000000100072c8      0x5f8
 *(EXCLUDE_FILE(*libm.a: *libc.a:*lib_a-mem*.o *libgcc.a:) .rodata*)
 .rodata.main.str1.4
                0x00000000100072c8       0x2f CMakeFiles/kitchen_sink_extra_stdio.dir/kitchen_sink.c.obj
 *fill*         0x00000000100072f7        0x1 
 .rodata.str1.4
                0x00000000100072f8        0x4 CMakeFiles/kitchen_sink_extra_stdio.dir/kitchen_sink.c.obj
 .rodata.__bi_86
                0x00000000100072fc       0x16 CMakeFiles/kitchen_sink_extra_stdio.dir/kitchen_sink.c.obj
 *fill*         0x0000000010007312        0x2 
 .rodata.spin_lock_claim_unused.str1.4
                0x0000000010007314       0x1b CMakeFiles/kitchen_sink_extra_stdio.dir/__/__/src/rp2_common/hardware_sync/sync.c.obj
 *fill*         0x000000001000732f        0x1 
 .rodata.user_irq_claim_unused.str1.4
                0x0000000010007330       0x1b CMakeFiles/kitchen_sink_extra_stdio.dir/__/__/src/rp2_common/hardware_irq/irq.c.obj
 *fill*         0x000000001000734b        0x1 
 .rodata.hardware_alarm_claim.str1.4
                0x000000001000734c       0x22 CMakeFiles/kitchen_sink_extra_stdio.dir/__/__/src/rp2_common/hardware_timer/timer.c.obj
 *fill*         0x000000001000736e        0x2 
 .rodata.str1.4
                0x0000000010007370       0x18 CMakeFiles/kitchen_sink_extra_stdio.dir/__/__/src/rp2_common/pico_bootsel_via_double_reset/pico_bootsel_via_double_reset.c.obj
 .rodata.__bi_35
                0x0000000010007388        0xc CMakeFiles/kitchen_sink_extra_stdio.dir/__/__/src/rp2_common/pico_bootsel_via_double_reset/pico_bootsel_via_double_reset.c.obj
 .rodata.panic.str1.4
                0x0000000010007394       0x12 CMakeFiles/kitchen_sink_extra_stdio.dir/__/__/src/rp2_common/pico_runtime/runtime.c.obj
 *fill*         0x00000000100073a6        0x2 
 .rodata.hard_assertion_failure.str1.4
                0x00000000100073a8        0xc CMakeFiles/kitchen_sink_extra_stdio.dir/__/__/src/rp2_common/pico_runtime/runtime.c.obj
 .rodata._ftoa.str1.4
                0x00000000100073b4       0x15 CMakeFiles/kitchen_sink_extra_stdio.dir/__/__/src/rp2_common/pico_printf/printf.c.obj
 *fill*         0x00000000100073c9        0x3 
 .rodata._vsnprintf
                0x00000000100073cc      0x1e0 CMakeFiles/kitchen_sink_extra_stdio.dir/__/__/src/rp2_common/pico_printf/printf.c.obj
 *fill*         0x00000000100075ac        0x4 
 .rodata.pow10.0
                0x00000000100075b0       0x50 CMakeFiles/kitchen_sink_extra_stdio.dir/__/__/src/rp2_common/pico_printf/printf.c.obj
 .rodata.str1.4
                0x0000000010007600       0x50 CMakeFiles/kitchen_sink_extra_stdio.dir/__/__/src/rp2_common/pico_standard_link/binary_info.c.obj
 .rodata.__bi_44
                0x0000000010007650        0xc CMakeFiles/kitchen_sink_extra_stdio.dir/__/__/src/rp2_common/pico_standard_link/binary_info.c.obj
 .rodata.__bi_75
                0x000000001000765c        0xc CMakeFiles/kitchen_sink_extra_stdio.dir/__/__/src/rp2_common/pico_standard_link/binary_info.c.obj
 .rodata.__bi_81
                0x0000000010007668        0xc CMakeFiles/kitchen_sink_extra_stdio.dir/__/__/src/rp2_common/pico_standard_link/binary_info.c.obj
 .rodata.crlf_str.0
                0x0000000010007674        0x2 CMakeFiles/kitchen_sink_extra_stdio.dir/__/__/src/rp2_common/pico_stdio/stdio.c.obj
 *fill*         0x0000000010007676        0x2 
 .rodata.str1.4
                0x0000000010007678       0x2c CMakeFiles/kitchen_sink_extra_stdio.dir/__/__/src/rp2_common/pico_stdio_uart/stdio_uart.c.obj
 .rodata.__bi_28.4
                0x00000000100076a4        0xc CMakeFiles/kitchen_sink_extra_stdio.dir/__/__/src/rp2_common/pico_stdio_uart/stdio_uart.c.obj
 .rodata.__bi_29.5
                0x00000000100076b0        0x8 CMakeFiles/kitchen_sink_extra_stdio.dir/__/__/src/rp2_common/pico_stdio_uart/stdio_uart.c.obj
 .rodata._resetd_driver
                0x00000000100076b8       0x18 CMakeFiles/kitchen_sink_extra_stdio.dir/__/__/src/rp2_common/pico_stdio_usb/reset_interface.c.obj
 .rodata.str1.4
                0x00000000100076d0       0x13 CMakeFiles/kitchen_sink_extra_stdio.dir/__/__/src/rp2_common/pico_stdio_usb/stdio_usb.c.obj
 *fill*         0x00000000100076e3        0x1 
 .rodata.__bi_118.0
                0x00000000100076e4        0xc CMakeFiles/kitchen_sink_extra_stdio.dir/__/__/src/rp2_common/pico_stdio_usb/stdio_usb.c.obj
 .rodata.str1.4
                0x00000000100076f0       0x2a CMakeFiles/kitchen_sink_extra_stdio.dir/__/__/src/rp2_common/pico_stdio_usb/stdio_usb_descriptors.c.obj
 *fill*         0x000000001000771a        0x2 
 .rodata.usbd_desc_cfg
                0x000000001000771c       0x54 CMakeFiles/kitchen_sink_extra_stdio.dir/__/__/src/rp2_common/pico_stdio_usb/stdio_usb_descriptors.c.obj
 .rodata.usbd_desc_device
                0x0000000010007770       0x12 CMakeFiles/kitchen_sink_extra_stdio.dir/__/__/src/rp2_common/pico_stdio_usb/stdio_usb_descriptors.c.obj
 *fill*         0x0000000010007782        0x2 
 .rodata.usbd_desc_str
                0x0000000010007784       0x18 CMakeFiles/kitchen_sink_extra_stdio.dir/__/__/src/rp2_common/pico_stdio_usb/stdio_usb_descriptors.c.obj
 .rodata.dcd_rp2040_irq.str1.4
                0x000000001000779c       0x14 CMakeFiles/kitchen_sink_extra_stdio.dir/__/__/lib/tinyusb/src/portable/raspberrypi/rp2040/dcd_rp2040.c.obj
 .rodata._hw_endpoint_buffer_control_update32.part.0.isra.0.str1.4
                0x00000000100077b0       0x1f CMakeFiles/kitchen_sink_extra_stdio.dir/__/__/lib/tinyusb/src/portable/raspberrypi/rp2040/rp2040_usb.c.obj
 *fill*         0x00000000100077cf        0x1 
 .rodata.hw_endpoint_xfer_continue.str1.4
                0x00000000100077d0       0x29 CMakeFiles/kitchen_sink_extra_stdio.dir/__/__/lib/tinyusb/src/portable/raspberrypi/rp2040/rp2040_usb.c.obj
 .rodata.str1.4
                0x00000000100077f9       0x29 CMakeFiles/kitchen_sink_extra_stdio.dir/__/__/lib/tinyusb/src/portable/raspberrypi/rp2040/rp2040_usb.c.obj
                                          0x7 (size before relaxing)
 *fill*         0x00000000100077f9        0x3 
 .rodata.tud_task
                0x00000000100077fc       0x8c CMakeFiles/kitchen_sink_extra_stdio.dir/__/__/lib/tinyusb/src/device/usbd.c.obj
 .rodata._usbd_driver
                0x0000000010007888       0x18 CMakeFiles/kitchen_sink_extra_stdio.dir/__/__/lib/tinyusb/src/device/usbd.c.obj
 .rodata.str1.4
                0x00000000100078a0       0x13 CMakeFiles/kitchen_sink_extra_stdio.dir/__/__/src/rp2_common/pico_stdio_semihosting/stdio_semihosting.c.obj
 *fill*         0x00000000100078b3        0x1 
 .rodata.__bi_47.0
                0x00000000100078b4        0xc CMakeFiles/kitchen_sink_extra_stdio.dir/__/__/src/rp2_common/pico_stdio_semihosting/stdio_semihosting.c.obj
                0x00000000100078c0                . = ALIGN (0x4)
 *(SORT_BY_ALIGNMENT(SORT_BY_NAME(.flashdata*)))
                0x00000000100078c0                . = ALIGN (0x4)

.rel.dyn        0x00000000100078c0        0x0
 .rel.iplt      0x00000000100078c0        0x0 /usr/local/Cellar/arm-none-eabi-gcc/10.3-2021.07/gcc/bin/../lib/gcc/arm-none-eabi/10.3.1/thumb/v6-m/nofp/crtbegin.o

.ARM.extab
 *(.ARM.extab* .gnu.linkonce.armextab.*)
                0x00000000100078c0                __exidx_start = .

.ARM.exidx
 *(.ARM.exidx* .gnu.linkonce.armexidx.*)
                0x00000000100078c0                __exidx_end = .
                0x00000000100078c0                . = ALIGN (0x4)
                0x00000000100078c0                __binary_info_start = .

.binary_info    0x00000000100078c0       0x34
 *(.binary_info.keep.*)
 .binary_info.keep.__bi_ptr86
                0x00000000100078c0        0x4 CMakeFiles/kitchen_sink_extra_stdio.dir/kitchen_sink.c.obj
 .binary_info.keep.__bi_ptr35
                0x00000000100078c4        0x4 CMakeFiles/kitchen_sink_extra_stdio.dir/__/__/src/rp2_common/pico_bootsel_via_double_reset/pico_bootsel_via_double_reset.c.obj
 .binary_info.keep.__bi_ptr22
                0x00000000100078c8        0x4 CMakeFiles/kitchen_sink_extra_stdio.dir/__/__/src/rp2_common/pico_standard_link/binary_info.c.obj
 .binary_info.keep.__bi_ptr30
                0x00000000100078cc        0x4 CMakeFiles/kitchen_sink_extra_stdio.dir/__/__/src/rp2_common/pico_standard_link/binary_info.c.obj
 .binary_info.keep.__bi_ptr38
                0x00000000100078d0        0x4 CMakeFiles/kitchen_sink_extra_stdio.dir/__/__/src/rp2_common/pico_standard_link/binary_info.c.obj
 .binary_info.keep.__bi_ptr44
                0x00000000100078d4        0x4 CMakeFiles/kitchen_sink_extra_stdio.dir/__/__/src/rp2_common/pico_standard_link/binary_info.c.obj
 .binary_info.keep.__bi_ptr50
                0x00000000100078d8        0x4 CMakeFiles/kitchen_sink_extra_stdio.dir/__/__/src/rp2_common/pico_standard_link/binary_info.c.obj
 .binary_info.keep.__bi_ptr75
                0x00000000100078dc        0x4 CMakeFiles/kitchen_sink_extra_stdio.dir/__/__/src/rp2_common/pico_standard_link/binary_info.c.obj
 .binary_info.keep.__bi_ptr81
                0x00000000100078e0        0x4 CMakeFiles/kitchen_sink_extra_stdio.dir/__/__/src/rp2_common/pico_standard_link/binary_info.c.obj
 *(.binary_info.*)
 .binary_info.__bi_ptr28
                0x00000000100078e4        0x4 CMakeFiles/kitchen_sink_extra_stdio.dir/__/__/src/rp2_common/pico_stdio_uart/stdio_uart.c.obj
 .binary_info.__bi_ptr29
                0x00000000100078e8        0x4 CMakeFiles/kitchen_sink_extra_stdio.dir/__/__/src/rp2_common/pico_stdio_uart/stdio_uart.c.obj
 .binary_info.__bi_ptr118
                0x00000000100078ec        0x4 CMakeFiles/kitchen_sink_extra_stdio.dir/__/__/src/rp2_common/pico_stdio_usb/stdio_usb.c.obj
 .binary_info.__bi_ptr47
                0x00000000100078f0        0x4 CMakeFiles/kitchen_sink_extra_stdio.dir/__/__/src/rp2_common/pico_stdio_semihosting/stdio_semihosting.c.obj
                0x00000000100078f4                __binary_info_end = .
                0x00000000100078f4                . = ALIGN (0x4)
                0x00000000100078f4                __etext = .

.ram_vector_table
                0x0000000020000000       0xc0
 *(.ram_vector_table)
 .ram_vector_table
                0x0000000020000000       0xc0 CMakeFiles/kitchen_sink_extra_stdio.dir/__/__/src/rp2_common/pico_runtime/runtime.c.obj
                0x0000000020000000                ram_vector_table

.data           0x00000000200000c0      0x454 load address 0x00000000100078f4
                0x00000000200000c0                __data_start__ = .
 *(vtable)
 *(.time_critical*)
 .time_critical.mutex_enter_blocking
                0x00000000200000c0       0x48 CMakeFiles/kitchen_sink_extra_stdio.dir/__/__/src/common/pico_sync/mutex.c.obj
                0x00000000200000c0                mutex_enter_blocking
 .time_critical.mutex_try_enter
                0x0000000020000108       0x44 CMakeFiles/kitchen_sink_extra_stdio.dir/__/__/src/common/pico_sync/mutex.c.obj
                0x0000000020000108                mutex_try_enter
 .time_critical.recursive_mutex_try_enter
                0x000000002000014c       0x54 CMakeFiles/kitchen_sink_extra_stdio.dir/__/__/src/common/pico_sync/mutex.c.obj
                0x000000002000014c                recursive_mutex_try_enter
 .time_critical.mutex_enter_timeout_ms
                0x00000000200001a0       0xa0 CMakeFiles/kitchen_sink_extra_stdio.dir/__/__/src/common/pico_sync/mutex.c.obj
                0x00000000200001a0                mutex_enter_timeout_ms
 .time_critical.mutex_exit
                0x0000000020000240       0x28 CMakeFiles/kitchen_sink_extra_stdio.dir/__/__/src/common/pico_sync/mutex.c.obj
                0x0000000020000240                mutex_exit
 .time_critical.flash_init_boot2_copyout
                0x0000000020000268       0x30 CMakeFiles/kitchen_sink_extra_stdio.dir/__/__/src/rp2_common/hardware_flash/flash.c.obj
 .time_critical.flash_enable_xip_via_boot2
                0x0000000020000298       0x10 CMakeFiles/kitchen_sink_extra_stdio.dir/__/__/src/rp2_common/hardware_flash/flash.c.obj
 .time_critical.flash_cs_force
                0x00000000200002a8       0x38 CMakeFiles/kitchen_sink_extra_stdio.dir/__/__/src/rp2_common/hardware_flash/flash.c.obj
 .time_critical.flash_do_cmd
                0x00000000200002e0       0xc4 CMakeFiles/kitchen_sink_extra_stdio.dir/__/__/src/rp2_common/hardware_flash/flash.c.obj
                0x00000000200002e0                flash_do_cmd
 *(.text*)
 .text          0x00000000200003a4        0x4 /usr/local/Cellar/arm-none-eabi-gcc/10.3-2021.07/gcc/bin/../lib/gcc/arm-none-eabi/10.3.1/thumb/v6-m/nofp/libgcc.a(_dvmd_tls.o)
                0x00000000200003a4                __aeabi_ldiv0
                0x00000000200003a4                __aeabi_idiv0
 .text.__stub   0x00000000200003a8       0x30 linker stubs
                0x00000000200003d8                . = ALIGN (0x4)
 *(.rodata*)
                0x00000000200003d8                . = ALIGN (0x4)
 *(.data*)
 .data.foo      0x00000000200003d8        0x4 CMakeFiles/kitchen_sink_extra_stdio.dir/kitchen_sink.c.obj
                0x00000000200003d8                foo
 .data.striped_spin_lock_num
                0x00000000200003dc        0x1 CMakeFiles/kitchen_sink_extra_stdio.dir/__/__/src/rp2_common/hardware_sync/sync.c.obj
 *fill*         0x00000000200003dd        0x3 
 .data          0x00000000200003e0       0x48 CMakeFiles/kitchen_sink_extra_stdio.dir/__/__/src/rp2_common/hardware_irq/irq_handler_chain.S.obj
                0x00000000200003e0                irq_handler_chain_slots
                0x0000000020000410                irq_handler_chain_first_slot
                0x000000002000041a                irq_handler_chain_remove_tail
 .data.default_alarm_pool
                0x0000000020000428       0x18 CMakeFiles/kitchen_sink_extra_stdio.dir/__/__/src/common/pico_time/time.c.obj
 .data.default_alarm_pool_heap
                0x0000000020000440       0x10 CMakeFiles/kitchen_sink_extra_stdio.dir/__/__/src/common/pico_time/time.c.obj
 .data.aeabi_bits_funcs
                0x0000000020000450       0x10 CMakeFiles/kitchen_sink_extra_stdio.dir/__/__/src/rp2_common/pico_bit_ops/bit_ops_aeabi.S.obj
                0x0000000020000450                aeabi_bits_funcs
                0x0000000020000460                aeabi_bits_funcs_end
 .data.aeabi_mem_funcs
                0x0000000020000460       0x10 CMakeFiles/kitchen_sink_extra_stdio.dir/__/__/src/rp2_common/pico_mem_ops/mem_ops_aeabi.S.obj
                0x0000000020000460                aeabi_mem_funcs
                0x0000000020000470                aeabi_mem_funcs_end
 .data.stdio_uart
                0x0000000020000470       0x14 CMakeFiles/kitchen_sink_extra_stdio.dir/__/__/src/rp2_common/pico_stdio_uart/stdio_uart.c.obj
                0x0000000020000470                stdio_uart
 .data.stdio_usb
                0x0000000020000484       0x14 CMakeFiles/kitchen_sink_extra_stdio.dir/__/__/src/rp2_common/pico_stdio_usb/stdio_usb.c.obj
                0x0000000020000484                stdio_usb
 .data.ep_dir_string
                0x0000000020000498        0x8 CMakeFiles/kitchen_sink_extra_stdio.dir/__/__/lib/tinyusb/src/portable/raspberrypi/rp2040/rp2040_usb.c.obj
                0x0000000020000498                ep_dir_string
 .data._usbd_qdef
                0x00000000200004a0       0x24 CMakeFiles/kitchen_sink_extra_stdio.dir/__/__/lib/tinyusb/src/device/usbd.c.obj
                0x00000000200004a0                _usbd_qdef
 .data.stdio_semihosting
                0x00000000200004c4       0x14 CMakeFiles/kitchen_sink_extra_stdio.dir/__/__/src/rp2_common/pico_stdio_semihosting/stdio_semihosting.c.obj
                0x00000000200004c4                stdio_semihosting
                0x00000000200004d8                . = ALIGN (0x4)
 *(.after_data.*)
                0x00000000200004d8                . = ALIGN (0x4)
                0x00000000200004d8                PROVIDE (__mutex_array_start = .)
 *(SORT_BY_NAME(.mutex_array.*))
 *(.mutex_array)
 .mutex_array   0x00000000200004d8       0x10 CMakeFiles/kitchen_sink_extra_stdio.dir/kitchen_sink.c.obj
 .mutex_array   0x00000000200004e8        0x8 CMakeFiles/kitchen_sink_extra_stdio.dir/__/__/src/rp2_common/pico_malloc/pico_malloc.c.obj
 .mutex_array   0x00000000200004f0        0x8 CMakeFiles/kitchen_sink_extra_stdio.dir/__/__/src/rp2_common/pico_stdio/stdio.c.obj
                0x00000000200004f8                PROVIDE (__mutex_array_end = .)
                0x00000000200004f8                . = ALIGN (0x4)
                0x00000000200004f8                PROVIDE (__preinit_array_start = .)
 *(SORT_BY_NAME(.preinit_array.*))
 .preinit_array.00001
                0x00000000200004f8        0x4 CMakeFiles/kitchen_sink_extra_stdio.dir/__/__/src/rp2_common/pico_mem_ops/mem_ops_aeabi.S.obj
 .preinit_array.00010
                0x00000000200004fc        0x4 CMakeFiles/kitchen_sink_extra_stdio.dir/__/__/src/rp2_common/pico_bit_ops/bit_ops_aeabi.S.obj
 .preinit_array.00020
                0x0000000020000500        0x4 CMakeFiles/kitchen_sink_extra_stdio.dir/__/__/src/rp2_common/pico_double/double_aeabi.S.obj
 .preinit_array.00020
                0x0000000020000504        0x4 CMakeFiles/kitchen_sink_extra_stdio.dir/__/__/src/rp2_common/pico_float/float_aeabi.S.obj
 *(.preinit_array)
                0x0000000020000508                PROVIDE (__preinit_array_end = .)
                0x0000000020000508                . = ALIGN (0x4)
                0x0000000020000508                PROVIDE (__init_array_start = .)
 *(SORT_BY_NAME(.init_array.*))
 *(.init_array)
 .init_array    0x0000000020000508        0x4 /usr/local/Cellar/arm-none-eabi-gcc/10.3-2021.07/gcc/bin/../lib/gcc/arm-none-eabi/10.3.1/thumb/v6-m/nofp/crtbegin.o
 .init_array    0x000000002000050c        0x4 CMakeFiles/kitchen_sink_extra_stdio.dir/__/__/src/rp2_common/pico_bootsel_via_double_reset/pico_bootsel_via_double_reset.c.obj
 .init_array    0x0000000020000510        0x4 CMakeFiles/kitchen_sink_extra_stdio.dir/__/__/src/rp2_common/pico_unique_id/unique_id.c.obj
                0x0000000020000514                PROVIDE (__init_array_end = .)
                0x0000000020000514                . = ALIGN (0x4)
                [!provide]                        PROVIDE (__fini_array_start = .)
 *(SORT_BY_NAME(.fini_array.*))
 *(.fini_array)
                [!provide]                        PROVIDE (__fini_array_end = .)
 *(.jcr)
                0x0000000020000514                . = ALIGN (0x4)
                0x0000000020000514                __data_end__ = .

.igot.plt       0x0000000020000514        0x0 load address 0x0000000010007d48
 .igot.plt      0x0000000020000514        0x0 /usr/local/Cellar/arm-none-eabi-gcc/10.3-2021.07/gcc/bin/../lib/gcc/arm-none-eabi/10.3.1/thumb/v6-m/nofp/crtbegin.o

.uninitialized_ram.magic_location
                0x0000000020000514        0xc load address 0x0000000010007d48
 .uninitialized_ram.magic_location
                0x0000000020000514        0xc CMakeFiles/kitchen_sink_extra_stdio.dir/__/__/src/rp2_common/pico_bootsel_via_double_reset/pico_bootsel_via_double_reset.c.obj

.uninitialized_data
                0x0000000020000520        0x0 load address 0x0000000010007d54
                0x0000000020000520                . = ALIGN (0x4)
 *(.uninitialized_data*)

.scratch_x      0x0000000020040000        0x0 load address 0x0000000010007d54
                0x0000000020040000                __scratch_x_start__ = .
 *(.scratch_x.*)
                0x0000000020040000                . = ALIGN (0x4)
                0x0000000020040000                __scratch_x_end__ = .
                0x0000000010007d54                __scratch_x_source__ = LOADADDR (.scratch_x)

.scratch_y      0x0000000020041000        0x0 load address 0x0000000010007d54
                0x0000000020041000                __scratch_y_start__ = .
 *(.scratch_y.*)
                0x0000000020041000                . = ALIGN (0x4)
                0x0000000020041000                __scratch_y_end__ = .
                0x0000000010007d54                __scratch_y_source__ = LOADADDR (.scratch_y)

.bss            0x0000000020000520      0xd90
                0x0000000020000520                . = ALIGN (0x4)
                0x0000000020000520                __bss_start__ = .
 *(SORT_BY_ALIGNMENT(SORT_BY_NAME(.bss*)))
 .bss.default_alarm_pool_entries
                0x0000000020000520      0x100 CMakeFiles/kitchen_sink_extra_stdio.dir/__/__/src/common/pico_time/time.c.obj
 .bss.last_avail_time.1
                0x0000000020000620        0x8 CMakeFiles/kitchen_sink_extra_stdio.dir/__/__/src/rp2_common/pico_stdio_usb/stdio_usb.c.obj
 .bss.sd_table  0x0000000020000628      0x100 CMakeFiles/kitchen_sink_extra_stdio.dir/__/__/src/rp2_common/pico_double/double_init_rom.c.obj
                0x0000000020000628                sd_table
 .bss.sf_table  0x0000000020000728      0x100 CMakeFiles/kitchen_sink_extra_stdio.dir/__/__/src/rp2_common/pico_float/float_init_rom.c.obj
                0x0000000020000728                sf_table
 .bss           0x0000000020000828       0x1c /usr/local/Cellar/arm-none-eabi-gcc/10.3-2021.07/gcc/bin/../lib/gcc/arm-none-eabi/10.3.1/thumb/v6-m/nofp/crtbegin.o
 .bss._app_driver
                0x0000000020000844        0x4 CMakeFiles/kitchen_sink_extra_stdio.dir/__/__/lib/tinyusb/src/device/usbd.c.obj
 .bss._cdcd_itf
                0x0000000020000848      0x2d8 CMakeFiles/kitchen_sink_extra_stdio.dir/__/__/lib/tinyusb/src/class/cdc/cdc_device.c.obj
 .bss._ctrl_xfer
                0x0000000020000b20       0x14 CMakeFiles/kitchen_sink_extra_stdio.dir/__/__/lib/tinyusb/src/device/usbd_control.c.obj
 .bss._ubsd_mutexdef
                0x0000000020000b34        0x8 CMakeFiles/kitchen_sink_extra_stdio.dir/__/__/lib/tinyusb/src/device/usbd.c.obj
 .bss._usbd_ctrl_buf
                0x0000000020000b3c       0x40 CMakeFiles/kitchen_sink_extra_stdio.dir/__/__/lib/tinyusb/src/device/usbd_control.c.obj
 .bss._usbd_dev
                0x0000000020000b7c       0x53 CMakeFiles/kitchen_sink_extra_stdio.dir/__/__/lib/tinyusb/src/device/usbd.c.obj
 *fill*         0x0000000020000bcf        0x1 
 .bss._usbd_mutex
                0x0000000020000bd0        0x4 CMakeFiles/kitchen_sink_extra_stdio.dir/__/__/lib/tinyusb/src/device/usbd.c.obj
 .bss._usbd_q   0x0000000020000bd4        0x4 CMakeFiles/kitchen_sink_extra_stdio.dir/__/__/lib/tinyusb/src/device/usbd.c.obj
 .bss._usbd_qdef_buf
                0x0000000020000bd8       0xc0 CMakeFiles/kitchen_sink_extra_stdio.dir/__/__/lib/tinyusb/src/device/usbd.c.obj
                0x0000000020000bd8                _usbd_qdef_buf
 .bss.alarm_callbacks
                0x0000000020000c98       0x10 CMakeFiles/kitchen_sink_extra_stdio.dir/__/__/src/rp2_common/hardware_timer/timer.c.obj
 .bss.boot2_copyout
                0x0000000020000ca8      0x100 CMakeFiles/kitchen_sink_extra_stdio.dir/__/__/src/rp2_common/hardware_flash/flash.c.obj
 .bss.claimed   0x0000000020000da8        0x4 CMakeFiles/kitchen_sink_extra_stdio.dir/__/__/src/rp2_common/hardware_sync/sync.c.obj
 .bss.configured_freq
                0x0000000020000dac       0x28 CMakeFiles/kitchen_sink_extra_stdio.dir/__/__/src/rp2_common/hardware_clocks/clocks.c.obj
 .bss.default_alarm_pool_entry_ids_high
                0x0000000020000dd4       0x10 CMakeFiles/kitchen_sink_extra_stdio.dir/__/__/src/common/pico_time/time.c.obj
 .bss.default_alarm_pool_heap_nodes
                0x0000000020000de4       0x30 CMakeFiles/kitchen_sink_extra_stdio.dir/__/__/src/common/pico_time/time.c.obj
 .bss.desc_str.0
                0x0000000020000e14       0x28 CMakeFiles/kitchen_sink_extra_stdio.dir/__/__/src/rp2_common/pico_stdio_usb/stdio_usb_descriptors.c.obj
 .bss.drivers   0x0000000020000e3c        0x4 CMakeFiles/kitchen_sink_extra_stdio.dir/__/__/src/rp2_common/pico_stdio/stdio.c.obj
 .bss.filter    0x0000000020000e40        0x4 CMakeFiles/kitchen_sink_extra_stdio.dir/__/__/src/rp2_common/pico_stdio/stdio.c.obj
 .bss.hw_endpoints
                0x0000000020000e44      0x400 CMakeFiles/kitchen_sink_extra_stdio.dir/__/__/lib/tinyusb/src/portable/raspberrypi/rp2040/dcd_rp2040.c.obj
 .bss.lazy_vsnprintf
                0x0000000020001244        0x4 CMakeFiles/kitchen_sink_extra_stdio.dir/__/__/src/rp2_common/pico_printf/printf.c.obj
 .bss.load_value
                0x0000000020001248        0x4 CMakeFiles/kitchen_sink_extra_stdio.dir/__/__/src/rp2_common/hardware_watchdog/watchdog.c.obj
 .bss.next_buffer_ptr
                0x000000002000124c        0x4 CMakeFiles/kitchen_sink_extra_stdio.dir/__/__/lib/tinyusb/src/portable/raspberrypi/rp2040/dcd_rp2040.c.obj
 .bss.pools     0x0000000020001250       0x10 CMakeFiles/kitchen_sink_extra_stdio.dir/__/__/src/common/pico_time/time.c.obj
 .bss.retrieved_id
                0x0000000020001260        0x8 CMakeFiles/kitchen_sink_extra_stdio.dir/__/__/src/rp2_common/pico_unique_id/unique_id.c.obj
 .bss.sf_clz_func
                0x0000000020001268        0x4 CMakeFiles/kitchen_sink_extra_stdio.dir/__/__/src/rp2_common/pico_double/double_init_rom.c.obj
                0x0000000020001268                sf_clz_func
 .bss.sleep_notifier
                0x000000002000126c        0x4 CMakeFiles/kitchen_sink_extra_stdio.dir/__/__/src/common/pico_time/time.c.obj
 .bss.stdio_usb_mutex
                0x0000000020001270        0x8 CMakeFiles/kitchen_sink_extra_stdio.dir/__/__/src/rp2_common/pico_stdio_usb/stdio_usb.c.obj
 .bss.target_hi
                0x0000000020001278       0x10 CMakeFiles/kitchen_sink_extra_stdio.dir/__/__/src/rp2_common/hardware_timer/timer.c.obj
 .bss.uart_char_to_line_feed
                0x0000000020001288        0x4 CMakeFiles/kitchen_sink_extra_stdio.dir/__/__/src/rp2_common/hardware_uart/uart.c.obj
                0x0000000020001288                uart_char_to_line_feed
 .bss.uart_instance
                0x000000002000128c        0x4 CMakeFiles/kitchen_sink_extra_stdio.dir/__/__/src/rp2_common/pico_stdio_uart/stdio_uart.c.obj
 .bss.usbd_serial_str
                0x0000000020001290       0x11 CMakeFiles/kitchen_sink_extra_stdio.dir/__/__/src/rp2_common/pico_stdio_usb/stdio_usb_descriptors.c.obj
 *fill*         0x00000000200012a1        0x3 
 .bss.user_irq_claimed
                0x00000000200012a4        0x2 CMakeFiles/kitchen_sink_extra_stdio.dir/__/__/src/rp2_common/hardware_irq/irq.c.obj
 .bss._app_driver_count
                0x00000000200012a6        0x1 CMakeFiles/kitchen_sink_extra_stdio.dir/__/__/lib/tinyusb/src/device/usbd.c.obj
 .bss._usbd_initialized
                0x00000000200012a7        0x1 CMakeFiles/kitchen_sink_extra_stdio.dir/__/__/lib/tinyusb/src/device/usbd.c.obj
 .bss.boot2_copyout_valid
                0x00000000200012a8        0x1 CMakeFiles/kitchen_sink_extra_stdio.dir/__/__/src/rp2_common/hardware_flash/flash.c.obj
 .bss.claimed   0x00000000200012a9        0x1 CMakeFiles/kitchen_sink_extra_stdio.dir/__/__/src/rp2_common/hardware_timer/timer.c.obj
 .bss.irq_hander_chain_free_slot_head
                0x00000000200012aa        0x1 CMakeFiles/kitchen_sink_extra_stdio.dir/__/__/src/rp2_common/hardware_irq/irq.c.obj
 .bss.itf_num   0x00000000200012ab        0x1 CMakeFiles/kitchen_sink_extra_stdio.dir/__/__/src/rp2_common/pico_stdio_usb/reset_interface.c.obj
 .bss.low_priority_irq_num
                0x00000000200012ac        0x1 CMakeFiles/kitchen_sink_extra_stdio.dir/__/__/src/rp2_common/pico_stdio_usb/stdio_usb.c.obj
 .bss.timer_callbacks_pending
                0x00000000200012ad        0x1 CMakeFiles/kitchen_sink_extra_stdio.dir/__/__/src/rp2_common/hardware_timer/timer.c.obj
 *(COMMON)
                0x00000000200012b0                . = ALIGN (0x4)
 *fill*         0x00000000200012ae        0x2 
                0x00000000200012b0                __bss_end__ = .

.heap           0x00000000200012b0      0x800
                0x00000000200012b0                __end__ = .
                0x00000000200012b0                end = __end__
 *(.heap*)
 .heap          0x00000000200012b0      0x800 CMakeFiles/kitchen_sink_extra_stdio.dir/__/__/src/rp2_common/pico_standard_link/crt0.S.obj
                0x0000000020001ab0                __HeapLimit = .

.stack1_dummy   0x0000000020040000        0x0
 *(.stack1*)

.stack_dummy    0x0000000020041000      0x800
 *(.stack*)
 .stack         0x0000000020041000      0x800 CMakeFiles/kitchen_sink_extra_stdio.dir/__/__/src/rp2_common/pico_standard_link/crt0.S.obj

.flash_end      0x0000000010007d54        0x0
                0x0000000010007d54                __flash_binary_end = .
                0x0000000020040000                __StackLimit = (ORIGIN (RAM) + LENGTH (RAM))
                0x0000000020041000                __StackOneTop = (ORIGIN (SCRATCH_X) + LENGTH (SCRATCH_X))
                0x0000000020042000                __StackTop = (ORIGIN (SCRATCH_Y) + LENGTH (SCRATCH_Y))
                0x0000000020041000                __StackOneBottom = (__StackOneTop - SIZEOF (.stack1_dummy))
                0x0000000020041800                __StackBottom = (__StackTop - SIZEOF (.stack_dummy))
                0x0000000020042000                PROVIDE (__stack = __StackTop)
                0x0000000000000001                ASSERT ((__StackLimit >= __HeapLimit), region RAM overflowed)
                0x0000000000000001                ASSERT (((__binary_info_header_end - __logical_binary_start) <= 0x100), Binary info must be in first 256 bytes of the binary)
LOAD CMakeFiles/kitchen_sink_extra_stdio.dir/kitchen_sink.c.obj
LOAD CMakeFiles/kitchen_sink_extra_stdio.dir/__/__/src/rp2_common/hardware_adc/adc.c.obj
LOAD CMakeFiles/kitchen_sink_extra_stdio.dir/__/__/src/rp2_common/hardware_claim/claim.c.obj
LOAD CMakeFiles/kitchen_sink_extra_stdio.dir/__/__/src/rp2_common/pico_platform/platform.c.obj
LOAD CMakeFiles/kitchen_sink_extra_stdio.dir/__/__/src/rp2_common/hardware_sync/sync.c.obj
LOAD CMakeFiles/kitchen_sink_extra_stdio.dir/__/__/src/rp2_common/hardware_clocks/clocks.c.obj
LOAD CMakeFiles/kitchen_sink_extra_stdio.dir/__/__/src/rp2_common/hardware_gpio/gpio.c.obj
LOAD CMakeFiles/kitchen_sink_extra_stdio.dir/__/__/src/rp2_common/hardware_irq/irq.c.obj
LOAD CMakeFiles/kitchen_sink_extra_stdio.dir/__/__/src/rp2_common/hardware_irq/irq_handler_chain.S.obj
LOAD CMakeFiles/kitchen_sink_extra_stdio.dir/__/__/src/common/pico_sync/sem.c.obj
LOAD CMakeFiles/kitchen_sink_extra_stdio.dir/__/__/src/common/pico_sync/lock_core.c.obj
LOAD CMakeFiles/kitchen_sink_extra_stdio.dir/__/__/src/common/pico_time/time.c.obj
LOAD CMakeFiles/kitchen_sink_extra_stdio.dir/__/__/src/common/pico_time/timeout_helper.c.obj
LOAD CMakeFiles/kitchen_sink_extra_stdio.dir/__/__/src/rp2_common/hardware_timer/timer.c.obj
LOAD CMakeFiles/kitchen_sink_extra_stdio.dir/__/__/src/common/pico_util/datetime.c.obj
LOAD CMakeFiles/kitchen_sink_extra_stdio.dir/__/__/src/common/pico_util/pheap.c.obj
LOAD CMakeFiles/kitchen_sink_extra_stdio.dir/__/__/src/common/pico_util/queue.c.obj
LOAD CMakeFiles/kitchen_sink_extra_stdio.dir/__/__/src/common/pico_sync/mutex.c.obj
LOAD CMakeFiles/kitchen_sink_extra_stdio.dir/__/__/src/common/pico_sync/critical_section.c.obj
LOAD CMakeFiles/kitchen_sink_extra_stdio.dir/__/__/src/rp2_common/hardware_pll/pll.c.obj
LOAD CMakeFiles/kitchen_sink_extra_stdio.dir/__/__/src/rp2_common/hardware_vreg/vreg.c.obj
LOAD CMakeFiles/kitchen_sink_extra_stdio.dir/__/__/src/rp2_common/hardware_watchdog/watchdog.c.obj
LOAD CMakeFiles/kitchen_sink_extra_stdio.dir/__/__/src/rp2_common/hardware_xosc/xosc.c.obj
LOAD CMakeFiles/kitchen_sink_extra_stdio.dir/__/__/src/rp2_common/hardware_divider/divider.S.obj
LOAD CMakeFiles/kitchen_sink_extra_stdio.dir/__/__/src/rp2_common/hardware_exception/exception.c.obj
LOAD CMakeFiles/kitchen_sink_extra_stdio.dir/__/__/src/rp2_common/hardware_dma/dma.c.obj
LOAD CMakeFiles/kitchen_sink_extra_stdio.dir/__/__/src/rp2_common/hardware_flash/flash.c.obj
LOAD CMakeFiles/kitchen_sink_extra_stdio.dir/__/__/src/rp2_common/pico_bootrom/bootrom.c.obj
LOAD CMakeFiles/kitchen_sink_extra_stdio.dir/__/__/src/rp2_common/hardware_i2c/i2c.c.obj
LOAD CMakeFiles/kitchen_sink_extra_stdio.dir/__/__/src/rp2_common/hardware_interp/interp.c.obj
LOAD CMakeFiles/kitchen_sink_extra_stdio.dir/__/__/src/rp2_common/hardware_pio/pio.c.obj
LOAD CMakeFiles/kitchen_sink_extra_stdio.dir/__/__/src/rp2_common/hardware_rtc/rtc.c.obj
LOAD CMakeFiles/kitchen_sink_extra_stdio.dir/__/__/src/rp2_common/hardware_uart/uart.c.obj
LOAD CMakeFiles/kitchen_sink_extra_stdio.dir/__/__/src/rp2_common/hardware_spi/spi.c.obj
LOAD CMakeFiles/kitchen_sink_extra_stdio.dir/__/__/src/rp2_common/pico_bit_ops/bit_ops_aeabi.S.obj
LOAD CMakeFiles/kitchen_sink_extra_stdio.dir/__/__/src/rp2_common/pico_bootsel_via_double_reset/pico_bootsel_via_double_reset.c.obj
LOAD CMakeFiles/kitchen_sink_extra_stdio.dir/__/__/src/rp2_common/pico_divider/divider.S.obj
LOAD CMakeFiles/kitchen_sink_extra_stdio.dir/__/__/src/rp2_common/pico_double/double_aeabi.S.obj
LOAD CMakeFiles/kitchen_sink_extra_stdio.dir/__/__/src/rp2_common/pico_double/double_init_rom.c.obj
LOAD CMakeFiles/kitchen_sink_extra_stdio.dir/__/__/src/rp2_common/pico_double/double_math.c.obj
LOAD CMakeFiles/kitchen_sink_extra_stdio.dir/__/__/src/rp2_common/pico_double/double_v1_rom_shim.S.obj
LOAD CMakeFiles/kitchen_sink_extra_stdio.dir/__/__/src/rp2_common/pico_fix/rp2040_usb_device_enumeration/rp2040_usb_device_enumeration.c.obj
LOAD CMakeFiles/kitchen_sink_extra_stdio.dir/__/__/src/rp2_common/pico_float/float_aeabi.S.obj
LOAD CMakeFiles/kitchen_sink_extra_stdio.dir/__/__/src/rp2_common/pico_float/float_init_rom.c.obj
LOAD CMakeFiles/kitchen_sink_extra_stdio.dir/__/__/src/rp2_common/pico_float/float_math.c.obj
LOAD CMakeFiles/kitchen_sink_extra_stdio.dir/__/__/src/rp2_common/pico_float/float_v1_rom_shim.S.obj
LOAD CMakeFiles/kitchen_sink_extra_stdio.dir/__/__/src/rp2_common/pico_int64_ops/pico_int64_ops_aeabi.S.obj
LOAD CMakeFiles/kitchen_sink_extra_stdio.dir/__/__/src/rp2_common/pico_malloc/pico_malloc.c.obj
LOAD CMakeFiles/kitchen_sink_extra_stdio.dir/__/__/src/rp2_common/pico_mem_ops/mem_ops_aeabi.S.obj
LOAD CMakeFiles/kitchen_sink_extra_stdio.dir/__/__/src/rp2_common/pico_multicore/multicore.c.obj
LOAD CMakeFiles/kitchen_sink_extra_stdio.dir/__/__/src/rp2_common/pico_stdlib/stdlib.c.obj
LOAD CMakeFiles/kitchen_sink_extra_stdio.dir/__/__/src/rp2_common/pico_runtime/runtime.c.obj
LOAD CMakeFiles/kitchen_sink_extra_stdio.dir/__/__/src/rp2_common/pico_printf/printf.c.obj
LOAD CMakeFiles/kitchen_sink_extra_stdio.dir/__/__/src/rp2_common/pico_standard_link/crt0.S.obj
LOAD CMakeFiles/kitchen_sink_extra_stdio.dir/__/__/src/rp2_common/pico_standard_link/new_delete.cpp.obj
LOAD CMakeFiles/kitchen_sink_extra_stdio.dir/__/__/src/rp2_common/pico_standard_link/binary_info.c.obj
LOAD CMakeFiles/kitchen_sink_extra_stdio.dir/__/__/src/rp2_common/pico_stdio/stdio.c.obj
LOAD CMakeFiles/kitchen_sink_extra_stdio.dir/__/__/src/rp2_common/pico_stdio_uart/stdio_uart.c.obj
LOAD CMakeFiles/kitchen_sink_extra_stdio.dir/__/__/src/rp2_common/pico_stdio_usb/reset_interface.c.obj
LOAD CMakeFiles/kitchen_sink_extra_stdio.dir/__/__/src/rp2_common/pico_stdio_usb/stdio_usb.c.obj
LOAD CMakeFiles/kitchen_sink_extra_stdio.dir/__/__/src/rp2_common/pico_stdio_usb/stdio_usb_descriptors.c.obj
LOAD CMakeFiles/kitchen_sink_extra_stdio.dir/__/__/lib/tinyusb/src/portable/raspberrypi/rp2040/dcd_rp2040.c.obj
LOAD CMakeFiles/kitchen_sink_extra_stdio.dir/__/__/lib/tinyusb/src/portable/raspberrypi/rp2040/rp2040_usb.c.obj
LOAD CMakeFiles/kitchen_sink_extra_stdio.dir/__/__/lib/tinyusb/src/device/usbd.c.obj
LOAD CMakeFiles/kitchen_sink_extra_stdio.dir/__/__/lib/tinyusb/src/device/usbd_control.c.obj
LOAD CMakeFiles/kitchen_sink_extra_stdio.dir/__/__/lib/tinyusb/src/class/audio/audio_device.c.obj
LOAD CMakeFiles/kitchen_sink_extra_stdio.dir/__/__/lib/tinyusb/src/class/cdc/cdc_device.c.obj
LOAD CMakeFiles/kitchen_sink_extra_stdio.dir/__/__/lib/tinyusb/src/class/dfu/dfu_device.c.obj
LOAD CMakeFiles/kitchen_sink_extra_stdio.dir/__/__/lib/tinyusb/src/class/dfu/dfu_rt_device.c.obj
LOAD CMakeFiles/kitchen_sink_extra_stdio.dir/__/__/lib/tinyusb/src/class/hid/hid_device.c.obj
LOAD CMakeFiles/kitchen_sink_extra_stdio.dir/__/__/lib/tinyusb/src/class/midi/midi_device.c.obj
LOAD CMakeFiles/kitchen_sink_extra_stdio.dir/__/__/lib/tinyusb/src/class/msc/msc_device.c.obj
LOAD CMakeFiles/kitchen_sink_extra_stdio.dir/__/__/lib/tinyusb/src/class/net/ecm_rndis_device.c.obj
LOAD CMakeFiles/kitchen_sink_extra_stdio.dir/__/__/lib/tinyusb/src/class/net/ncm_device.c.obj
LOAD CMakeFiles/kitchen_sink_extra_stdio.dir/__/__/lib/tinyusb/src/class/usbtmc/usbtmc_device.c.obj
LOAD CMakeFiles/kitchen_sink_extra_stdio.dir/__/__/lib/tinyusb/src/class/vendor/vendor_device.c.obj
LOAD CMakeFiles/kitchen_sink_extra_stdio.dir/__/__/lib/tinyusb/src/class/video/video_device.c.obj
LOAD CMakeFiles/kitchen_sink_extra_stdio.dir/__/__/lib/tinyusb/src/tusb.c.obj
LOAD CMakeFiles/kitchen_sink_extra_stdio.dir/__/__/lib/tinyusb/src/common/tusb_fifo.c.obj
LOAD CMakeFiles/kitchen_sink_extra_stdio.dir/__/__/src/rp2_common/pico_unique_id/unique_id.c.obj
LOAD CMakeFiles/kitchen_sink_extra_stdio.dir/__/__/src/rp2_common/pico_stdio_semihosting/stdio_semihosting.c.obj
LOAD /var/folders/59/tdd927_x6bdctdq5k7f78p9w0000gn/T//ccGGxpPt.o
LOAD /usr/local/Cellar/arm-none-eabi-gcc/10.3-2021.07/gcc/bin/../lib/gcc/arm-none-eabi/10.3.1/../../../../arm-none-eabi/lib/thumb/v6-m/nofp/libstdc++.a
LOAD /usr/local/Cellar/arm-none-eabi-gcc/10.3-2021.07/gcc/bin/../lib/gcc/arm-none-eabi/10.3.1/../../../../arm-none-eabi/lib/thumb/v6-m/nofp/libm.a
START GROUP
LOAD /usr/local/Cellar/arm-none-eabi-gcc/10.3-2021.07/gcc/bin/../lib/gcc/arm-none-eabi/10.3.1/thumb/v6-m/nofp/libgcc.a
LOAD /usr/local/Cellar/arm-none-eabi-gcc/10.3-2021.07/gcc/bin/../lib/gcc/arm-none-eabi/10.3.1/../../../../arm-none-eabi/lib/thumb/v6-m/nofp/libc.a
END GROUP
START GROUP
LOAD /usr/local/Cellar/arm-none-eabi-gcc/10.3-2021.07/gcc/bin/../lib/gcc/arm-none-eabi/10.3.1/thumb/v6-m/nofp/libgcc.a
LOAD /usr/local/Cellar/arm-none-eabi-gcc/10.3-2021.07/gcc/bin/../lib/gcc/arm-none-eabi/10.3.1/../../../../arm-none-eabi/lib/thumb/v6-m/nofp/libc.a
LOAD /usr/local/Cellar/arm-none-eabi-gcc/10.3-2021.07/gcc/bin/../lib/gcc/arm-none-eabi/10.3.1/../../../../arm-none-eabi/lib/thumb/v6-m/nofp/libnosys.a
END GROUP
LOAD /usr/local/Cellar/arm-none-eabi-gcc/10.3-2021.07/gcc/bin/../lib/gcc/arm-none-eabi/10.3.1/thumb/v6-m/nofp/crtend.o
LOAD /usr/local/Cellar/arm-none-eabi-gcc/10.3-2021.07/gcc/bin/../lib/gcc/arm-none-eabi/10.3.1/thumb/v6-m/nofp/crtn.o
OUTPUT(kitchen_sink_extra_stdio.elf elf32-littlearm)
LOAD linker stubs

.ARM.attributes
                0x0000000000000000       0x28
 .ARM.attributes
                0x0000000000000000       0x1e /usr/local/Cellar/arm-none-eabi-gcc/10.3-2021.07/gcc/bin/../lib/gcc/arm-none-eabi/10.3.1/thumb/v6-m/nofp/crti.o
 .ARM.attributes
                0x000000000000001e       0x2c /usr/local/Cellar/arm-none-eabi-gcc/10.3-2021.07/gcc/bin/../lib/gcc/arm-none-eabi/10.3.1/thumb/v6-m/nofp/crtbegin.o
 .ARM.attributes
                0x000000000000004a       0x2c CMakeFiles/kitchen_sink_extra_stdio.dir/kitchen_sink.c.obj
 .ARM.attributes
                0x0000000000000076       0x2c CMakeFiles/kitchen_sink_extra_stdio.dir/__/__/src/rp2_common/hardware_claim/claim.c.obj
 .ARM.attributes
                0x00000000000000a2       0x2c CMakeFiles/kitchen_sink_extra_stdio.dir/__/__/src/rp2_common/pico_platform/platform.c.obj
 .ARM.attributes
                0x00000000000000ce       0x2c CMakeFiles/kitchen_sink_extra_stdio.dir/__/__/src/rp2_common/hardware_sync/sync.c.obj
 .ARM.attributes
                0x00000000000000fa       0x2c CMakeFiles/kitchen_sink_extra_stdio.dir/__/__/src/rp2_common/hardware_clocks/clocks.c.obj
 .ARM.attributes
                0x0000000000000126       0x2c CMakeFiles/kitchen_sink_extra_stdio.dir/__/__/src/rp2_common/hardware_gpio/gpio.c.obj
 .ARM.attributes
                0x0000000000000152       0x2c CMakeFiles/kitchen_sink_extra_stdio.dir/__/__/src/rp2_common/hardware_irq/irq.c.obj
 .ARM.attributes
                0x000000000000017e       0x22 CMakeFiles/kitchen_sink_extra_stdio.dir/__/__/src/rp2_common/hardware_irq/irq_handler_chain.S.obj
 .ARM.attributes
                0x00000000000001a0       0x2c CMakeFiles/kitchen_sink_extra_stdio.dir/__/__/src/common/pico_sync/lock_core.c.obj
 .ARM.attributes
                0x00000000000001cc       0x2c CMakeFiles/kitchen_sink_extra_stdio.dir/__/__/src/common/pico_time/time.c.obj
 .ARM.attributes
                0x00000000000001f8       0x2c CMakeFiles/kitchen_sink_extra_stdio.dir/__/__/src/rp2_common/hardware_timer/timer.c.obj
 .ARM.attributes
                0x0000000000000224       0x2c CMakeFiles/kitchen_sink_extra_stdio.dir/__/__/src/common/pico_util/pheap.c.obj
 .ARM.attributes
                0x0000000000000250       0x2c CMakeFiles/kitchen_sink_extra_stdio.dir/__/__/src/common/pico_sync/mutex.c.obj
 .ARM.attributes
                0x000000000000027c       0x2c CMakeFiles/kitchen_sink_extra_stdio.dir/__/__/src/common/pico_sync/critical_section.c.obj
 .ARM.attributes
                0x00000000000002a8       0x2c CMakeFiles/kitchen_sink_extra_stdio.dir/__/__/src/rp2_common/hardware_pll/pll.c.obj
 .ARM.attributes
                0x00000000000002d4       0x2c CMakeFiles/kitchen_sink_extra_stdio.dir/__/__/src/rp2_common/hardware_watchdog/watchdog.c.obj
 .ARM.attributes
                0x0000000000000300       0x2c CMakeFiles/kitchen_sink_extra_stdio.dir/__/__/src/rp2_common/hardware_xosc/xosc.c.obj
 .ARM.attributes
                0x000000000000032c       0x2c CMakeFiles/kitchen_sink_extra_stdio.dir/__/__/src/rp2_common/hardware_dma/dma.c.obj
 .ARM.attributes
                0x0000000000000358       0x2c CMakeFiles/kitchen_sink_extra_stdio.dir/__/__/src/rp2_common/hardware_flash/flash.c.obj
 .ARM.attributes
                0x0000000000000384       0x2c CMakeFiles/kitchen_sink_extra_stdio.dir/__/__/src/rp2_common/pico_bootrom/bootrom.c.obj
 .ARM.attributes
                0x00000000000003b0       0x2c CMakeFiles/kitchen_sink_extra_stdio.dir/__/__/src/rp2_common/hardware_uart/uart.c.obj
 .ARM.attributes
                0x00000000000003dc       0x22 CMakeFiles/kitchen_sink_extra_stdio.dir/__/__/src/rp2_common/pico_bit_ops/bit_ops_aeabi.S.obj
 .ARM.attributes
                0x00000000000003fe       0x2c CMakeFiles/kitchen_sink_extra_stdio.dir/__/__/src/rp2_common/pico_bootsel_via_double_reset/pico_bootsel_via_double_reset.c.obj
 .ARM.attributes
                0x000000000000042a       0x22 CMakeFiles/kitchen_sink_extra_stdio.dir/__/__/src/rp2_common/pico_divider/divider.S.obj
 .ARM.attributes
                0x000000000000044c       0x22 CMakeFiles/kitchen_sink_extra_stdio.dir/__/__/src/rp2_common/pico_double/double_aeabi.S.obj
 .ARM.attributes
                0x000000000000046e       0x2c CMakeFiles/kitchen_sink_extra_stdio.dir/__/__/src/rp2_common/pico_double/double_init_rom.c.obj
 .ARM.attributes