Archive member included to satisfy reference by file (symbol)

/usr/local/Cellar/arm-none-eabi-gcc/10.3-2021.07/gcc/bin/../lib/gcc/arm-none-eabi/10.3.1/../../../../arm-none-eabi/lib/thumb/v6-m/nofp/libm.a(lib_a-s_cos.o)
                              CMakeFiles/pico_double_test.dir/pico_double_test.c.obj (cos)
/usr/local/Cellar/arm-none-eabi-gcc/10.3-2021.07/gcc/bin/../lib/gcc/arm-none-eabi/10.3.1/../../../../arm-none-eabi/lib/thumb/v6-m/nofp/libm.a(lib_a-s_ldexp.o)
                              CMakeFiles/pico_double_test.dir/pico_double_test.c.obj (ldexp)
/usr/local/Cellar/arm-none-eabi-gcc/10.3-2021.07/gcc/bin/../lib/gcc/arm-none-eabi/10.3.1/../../../../arm-none-eabi/lib/thumb/v6-m/nofp/libm.a(lib_a-s_scalbn.o)
                              /usr/local/Cellar/arm-none-eabi-gcc/10.3-2021.07/gcc/bin/../lib/gcc/arm-none-eabi/10.3.1/../../../../arm-none-eabi/lib/thumb/v6-m/nofp/libm.a(lib_a-s_ldexp.o) (scalbn)
/usr/local/Cellar/arm-none-eabi-gcc/10.3-2021.07/gcc/bin/../lib/gcc/arm-none-eabi/10.3.1/../../../../arm-none-eabi/lib/thumb/v6-m/nofp/libm.a(lib_a-s_sin.o)
                              CMakeFiles/pico_double_test.dir/pico_double_test.c.obj (sin)
/usr/local/Cellar/arm-none-eabi-gcc/10.3-2021.07/gcc/bin/../lib/gcc/arm-none-eabi/10.3.1/../../../../arm-none-eabi/lib/thumb/v6-m/nofp/libm.a(lib_a-s_tan.o)
                              CMakeFiles/pico_double_test.dir/pico_double_test.c.obj (tan)
/usr/local/Cellar/arm-none-eabi-gcc/10.3-2021.07/gcc/bin/../lib/gcc/arm-none-eabi/10.3.1/../../../../arm-none-eabi/lib/thumb/v6-m/nofp/libm.a(lib_a-s_trunc.o)
                              CMakeFiles/pico_double_test.dir/pico_double_test.c.obj (trunc)
/usr/local/Cellar/arm-none-eabi-gcc/10.3-2021.07/gcc/bin/../lib/gcc/arm-none-eabi/10.3.1/../../../../arm-none-eabi/lib/thumb/v6-m/nofp/libm.a(lib_a-w_atan2.o)
                              CMakeFiles/pico_double_test.dir/pico_double_test.c.obj (atan2)
/usr/local/Cellar/arm-none-eabi-gcc/10.3-2021.07/gcc/bin/../lib/gcc/arm-none-eabi/10.3.1/../../../../arm-none-eabi/lib/thumb/v6-m/nofp/libm.a(lib_a-w_exp.o)
                              CMakeFiles/pico_double_test.dir/pico_double_test.c.obj (exp)
/usr/local/Cellar/arm-none-eabi-gcc/10.3-2021.07/gcc/bin/../lib/gcc/arm-none-eabi/10.3.1/../../../../arm-none-eabi/lib/thumb/v6-m/nofp/libm.a(lib_a-w_fmod.o)
                              CMakeFiles/pico_double_test.dir/pico_double_test.c.obj (fmod)
/usr/local/Cellar/arm-none-eabi-gcc/10.3-2021.07/gcc/bin/../lib/gcc/arm-none-eabi/10.3.1/../../../../arm-none-eabi/lib/thumb/v6-m/nofp/libm.a(lib_a-w_log.o)
                              CMakeFiles/pico_double_test.dir/pico_double_test.c.obj (log)
/usr/local/Cellar/arm-none-eabi-gcc/10.3-2021.07/gcc/bin/../lib/gcc/arm-none-eabi/10.3.1/../../../../arm-none-eabi/lib/thumb/v6-m/nofp/libm.a(lib_a-w_pow.o)
                              CMakeFiles/pico_double_test.dir/pico_double_test.c.obj (pow)
/usr/local/Cellar/arm-none-eabi-gcc/10.3-2021.07/gcc/bin/../lib/gcc/arm-none-eabi/10.3.1/../../../../arm-none-eabi/lib/thumb/v6-m/nofp/libm.a(lib_a-w_sqrt.o)
                              CMakeFiles/pico_double_test.dir/pico_double_test.c.obj (sqrt)
/usr/local/Cellar/arm-none-eabi-gcc/10.3-2021.07/gcc/bin/../lib/gcc/arm-none-eabi/10.3.1/../../../../arm-none-eabi/lib/thumb/v6-m/nofp/libm.a(lib_a-e_atan2.o)
                              /usr/local/Cellar/arm-none-eabi-gcc/10.3-2021.07/gcc/bin/../lib/gcc/arm-none-eabi/10.3.1/../../../../arm-none-eabi/lib/thumb/v6-m/nofp/libm.a(lib_a-w_atan2.o) (__ieee754_atan2)
/usr/local/Cellar/arm-none-eabi-gcc/10.3-2021.07/gcc/bin/../lib/gcc/arm-none-eabi/10.3.1/../../../../arm-none-eabi/lib/thumb/v6-m/nofp/libm.a(lib_a-e_exp.o)
                              /usr/local/Cellar/arm-none-eabi-gcc/10.3-2021.07/gcc/bin/../lib/gcc/arm-none-eabi/10.3.1/../../../../arm-none-eabi/lib/thumb/v6-m/nofp/libm.a(lib_a-w_exp.o) (__ieee754_exp)
/usr/local/Cellar/arm-none-eabi-gcc/10.3-2021.07/gcc/bin/../lib/gcc/arm-none-eabi/10.3.1/../../../../arm-none-eabi/lib/thumb/v6-m/nofp/libm.a(lib_a-e_fmod.o)
                              /usr/local/Cellar/arm-none-eabi-gcc/10.3-2021.07/gcc/bin/../lib/gcc/arm-none-eabi/10.3.1/../../../../arm-none-eabi/lib/thumb/v6-m/nofp/libm.a(lib_a-w_fmod.o) (__ieee754_fmod)
/usr/local/Cellar/arm-none-eabi-gcc/10.3-2021.07/gcc/bin/../lib/gcc/arm-none-eabi/10.3.1/../../../../arm-none-eabi/lib/thumb/v6-m/nofp/libm.a(lib_a-e_log.o)
                              /usr/local/Cellar/arm-none-eabi-gcc/10.3-2021.07/gcc/bin/../lib/gcc/arm-none-eabi/10.3.1/../../../../arm-none-eabi/lib/thumb/v6-m/nofp/libm.a(lib_a-w_log.o) (__ieee754_log)
/usr/local/Cellar/arm-none-eabi-gcc/10.3-2021.07/gcc/bin/../lib/gcc/arm-none-eabi/10.3.1/../../../../arm-none-eabi/lib/thumb/v6-m/nofp/libm.a(lib_a-e_pow.o)
                              /usr/local/Cellar/arm-none-eabi-gcc/10.3-2021.07/gcc/bin/../lib/gcc/arm-none-eabi/10.3.1/../../../../arm-none-eabi/lib/thumb/v6-m/nofp/libm.a(lib_a-w_pow.o) (__ieee754_pow)
[...]
Memory Configuration

Name             Origin             Length             Attributes
FLASH            0x0000000010000000 0x0000000000200000 xr
RAM              0x0000000020000000 0x0000000000040000 xrw
SCRATCH_X        0x0000000020040000 0x0000000000001000 xrw
SCRATCH_Y        0x0000000020041000 0x0000000000001000 xrw
*default*        0x0000000000000000 0xffffffffffffffff

Linker script and memory map

LOAD /usr/local/Cellar/arm-none-eabi-gcc/10.3-2021.07/gcc/bin/../lib/gcc/arm-none-eabi/10.3.1/thumb/v6-m/nofp/crti.o
LOAD /usr/local/Cellar/arm-none-eabi-gcc/10.3-2021.07/gcc/bin/../lib/gcc/arm-none-eabi/10.3.1/thumb/v6-m/nofp/crtbegin.o
LOAD /usr/local/Cellar/arm-none-eabi-gcc/10.3-2021.07/gcc/bin/../lib/gcc/arm-none-eabi/10.3.1/../../../../arm-none-eabi/lib/thumb/v6-m/nofp/crt0.o

.flash_begin    0x0000000010000000        0x0
                0x0000000010000000                __flash_binary_start = .

.boot2          0x0000000010000000      0x100
                0x0000000010000000                __boot2_start__ = .
 *(.boot2)
 .boot2         0x0000000010000000      0x100 /var/folders/59/tdd927_x6bdctdq5k7f78p9w0000gn/T//cctG2K4b.o
                0x0000000010000100                __boot2_end__ = .
                0x0000000000000001                ASSERT (((__boot2_end__ - __boot2_start__) == 0x100), ERROR: Pico second stage bootloader must be 256 bytes in size)

.text           0x0000000010000100     0x6b20
                0x0000000010000100                __logical_binary_start = .
 *(.vectors)
 .vectors       0x0000000010000100       0xd4 CMakeFiles/pico_double_test.dir/__/__/src/rp2_common/pico_standard_link/crt0.S.obj
                0x0000000010000100                __VECTOR_TABLE
                0x0000000010000100                __vectors
                0x00000000100001c0                __default_isrs_start
                0x00000000100001c0                isr_invalid
                0x00000000100001c2                isr_nmi
                0x00000000100001c4                isr_hardfault
                0x00000000100001c6                isr_svcall
                0x00000000100001c8                isr_pendsv
                0x00000000100001ca                isr_systick
                0x00000000100001cc                isr_irq28
                0x00000000100001cc                isr_irq19
                0x00000000100001cc                isr_irq0
                0x00000000100001cc                isr_irq6
                0x00000000100001cc                isr_irq22
                0x00000000100001cc                isr_irq17
                0x00000000100001cc                isr_irq14
                0x00000000100001cc                isr_irq2
                0x00000000100001cc                isr_irq10
                0x00000000100001cc                isr_irq8
                0x00000000100001cc                isr_irq24
                0x00000000100001cc                isr_irq1
                0x00000000100001cc                isr_irq7
                0x00000000100001cc                isr_irq21
                0x00000000100001cc                isr_irq20
                0x00000000100001cc                isr_irq15
                0x00000000100001cc                isr_irq25
                0x00000000100001cc                isr_irq4
                0x00000000100001cc                isr_irq16
                0x00000000100001cc                isr_irq29
                0x00000000100001cc                isr_irq26
                0x00000000100001cc                __default_isrs_end
                0x00000000100001cc                isr_irq3
                0x00000000100001cc                isr_irq9
                0x00000000100001cc                __unhandled_user_irq
                0x00000000100001cc                isr_irq13
                0x00000000100001cc                isr_irq27
                0x00000000100001cc                isr_irq31
                0x00000000100001cc                isr_irq5
                0x00000000100001cc                isr_irq11
                0x00000000100001cc                isr_irq23
                0x00000000100001cc                isr_irq18
                0x00000000100001cc                isr_irq30
                0x00000000100001cc                isr_irq12
                0x00000000100001d2                unhandled_user_irq_num_in_r0
 *(.binary_info_header)
 .binary_info_header
                0x00000000100001d4       0x14 CMakeFiles/pico_double_test.dir/__/__/src/rp2_common/pico_standard_link/crt0.S.obj
                0x00000000100001e8                __binary_info_header_end = .
 *(.reset)
 .reset         0x00000000100001e8       0xa8 CMakeFiles/pico_double_test.dir/__/__/src/rp2_common/pico_standard_link/crt0.S.obj
                0x00000000100001e8                _entry_point
                0x0000000010000266                __get_current_exception
 .reset         0x0000000010000290       0x30 CMakeFiles/pico_double_test.dir/__/__/src/rp2_common/pico_standard_link/binary_info.c.obj
 *(.init)
 .init          0x00000000100002c0        0x4 /usr/local/Cellar/arm-none-eabi-gcc/10.3-2021.07/gcc/bin/../lib/gcc/arm-none-eabi/10.3.1/thumb/v6-m/nofp/crti.o
                0x00000000100002c0                _init
 *(EXCLUDE_FILE(*libm.a: *libc.a:*lib_a-mem*.o *libgcc.a:) .text*)
 .text          0x00000000100002c4       0x48 /usr/local/Cellar/arm-none-eabi-gcc/10.3-2021.07/gcc/bin/../lib/gcc/arm-none-eabi/10.3.1/thumb/v6-m/nofp/crtbegin.o
 .text.test__aeabi_cdcmpeq
                0x000000001000030c       0x44 CMakeFiles/pico_double_test.dir/pico_double_test.c.obj
                0x000000001000030c                test__aeabi_cdcmpeq
 .text.test_cdcmpeq
                0x0000000010000350      0x2d4 CMakeFiles/pico_double_test.dir/pico_double_test.c.obj
                0x0000000010000350                test_cdcmpeq
 .text.test_dcmple_gt
                0x0000000010000624       0x94 CMakeFiles/pico_double_test.dir/pico_double_test.c.obj
                0x0000000010000624                test_dcmple_gt
 .text.test_dcmplt_ge
                0x00000000100006b8       0x94 CMakeFiles/pico_double_test.dir/pico_double_test.c.obj
                0x00000000100006b8                test_dcmplt_ge
 .text.test__aeabi_cdcmple
                0x000000001000074c      0x118 CMakeFiles/pico_double_test.dir/pico_double_test.c.obj
                0x000000001000074c                test__aeabi_cdcmple
 .text.test_cdcmple
                0x0000000010000864      0x1d0 CMakeFiles/pico_double_test.dir/pico_double_test.c.obj
                0x0000000010000864                test_cdcmple
 .text.test_cmple_gt
                0x0000000010000a34       0x3c CMakeFiles/pico_double_test.dir/pico_double_test.c.obj
                0x0000000010000a34                test_cmple_gt
 .text.test_cmplt_ge
                0x0000000010000a70       0x3c CMakeFiles/pico_double_test.dir/pico_double_test.c.obj
                0x0000000010000a70                test_cmplt_ge
 .text.test_dcmpun
                0x0000000010000aac       0xf0 CMakeFiles/pico_double_test.dir/pico_double_test.c.obj
                0x0000000010000aac                test_dcmpun
 .text.startup.main
                0x0000000010000b9c      0x784 CMakeFiles/pico_double_test.dir/pico_double_test.c.obj
                0x0000000010000b9c                main
 .text          0x0000000010001320       0x18 CMakeFiles/pico_double_test.dir/llvm/call_apsr.S.obj
                0x0000000010001320                call_apsr_f
                0x000000001000132a                call_apsr_d
 .text.push_r8_r11
                0x0000000010001338        0xc CMakeFiles/pico_double_test.dir/__/__/src/rp2_common/pico_double/double_aeabi.S.obj
                0x0000000010001338                push_r8_r11
 .text.pop_r8_r11
                0x0000000010001344        0xc CMakeFiles/pico_double_test.dir/__/__/src/rp2_common/pico_double/double_aeabi.S.obj
                0x0000000010001344                pop_r8_r11
 .text.__wrap___aeabi_darithmetic
                0x0000000010001350       0x80 CMakeFiles/pico_double_test.dir/__/__/src/rp2_common/pico_double/double_aeabi.S.obj
                0x0000000010001350                __wrap___aeabi_drsub
                0x0000000010001356                __wrap___aeabi_dsub
                0x0000000010001368                __wrap___aeabi_dadd
                0x000000001000137a                __wrap___aeabi_ddiv
                0x00000000100013b6                __wrap___aeabi_dmul
 .text.__wrap___aeabi_cdcmple
                0x00000000100013d0       0x6c CMakeFiles/pico_double_test.dir/__/__/src/rp2_common/pico_double/double_aeabi.S.obj
                0x00000000100013d0                __wrap___aeabi_cdrcmple
                0x00000000100013e0                __wrap___aeabi_cdcmple
                0x00000000100013e0                __wrap___aeabi_cdcmpeq
 .text.__wrap___aeabi_dcmpeq
                0x000000001000143c       0x10 CMakeFiles/pico_double_test.dir/__/__/src/rp2_common/pico_double/double_aeabi.S.obj
                0x000000001000143c                __wrap___aeabi_dcmpeq
 .text.__wrap___aeabi_dcmplt
                0x000000001000144c        0xc CMakeFiles/pico_double_test.dir/__/__/src/rp2_common/pico_double/double_aeabi.S.obj
                0x000000001000144c                __wrap___aeabi_dcmplt
 .text.__wrap___aeabi_dcmple
                0x0000000010001458       0x10 CMakeFiles/pico_double_test.dir/__/__/src/rp2_common/pico_double/double_aeabi.S.obj
                0x0000000010001458                __wrap___aeabi_dcmple
 .text.__wrap___aeabi_dcmpge
                0x0000000010001468       0x10 CMakeFiles/pico_double_test.dir/__/__/src/rp2_common/pico_double/double_aeabi.S.obj
                0x0000000010001468                __wrap___aeabi_dcmpge
 .text.__wrap___aeabi_dcmpgt
                0x0000000010001478        0xa CMakeFiles/pico_double_test.dir/__/__/src/rp2_common/pico_double/double_aeabi.S.obj
                0x0000000010001478                __wrap___aeabi_dcmpgt
 .text.__wrap___aeabi_dcmpun
                0x0000000010001482       0x1c CMakeFiles/pico_double_test.dir/__/__/src/rp2_common/pico_double/double_aeabi.S.obj
                0x0000000010001482                __wrap___aeabi_dcmpun
 *fill*         0x000000001000149e        0x2 
 .text.__wrap___aeabi_i2d
                0x00000000100014a0       0x38 CMakeFiles/pico_double_test.dir/__/__/src/rp2_common/pico_double/double_aeabi.S.obj
                0x00000000100014a0                __wrap___aeabi_ui2d
                0x00000000100014a8                __wrap___aeabi_i2d
 .text.__wrap___aeabi_d2iz
                0x00000000100014d8       0x48 CMakeFiles/pico_double_test.dir/__/__/src/rp2_common/pico_double/double_aeabi.S.obj
                0x00000000100014d8                __wrap___aeabi_d2iz
                0x00000000100014d8                double2int_z
 .text.__wrap___aeabi_d2uiz
                0x0000000010001520       0x18 CMakeFiles/pico_double_test.dir/__/__/src/rp2_common/pico_double/double_aeabi.S.obj
                0x0000000010001520                double2uint
                0x0000000010001520                __wrap___aeabi_d2uiz
 .text.fix642double
                0x0000000010001538       0x18 CMakeFiles/pico_double_test.dir/__/__/src/rp2_common/pico_double/double_aeabi.S.obj
                0x0000000010001538                fix642double
 .text.__wrap___aeabi_l2d
                0x0000000010001550       0x18 CMakeFiles/pico_double_test.dir/__/__/src/rp2_common/pico_double/double_aeabi.S.obj
                0x0000000010001550                __wrap___aeabi_l2d
 .text.__wrap___aeabi_d2lz
                0x0000000010001568       0x26 CMakeFiles/pico_double_test.dir/__/__/src/rp2_common/pico_double/double_aeabi.S.obj
                0x0000000010001568                __wrap___aeabi_d2lz
                0x0000000010001568                double2int64_z
 *fill*         0x000000001000158e        0x2 
 .text.double2int64
                0x0000000010001590       0x18 CMakeFiles/pico_double_test.dir/__/__/src/rp2_common/pico_double/double_aeabi.S.obj
                0x0000000010001590                double2int64
 .text.__wrap___aeabi_d2ulz
                0x00000000100015a8       0x18 CMakeFiles/pico_double_test.dir/__/__/src/rp2_common/pico_double/double_aeabi.S.obj
                0x00000000100015a8                __wrap___aeabi_d2ulz
 .text.double2ufix64
                0x00000000100015c0       0x18 CMakeFiles/pico_double_test.dir/__/__/src/rp2_common/pico_double/double_aeabi.S.obj
                0x00000000100015c0                double2ufix64
 .text.__wrap_srqt
                0x00000000100015d8       0x18 CMakeFiles/pico_double_test.dir/__/__/src/rp2_common/pico_double/double_aeabi.S.obj
                0x00000000100015d8                __wrap_sqrt
 .text.__wrap_sincostan_remainder
                0x00000000100015f0       0x14 CMakeFiles/pico_double_test.dir/__/__/src/rp2_common/pico_double/double_aeabi.S.obj
                0x00000000100015f0                sincostan_remainder
 .text.__wrap_cos
                0x0000000010001604       0x2c CMakeFiles/pico_double_test.dir/__/__/src/rp2_common/pico_double/double_aeabi.S.obj
                0x0000000010001604                __wrap_cos
 .text.__wrap_sin
                0x0000000010001630       0x2c CMakeFiles/pico_double_test.dir/__/__/src/rp2_common/pico_double/double_aeabi.S.obj
                0x0000000010001630                __wrap_sin
 .text.__wrap_sincos
                0x000000001000165c       0xa0 CMakeFiles/pico_double_test.dir/__/__/src/rp2_common/pico_double/double_aeabi.S.obj
                0x0000000010001668                __wrap_sincos
 .text.__wrap_tan
                0x00000000100016fc       0x5c CMakeFiles/pico_double_test.dir/__/__/src/rp2_common/pico_double/double_aeabi.S.obj
                0x00000000100016fc                __wrap_tan
 .text.__wrap_atan2
                0x0000000010001758       0x18 CMakeFiles/pico_double_test.dir/__/__/src/rp2_common/pico_double/double_aeabi.S.obj
                0x0000000010001758                __wrap_atan2
 .text.__wrap_exp
                0x0000000010001770       0x18 CMakeFiles/pico_double_test.dir/__/__/src/rp2_common/pico_double/double_aeabi.S.obj
                0x0000000010001770                __wrap_exp
 .text.__wrap_log
                0x0000000010001788       0x18 CMakeFiles/pico_double_test.dir/__/__/src/rp2_common/pico_double/double_aeabi.S.obj
                0x0000000010001788                __wrap_log
 .text.__aeabi_double_init
                0x00000000100017a0       0x94 CMakeFiles/pico_double_test.dir/__/__/src/rp2_common/pico_double/double_init_rom.c.obj
                0x00000000100017a0                __aeabi_double_init
 .text.dpow_1   0x0000000010001834      0x274 CMakeFiles/pico_double_test.dir/__/__/src/rp2_common/pico_double/double_math.c.obj
 .text.dpow_int2
                0x0000000010001aa8       0xf8 CMakeFiles/pico_double_test.dir/__/__/src/rp2_common/pico_double/double_math.c.obj
 .text.dpow_0   0x0000000010001ba0      0x1cc CMakeFiles/pico_double_test.dir/__/__/src/rp2_common/pico_double/double_math.c.obj
 .text.__wrap_ldexp
                0x0000000010001d6c       0x4c CMakeFiles/pico_double_test.dir/__/__/src/rp2_common/pico_double/double_math.c.obj
                0x0000000010001d6c                __wrap_ldexp
 .text.__wrap_trunc
                0x0000000010001db8       0x60 CMakeFiles/pico_double_test.dir/__/__/src/rp2_common/pico_double/double_math.c.obj
                0x0000000010001db8                __wrap_trunc
 .text.__wrap_round
                0x0000000010001e18       0xa0 CMakeFiles/pico_double_test.dir/__/__/src/rp2_common/pico_double/double_math.c.obj
                0x0000000010001e18                __wrap_round
 .text.__wrap_floor
                0x0000000010001eb8       0x94 CMakeFiles/pico_double_test.dir/__/__/src/rp2_common/pico_double/double_math.c.obj
                0x0000000010001eb8                __wrap_floor
 .text.__wrap_atan
                0x0000000010001f4c       0x40 CMakeFiles/pico_double_test.dir/__/__/src/rp2_common/pico_double/double_math.c.obj
                0x0000000010001f4c                __wrap_atan
 .text.__wrap_exp2
                0x0000000010001f8c       0xbc CMakeFiles/pico_double_test.dir/__/__/src/rp2_common/pico_double/double_math.c.obj
                0x0000000010001f8c                __wrap_exp2
 .text.__wrap_pow
                0x0000000010002048      0x314 CMakeFiles/pico_double_test.dir/__/__/src/rp2_common/pico_double/double_math.c.obj
                0x0000000010002048                __wrap_pow
 .text.__wrap_fmod
                0x000000001000235c      0x170 CMakeFiles/pico_double_test.dir/__/__/src/rp2_common/pico_double/double_math.c.obj
                0x000000001000235c                __wrap_fmod
 .text.__wrap_remquo
                0x00000000100024cc      0x2a0 CMakeFiles/pico_double_test.dir/__/__/src/rp2_common/pico_double/double_math.c.obj
                0x00000000100024cc                __wrap_remquo
 .text.__wrap_remainder
                0x000000001000276c       0x10 CMakeFiles/pico_double_test.dir/__/__/src/rp2_common/pico_double/double_math.c.obj
                0x000000001000276c                __wrap_remainder
 .text.double_table_shim_on_use_helper
                0x000000001000277c       0x2c CMakeFiles/pico_double_test.dir/__/__/src/rp2_common/pico_double/double_v1_rom_shim.S.obj
                0x000000001000277c                double_table_shim_on_use_helper
 .text.__wrap___aeabi_dsub
                0x00000000100027a8       0x10 CMakeFiles/pico_double_test.dir/__/__/src/rp2_common/pico_double/double_v1_rom_shim.S.obj
                0x00000000100027a8                drsub_shim
                0x00000000100027ae                dsub_shim
 .text.dadd_shim
                0x00000000100027b8      0x15c CMakeFiles/pico_double_test.dir/__/__/src/rp2_common/pico_double/double_v1_rom_shim.S.obj
                0x00000000100027b8                dadd_shim
 .text.dmul_shim
                0x0000000010002914      0x15c CMakeFiles/pico_double_test.dir/__/__/src/rp2_common/pico_double/double_v1_rom_shim.S.obj
                0x0000000010002914                dmul_shim
 .text.ddiv_shim
                0x0000000010002a70      0x1b0 CMakeFiles/pico_double_test.dir/__/__/src/rp2_common/pico_double/double_v1_rom_shim.S.obj
                0x0000000010002a70                ddiv_shim
 .text.dsqrt_shim
                0x0000000010002c20      0x1a8 CMakeFiles/pico_double_test.dir/__/__/src/rp2_common/pico_double/double_v1_rom_shim.S.obj
                0x0000000010002c3c                dsqrt_shim
 .text.dcordic_vec_step
                0x0000000010002dc8        0xe CMakeFiles/pico_double_test.dir/__/__/src/rp2_common/pico_double/double_v1_rom_shim.S.obj
                0x0000000010002dc8                dcordic_vec_step
 .text.dcordic_rot_step
                0x0000000010002dd6       0x76 CMakeFiles/pico_double_test.dir/__/__/src/rp2_common/pico_double/double_v1_rom_shim.S.obj
                0x0000000010002dd6                dcordic_rot_step
 .text.double2uint_shim
                0x0000000010002e4c        0xe CMakeFiles/pico_double_test.dir/__/__/src/rp2_common/pico_double/double_v1_rom_shim.S.obj
                0x0000000010002e4c                double2uint_shim
                0x0000000010002e4e                double2ufix_shim
 .text.double2int64_shim
                0x0000000010002e5a       0x1a CMakeFiles/pico_double_test.dir/__/__/src/rp2_common/pico_double/double_v1_rom_shim.S.obj
                0x0000000010002e5a                double2int64_shim
                0x0000000010002e5c                double2fix64_shim
 .text.double2uint64_shim
                0x0000000010002e74       0x70 CMakeFiles/pico_double_test.dir/__/__/src/rp2_common/pico_double/double_v1_rom_shim.S.obj
                0x0000000010002e74                double2uint64_shim
                0x0000000010002e76                double2ufix64_shim
                0x0000000010002e96                d2fix_a
 .text.x2double_shims
                0x0000000010002ee4       0x90 CMakeFiles/pico_double_test.dir/__/__/src/rp2_common/pico_double/double_v1_rom_shim.S.obj
                0x0000000010002ee4                uint2double_shim
                0x0000000010002ee6                ufix2double_shim
                0x0000000010002eec                int2double_shim
                0x0000000010002eee                fix2double_shim
                0x0000000010002ef4                uint642double_shim
                0x0000000010002ef6                ufix642double_shim
                0x0000000010002efc                int642double_shim
                0x0000000010002efe                fix642double_shim
 .text.dunpacks
                0x0000000010002f74       0x3c CMakeFiles/pico_double_test.dir/__/__/src/rp2_common/pico_double/double_v1_rom_shim.S.obj
                0x0000000010002f74                dunpacks
 .text.dreduce  0x0000000010002fb0       0x82 CMakeFiles/pico_double_test.dir/__/__/src/rp2_common/pico_double/double_v1_rom_shim.S.obj
                0x0000000010002fb0                dreduce
 .text.dtan_shim
                0x0000000010003032       0x20 CMakeFiles/pico_double_test.dir/__/__/src/rp2_common/pico_double/double_v1_rom_shim.S.obj
                0x0000000010003032                dtan_shim
 .text.dcos_shim
                0x0000000010003052       0x10 CMakeFiles/pico_double_test.dir/__/__/src/rp2_common/pico_double/double_v1_rom_shim.S.obj
                0x0000000010003052                dcos_shim
 .text.dsin_shim
                0x0000000010003062       0x14 CMakeFiles/pico_double_test.dir/__/__/src/rp2_common/pico_double/double_v1_rom_shim.S.obj
                0x0000000010003062                dsin_shim
 .text.dsincos_shim
                0x0000000010003076       0x20 CMakeFiles/pico_double_test.dir/__/__/src/rp2_common/pico_double/double_v1_rom_shim.S.obj
                0x0000000010003076                dsincos_shim
 *fill*         0x0000000010003096        0x2 
 .text.dtrig_guts
                0x0000000010003098      0x2ec CMakeFiles/pico_double_test.dir/__/__/src/rp2_common/pico_double/double_v1_rom_shim.S.obj
                0x0000000010003170                datan2_shim
 .text.dexp_guts
                0x0000000010003384      0x268 CMakeFiles/pico_double_test.dir/__/__/src/rp2_common/pico_double/double_v1_rom_shim.S.obj
                0x0000000010003384                dexp_shim
                0x0000000010003420                dln_shim
 .text.rom_func_lookup
                0x00000000100035ec       0x10 CMakeFiles/pico_double_test.dir/__/__/src/rp2_common/pico_bootrom/bootrom.c.obj
                0x00000000100035ec                rom_func_lookup
 .text.rom_data_lookup
                0x00000000100035fc       0x10 CMakeFiles/pico_double_test.dir/__/__/src/rp2_common/pico_bootrom/bootrom.c.obj
                0x00000000100035fc                rom_data_lookup
 .text.rom_funcs_lookup
                0x000000001000360c       0x44 CMakeFiles/pico_double_test.dir/__/__/src/rp2_common/pico_bootrom/bootrom.c.obj
                0x000000001000360c                rom_funcs_lookup
 .text.setup_default_uart
                0x0000000010003650        0x8 CMakeFiles/pico_double_test.dir/__/__/src/rp2_common/pico_stdlib/stdlib.c.obj
                0x0000000010003650                setup_default_uart
 .text.gpio_set_function
                0x0000000010003658       0x30 CMakeFiles/pico_double_test.dir/__/__/src/rp2_common/hardware_gpio/gpio.c.obj
                0x0000000010003658                gpio_set_function
 .text.hw_claim_or_assert
                0x0000000010003688       0x44 CMakeFiles/pico_double_test.dir/__/__/src/rp2_common/hardware_claim/claim.c.obj
                0x0000000010003688                hw_claim_or_assert
 .text.running_on_fpga
                0x00000000100036cc       0x10 CMakeFiles/pico_double_test.dir/__/__/src/rp2_common/pico_platform/platform.c.obj
                0x00000000100036cc                running_on_fpga
 .text.spin_locks_reset
                0x00000000100036dc       0x1c CMakeFiles/pico_double_test.dir/__/__/src/rp2_common/hardware_sync/sync.c.obj
                0x00000000100036dc                spin_locks_reset
 .text.next_striped_spin_lock_num
                0x00000000100036f8       0x18 CMakeFiles/pico_double_test.dir/__/__/src/rp2_common/hardware_sync/sync.c.obj
                0x00000000100036f8                next_striped_spin_lock_num
 .text.irq_set_enabled
                0x0000000010003710       0x24 CMakeFiles/pico_double_test.dir/__/__/src/rp2_common/hardware_irq/irq.c.obj
                0x0000000010003710                irq_set_enabled
 .text.irq_get_vtable_handler
                0x0000000010003734       0x10 CMakeFiles/pico_double_test.dir/__/__/src/rp2_common/hardware_irq/irq.c.obj
                0x0000000010003734                irq_get_vtable_handler
 .text.irq_set_exclusive_handler
                0x0000000010003744       0x54 CMakeFiles/pico_double_test.dir/__/__/src/rp2_common/hardware_irq/irq.c.obj
                0x0000000010003744                irq_set_exclusive_handler
 .text.irq_remove_handler
                0x0000000010003798      0x1b4 CMakeFiles/pico_double_test.dir/__/__/src/rp2_common/hardware_irq/irq.c.obj
                0x0000000010003798                irq_remove_handler
 .text.irq_add_tail_to_free_list
                0x000000001000394c       0xb4 CMakeFiles/pico_double_test.dir/__/__/src/rp2_common/hardware_irq/irq.c.obj
                0x000000001000394c                irq_add_tail_to_free_list
 .text.irq_init_priorities
                0x0000000010003a00       0x24 CMakeFiles/pico_double_test.dir/__/__/src/rp2_common/hardware_irq/irq.c.obj
                0x0000000010003a00                irq_init_priorities
 .text.lock_init
                0x0000000010003a24       0x10 CMakeFiles/pico_double_test.dir/__/__/src/common/pico_sync/lock_core.c.obj
                0x0000000010003a24                lock_init
 .text.timer_pool_entry_comparator
                0x0000000010003a34       0x34 CMakeFiles/pico_double_test.dir/__/__/src/common/pico_time/time.c.obj
                0x0000000010003a34                timer_pool_entry_comparator
 .text.add_alarm_under_lock.isra.0
                0x0000000010003a68      0x100 CMakeFiles/pico_double_test.dir/__/__/src/common/pico_time/time.c.obj
 .text.alarm_pool_alarm_callback
                0x0000000010003b68      0x1c8 CMakeFiles/pico_double_test.dir/__/__/src/common/pico_time/time.c.obj
 .text.alarm_pool_init_default
                0x0000000010003d30       0x64 CMakeFiles/pico_double_test.dir/__/__/src/common/pico_time/time.c.obj
                0x0000000010003d30                alarm_pool_init_default
 .text.hardware_alarm_irq_handler
                0x0000000010003d94       0xb8 CMakeFiles/pico_double_test.dir/__/__/src/rp2_common/hardware_timer/timer.c.obj
 .text.hardware_alarm_claim
                0x0000000010003e4c       0x18 CMakeFiles/pico_double_test.dir/__/__/src/rp2_common/hardware_timer/timer.c.obj
                0x0000000010003e4c                hardware_alarm_claim
 .text.time_us_64
                0x0000000010003e64       0x14 CMakeFiles/pico_double_test.dir/__/__/src/rp2_common/hardware_timer/timer.c.obj
                0x0000000010003e64                time_us_64
 .text.hardware_alarm_set_callback
                0x0000000010003e78       0x8c CMakeFiles/pico_double_test.dir/__/__/src/rp2_common/hardware_timer/timer.c.obj
                0x0000000010003e78                hardware_alarm_set_callback
 .text.hardware_alarm_set_target
                0x0000000010003f04       0xe0 CMakeFiles/pico_double_test.dir/__/__/src/rp2_common/hardware_timer/timer.c.obj
                0x0000000010003f04                hardware_alarm_set_target
 .text.hardware_alarm_cancel
                0x0000000010003fe4       0x3c CMakeFiles/pico_double_test.dir/__/__/src/rp2_common/hardware_timer/timer.c.obj
                0x0000000010003fe4                hardware_alarm_cancel
 .text.ph_merge_nodes
                0x0000000010004020       0x68 CMakeFiles/pico_double_test.dir/__/__/src/common/pico_util/pheap.c.obj
 .text.ph_post_alloc_init
                0x0000000010004088       0x3c CMakeFiles/pico_double_test.dir/__/__/src/common/pico_util/pheap.c.obj
                0x0000000010004088                ph_post_alloc_init
 .text.ph_merge_two_pass
                0x00000000100040c4       0x90 CMakeFiles/pico_double_test.dir/__/__/src/common/pico_util/pheap.c.obj
                0x00000000100040c4                ph_merge_two_pass
 .text.ph_remove_any_head
                0x0000000010004154       0xf8 CMakeFiles/pico_double_test.dir/__/__/src/common/pico_util/pheap.c.obj
 .text.ph_remove_head
                0x000000001000424c       0xfc CMakeFiles/pico_double_test.dir/__/__/src/common/pico_util/pheap.c.obj
                0x000000001000424c                ph_remove_head
 .text.ph_remove_and_free_node
                0x0000000010004348       0x7c CMakeFiles/pico_double_test.dir/__/__/src/common/pico_util/pheap.c.obj
                0x0000000010004348                ph_remove_and_free_node
 .text.mutex_init
                0x00000000100043c4       0x1c CMakeFiles/pico_double_test.dir/__/__/src/common/pico_sync/mutex.c.obj
                0x00000000100043c4                mutex_init
 .text.recursive_mutex_init
                0x00000000100043e0       0x1c CMakeFiles/pico_double_test.dir/__/__/src/common/pico_sync/mutex.c.obj
                0x00000000100043e0                recursive_mutex_init
 .text.uart_init
                0x00000000100043fc       0xe0 CMakeFiles/pico_double_test.dir/__/__/src/rp2_common/hardware_uart/uart.c.obj
                0x00000000100043fc                uart_init
 .text.runtime_init
                0x00000000100044dc       0xf0 CMakeFiles/pico_double_test.dir/__/__/src/rp2_common/pico_runtime/runtime.c.obj
                0x00000000100044dc                runtime_init
 .text.exit     0x00000000100045cc        0x4 CMakeFiles/pico_double_test.dir/__/__/src/rp2_common/pico_runtime/runtime.c.obj
                0x00000000100045cc                exit
 .text.panic    0x00000000100045d0       0x30 CMakeFiles/pico_double_test.dir/__/__/src/rp2_common/pico_runtime/runtime.c.obj
                0x00000000100045d0                panic
 .text.hard_assertion_failure
                0x0000000010004600        0xc CMakeFiles/pico_double_test.dir/__/__/src/rp2_common/pico_runtime/runtime.c.obj
                0x0000000010004600                hard_assertion_failure
 .text.clocks_init
                0x000000001000460c      0x2bc CMakeFiles/pico_double_test.dir/__/__/src/rp2_common/hardware_clocks/clocks.c.obj
                0x000000001000460c                clocks_init
 .text.clock_get_hz
                0x00000000100048c8        0xc CMakeFiles/pico_double_test.dir/__/__/src/rp2_common/hardware_clocks/clocks.c.obj
                0x00000000100048c8                clock_get_hz
 .text.pll_init
                0x00000000100048d4       0xb0 CMakeFiles/pico_double_test.dir/__/__/src/rp2_common/hardware_pll/pll.c.obj
                0x00000000100048d4                pll_init
 .text.watchdog_start_tick
                0x0000000010004984       0x10 CMakeFiles/pico_double_test.dir/__/__/src/rp2_common/hardware_watchdog/watchdog.c.obj
                0x0000000010004984                watchdog_start_tick
 .text.xosc_init
                0x0000000010004994       0x28 CMakeFiles/pico_double_test.dir/__/__/src/rp2_common/hardware_xosc/xosc.c.obj
                0x0000000010004994                xosc_init
 .text._out_null
                0x00000000100049bc        0x4 CMakeFiles/pico_double_test.dir/__/__/src/rp2_common/pico_printf/printf.c.obj
 .text._out_rev
                0x00000000100049c0       0x9c CMakeFiles/pico_double_test.dir/__/__/src/rp2_common/pico_printf/printf.c.obj
 .text._ntoa_format
                0x0000000010004a5c      0x1cc CMakeFiles/pico_double_test.dir/__/__/src/rp2_common/pico_printf/printf.c.obj
 .text._out_char
                0x0000000010004c28       0x10 CMakeFiles/pico_double_test.dir/__/__/src/rp2_common/pico_printf/printf.c.obj
 .text._out_fct
                0x0000000010004c38       0x10 CMakeFiles/pico_double_test.dir/__/__/src/rp2_common/pico_printf/printf.c.obj
 .text._etoa    0x0000000010004c48      0x44c CMakeFiles/pico_double_test.dir/__/__/src/rp2_common/pico_printf/printf.c.obj
 .text._ftoa    0x0000000010005094      0x398 CMakeFiles/pico_double_test.dir/__/__/src/rp2_common/pico_printf/printf.c.obj
 .text._vsnprintf
                0x000000001000542c      0xb04 CMakeFiles/pico_double_test.dir/__/__/src/rp2_common/pico_printf/printf.c.obj
 .text.vfctprintf
                0x0000000010005f30       0x20 CMakeFiles/pico_double_test.dir/__/__/src/rp2_common/pico_printf/printf.c.obj
                0x0000000010005f30                vfctprintf
 .text.weak_raw_vprintf
                0x0000000010005f50       0x30 CMakeFiles/pico_double_test.dir/__/__/src/rp2_common/pico_printf/printf.c.obj
                0x0000000010005f50                weak_raw_vprintf
 .text          0x0000000010005f80       0x10 CMakeFiles/pico_double_test.dir/__/__/src/rp2_common/pico_bit_ops/bit_ops_aeabi.S.obj
 .text.clzsi    0x0000000010005f90        0xc CMakeFiles/pico_double_test.dir/__/__/src/rp2_common/pico_bit_ops/bit_ops_aeabi.S.obj
                0x0000000010005f90                __wrap___clz
                0x0000000010005f90                __wrap___clzsi2
                0x0000000010005f90                __wrap___clzl
 .text.__wrap___aeabi_idiv
                0x0000000010005f9c       0x50 CMakeFiles/pico_double_test.dir/__/__/src/rp2_common/pico_divider/divider.S.obj
                0x0000000010005f9c                __wrap___aeabi_idivmod
                0x0000000010005f9c                divmod_s32s32
                0x0000000010005f9c                div_s32s32
                0x0000000010005f9c                __wrap___aeabi_idiv
                0x0000000010005fa4                divmod_s32s32_unsafe
                0x0000000010005fd0                divmod_s32s32_savestate
 .text.__wrap___aeabi_uidiv
                0x0000000010005fec       0x4c CMakeFiles/pico_double_test.dir/__/__/src/rp2_common/pico_divider/divider.S.obj
                0x0000000010005fec                __wrap___aeabi_uidiv
                0x0000000010005fec                __wrap___aeabi_uidivmod
                0x0000000010005fec                div_u32u32
                0x0000000010005fec                divmod_u32u32
                0x0000000010005ff4                divmod_u32u32_unsafe
                0x000000001000601c                divmod_u32u32_savestate
 .text.__wrap___aeabi_ldiv
                0x0000000010006038      0x434 CMakeFiles/pico_double_test.dir/__/__/src/rp2_common/pico_divider/divider.S.obj
                0x0000000010006038                __wrap___aeabi_ldivmod
                0x0000000010006038                div_s64s64
                0x0000000010006038                divmod_s64s64
                0x0000000010006070                divmod_u64u64
                0x0000000010006070                div_u64u64
                0x0000000010006070                __wrap___aeabi_uldivmod
                0x0000000010006080                divmod_u64u64_savestate
                0x00000000100060a8                divmod_s64s64_unsafe
                0x0000000010006130                divmod_u64u64_unsafe
 .text.__aeabi_lmul
                0x000000001000646c       0x32 CMakeFiles/pico_double_test.dir/__/__/src/rp2_common/pico_int64_ops/pico_int64_ops_aeabi.S.obj
                0x000000001000646c                __wrap___aeabi_lmul
 *fill*         0x000000001000649e        0x2 
 .text.__aeabi_float_init
                0x00000000100064a0       0x64 CMakeFiles/pico_double_test.dir/__/__/src/rp2_common/pico_float/float_init_rom.c.obj
                0x00000000100064a0                __aeabi_float_init
 .text.float_table_shim_on_use_helper
                0x0000000010006504       0x2c CMakeFiles/pico_double_test.dir/__/__/src/rp2_common/pico_float/float_v1_rom_shim.S.obj
                0x0000000010006504                float_table_shim_on_use_helper
 .text          0x0000000010006530       0x10 CMakeFiles/pico_double_test.dir/__/__/src/rp2_common/pico_mem_ops/mem_ops_aeabi.S.obj
                0x0000000010006530                __aeabi_mem_init
 .text.memset   0x0000000010006540        0xc CMakeFiles/pico_double_test.dir/__/__/src/rp2_common/pico_mem_ops/mem_ops_aeabi.S.obj
                0x0000000010006540                __wrap_memset
 .text.memcpy   0x000000001000654c        0xc CMakeFiles/pico_double_test.dir/__/__/src/rp2_common/pico_mem_ops/mem_ops_aeabi.S.obj
                0x000000001000654c                __wrap___aeabi_memcpy
                0x000000001000654c                __wrap_memcpy
 .text.stdio_out_chars_no_crlf
                0x0000000010006558       0x10 CMakeFiles/pico_double_test.dir/__/__/src/rp2_common/pico_stdio/stdio.c.obj
 .text.stdio_out_chars_crlf
                0x0000000010006568       0xb4 CMakeFiles/pico_double_test.dir/__/__/src/rp2_common/pico_stdio/stdio.c.obj
 .text.stdio_buffered_printer
                0x000000001000661c       0x64 CMakeFiles/pico_double_test.dir/__/__/src/rp2_common/pico_stdio/stdio.c.obj
 .text.stdio_put_string.isra.0
                0x0000000010006680       0xfc CMakeFiles/pico_double_test.dir/__/__/src/rp2_common/pico_stdio/stdio.c.obj
 .text.__wrap_putchar
                0x000000001000677c       0xa0 CMakeFiles/pico_double_test.dir/__/__/src/rp2_common/pico_stdio/stdio.c.obj
                0x000000001000677c                __wrap_putchar
 .text.__wrap_puts
                0x000000001000681c       0x3c CMakeFiles/pico_double_test.dir/__/__/src/rp2_common/pico_stdio/stdio.c.obj
                0x000000001000681c                __wrap_puts
 .text.stdio_set_driver_enabled
                0x0000000010006858       0x30 CMakeFiles/pico_double_test.dir/__/__/src/rp2_common/pico_stdio/stdio.c.obj
                0x0000000010006858                stdio_set_driver_enabled
 .text.__wrap_vprintf
                0x0000000010006888       0xd8 CMakeFiles/pico_double_test.dir/__/__/src/rp2_common/pico_stdio/stdio.c.obj
                0x0000000010006888                __wrap_vprintf
 .text.__wrap_printf
                0x0000000010006960       0x18 CMakeFiles/pico_double_test.dir/__/__/src/rp2_common/pico_stdio/stdio.c.obj
                0x0000000010006960                __wrap_printf
 .text.stdio_uart_out_chars
                0x0000000010006978       0x4c CMakeFiles/pico_double_test.dir/__/__/src/rp2_common/pico_stdio_uart/stdio_uart.c.obj
 .text.stdio_uart_in_chars
                0x00000000100069c4       0x38 CMakeFiles/pico_double_test.dir/__/__/src/rp2_common/pico_stdio_uart/stdio_uart.c.obj
                0x00000000100069c4                stdio_uart_in_chars
 .text.stdio_uart_init
                0x00000000100069fc       0x48 CMakeFiles/pico_double_test.dir/__/__/src/rp2_common/pico_stdio_uart/stdio_uart.c.obj
                0x00000000100069fc                stdio_uart_init
 .text.__errno  0x0000000010006a44        0xc /usr/local/Cellar/arm-none-eabi-gcc/10.3-2021.07/gcc/bin/../lib/gcc/arm-none-eabi/10.3.1/../../../../arm-none-eabi/lib/thumb/v6-m/nofp/libc.a(lib_a-errno.o)
                0x0000000010006a44                __errno
 .text.strlen   0x0000000010006a50       0x5c /usr/local/Cellar/arm-none-eabi-gcc/10.3-2021.07/gcc/bin/../lib/gcc/arm-none-eabi/10.3.1/../../../../arm-none-eabi/lib/thumb/v6-m/nofp/libc.a(lib_a-strlen-stub.o)
                0x0000000010006a50                strlen
 *(.fini)
 .fini          0x0000000010006aac        0x4 /usr/local/Cellar/arm-none-eabi-gcc/10.3-2021.07/gcc/bin/../lib/gcc/arm-none-eabi/10.3.1/thumb/v6-m/nofp/crti.o
                0x0000000010006aac                _fini
 .fini.__stub   0x0000000010006ab0      0x170 linker stubs
 *crtbegin.o(.ctors)
 *crtbegin?.o(.ctors)
 *(EXCLUDE_FILE(*crtend.o *crtend?.o) .ctors)
 *(SORT_BY_NAME(.ctors.*))
 *(.ctors)
 *crtbegin.o(.dtors)
 *crtbegin?.o(.dtors)
 *(EXCLUDE_FILE(*crtend.o *crtend?.o) .dtors)
 *(SORT_BY_NAME(.dtors.*))
 *(.dtors)
 *(.eh_frame*)
 .eh_frame      0x0000000010006c20        0x0 /usr/local/Cellar/arm-none-eabi-gcc/10.3-2021.07/gcc/bin/../lib/gcc/arm-none-eabi/10.3.1/thumb/v6-m/nofp/crtbegin.o
                0x0000000010006c20                . = ALIGN (0x4)

.glue_7         0x0000000010006c20        0x0
 .glue_7        0x0000000010006c20        0x0 linker stubs

.glue_7t        0x0000000010006c20        0x0
 .glue_7t       0x0000000010006c20        0x0 linker stubs

.vfp11_veneer   0x0000000010006c20        0x0
 .vfp11_veneer  0x0000000010006c20        0x0 linker stubs

.v4_bx          0x0000000010006c20        0x0
 .v4_bx         0x0000000010006c20        0x0 linker stubs

.iplt           0x0000000010006c20        0x0
 .iplt          0x0000000010006c20        0x0 /usr/local/Cellar/arm-none-eabi-gcc/10.3-2021.07/gcc/bin/../lib/gcc/arm-none-eabi/10.3.1/thumb/v6-m/nofp/crtbegin.o

.rodata         0x0000000010006c20      0x6e8
 *(EXCLUDE_FILE(*libm.a: *libc.a:*lib_a-mem*.o *libgcc.a:) .rodata*)
 .rodata.test__aeabi_cdcmpeq.str1.4
                0x0000000010006c20       0x3d CMakeFiles/pico_double_test.dir/pico_double_test.c.obj
 *fill*         0x0000000010006c5d        0x3 
 .rodata.test_dcmple_gt.str1.4
                0x0000000010006c60       0x58 CMakeFiles/pico_double_test.dir/pico_double_test.c.obj
 .rodata.test_dcmplt_ge.str1.4
                0x0000000010006cb8       0x58 CMakeFiles/pico_double_test.dir/pico_double_test.c.obj
 .rodata.test__aeabi_cdcmple.str1.4
                0x0000000010006d10       0xe2 CMakeFiles/pico_double_test.dir/pico_double_test.c.obj
 *fill*         0x0000000010006df2        0x2 
 .rodata.check_dcmpun.str1.4
                0x0000000010006df4       0x3c CMakeFiles/pico_double_test.dir/pico_double_test.c.obj
 .rodata.main.str1.4
                0x0000000010006e30      0x19b CMakeFiles/pico_double_test.dir/pico_double_test.c.obj
                                        0x19f (size before relaxing)
 *fill*         0x0000000010006fcb        0x1 
 .rodata.hardware_alarm_claim.str1.4
                0x0000000010006fcc       0x22 CMakeFiles/pico_double_test.dir/__/__/src/rp2_common/hardware_timer/timer.c.obj
 *fill*         0x0000000010006fee        0x2 
 .rodata.panic.str1.4
                0x0000000010006ff0       0x10 CMakeFiles/pico_double_test.dir/__/__/src/rp2_common/pico_runtime/runtime.c.obj
                                         0x12 (size before relaxing)
 .rodata.hard_assertion_failure.str1.4
                0x0000000010007000        0xc CMakeFiles/pico_double_test.dir/__/__/src/rp2_common/pico_runtime/runtime.c.obj
 .rodata._ftoa.str1.4
                0x000000001000700c       0x15 CMakeFiles/pico_double_test.dir/__/__/src/rp2_common/pico_printf/printf.c.obj
 *fill*         0x0000000010007021        0x3 
 .rodata._vsnprintf
                0x0000000010007024      0x1e0 CMakeFiles/pico_double_test.dir/__/__/src/rp2_common/pico_printf/printf.c.obj
 *fill*         0x0000000010007204        0x4 
 .rodata.pow10.0
                0x0000000010007208       0x50 CMakeFiles/pico_double_test.dir/__/__/src/rp2_common/pico_printf/printf.c.obj
 .rodata.str1.4
                0x0000000010007258       0x48 CMakeFiles/pico_double_test.dir/__/__/src/rp2_common/pico_standard_link/binary_info.c.obj
 .rodata.__bi_44
                0x00000000100072a0        0xc CMakeFiles/pico_double_test.dir/__/__/src/rp2_common/pico_standard_link/binary_info.c.obj
 .rodata.__bi_75
                0x00000000100072ac        0xc CMakeFiles/pico_double_test.dir/__/__/src/rp2_common/pico_standard_link/binary_info.c.obj
 .rodata.__bi_81
                0x00000000100072b8        0xc CMakeFiles/pico_double_test.dir/__/__/src/rp2_common/pico_standard_link/binary_info.c.obj
 .rodata.crlf_str.0
                0x00000000100072c4        0x2 CMakeFiles/pico_double_test.dir/__/__/src/rp2_common/pico_stdio/stdio.c.obj
 *fill*         0x00000000100072c6        0x2 
 .rodata.str1.4
                0x00000000100072c8       0x2c CMakeFiles/pico_double_test.dir/__/__/src/rp2_common/pico_stdio_uart/stdio_uart.c.obj
 .rodata.__bi_28.4
                0x00000000100072f4        0xc CMakeFiles/pico_double_test.dir/__/__/src/rp2_common/pico_stdio_uart/stdio_uart.c.obj
 .rodata.__bi_29.5
                0x0000000010007300        0x8 CMakeFiles/pico_double_test.dir/__/__/src/rp2_common/pico_stdio_uart/stdio_uart.c.obj
                0x0000000010007308                . = ALIGN (0x4)
 *(SORT_BY_ALIGNMENT(SORT_BY_NAME(.flashdata*)))
                0x0000000010007308                . = ALIGN (0x4)

.rel.dyn        0x0000000010007308        0x0
 .rel.iplt      0x0000000010007308        0x0 /usr/local/Cellar/arm-none-eabi-gcc/10.3-2021.07/gcc/bin/../lib/gcc/arm-none-eabi/10.3.1/thumb/v6-m/nofp/crtbegin.o

.ARM.extab
 *(.ARM.extab* .gnu.linkonce.armextab.*)
                0x0000000010007308                __exidx_start = .

.ARM.exidx
 *(.ARM.exidx* .gnu.linkonce.armexidx.*)
                0x0000000010007308                __exidx_end = .
                0x0000000010007308                . = ALIGN (0x4)
                0x0000000010007308                __binary_info_start = .

.binary_info    0x0000000010007308       0x24
 *(.binary_info.keep.*)
 .binary_info.keep.__bi_ptr22
                0x0000000010007308        0x4 CMakeFiles/pico_double_test.dir/__/__/src/rp2_common/pico_standard_link/binary_info.c.obj
 .binary_info.keep.__bi_ptr30
                0x000000001000730c        0x4 CMakeFiles/pico_double_test.dir/__/__/src/rp2_common/pico_standard_link/binary_info.c.obj
 .binary_info.keep.__bi_ptr38
                0x0000000010007310        0x4 CMakeFiles/pico_double_test.dir/__/__/src/rp2_common/pico_standard_link/binary_info.c.obj
 .binary_info.keep.__bi_ptr44
                0x0000000010007314        0x4 CMakeFiles/pico_double_test.dir/__/__/src/rp2_common/pico_standard_link/binary_info.c.obj
 .binary_info.keep.__bi_ptr50
                0x0000000010007318        0x4 CMakeFiles/pico_double_test.dir/__/__/src/rp2_common/pico_standard_link/binary_info.c.obj
 .binary_info.keep.__bi_ptr75
                0x000000001000731c        0x4 CMakeFiles/pico_double_test.dir/__/__/src/rp2_common/pico_standard_link/binary_info.c.obj
 .binary_info.keep.__bi_ptr81
                0x0000000010007320        0x4 CMakeFiles/pico_double_test.dir/__/__/src/rp2_common/pico_standard_link/binary_info.c.obj
 *(.binary_info.*)
 .binary_info.__bi_ptr28
                0x0000000010007324        0x4 CMakeFiles/pico_double_test.dir/__/__/src/rp2_common/pico_stdio_uart/stdio_uart.c.obj
 .binary_info.__bi_ptr29
                0x0000000010007328        0x4 CMakeFiles/pico_double_test.dir/__/__/src/rp2_common/pico_stdio_uart/stdio_uart.c.obj
                0x000000001000732c                __binary_info_end = .
                0x000000001000732c                . = ALIGN (0x4)
                0x000000001000732c                __etext = .

.ram_vector_table
                0x0000000020000000       0xc0
 *(.ram_vector_table)
 .ram_vector_table
                0x0000000020000000       0xc0 CMakeFiles/pico_double_test.dir/__/__/src/rp2_common/pico_runtime/runtime.c.obj
                0x0000000020000000                ram_vector_table

.data           0x00000000200000c0     0x491c load address 0x000000001000732c
                0x00000000200000c0                __data_start__ = .
 *(vtable)
 *(.time_critical*)
 .time_critical.mutex_enter_blocking
                0x00000000200000c0       0x48 CMakeFiles/pico_double_test.dir/__/__/src/common/pico_sync/mutex.c.obj
                0x00000000200000c0                mutex_enter_blocking
 .time_critical.mutex_try_enter
                0x0000000020000108       0x44 CMakeFiles/pico_double_test.dir/__/__/src/common/pico_sync/mutex.c.obj
                0x0000000020000108                mutex_try_enter
 .time_critical.mutex_exit
                0x000000002000014c       0x28 CMakeFiles/pico_double_test.dir/__/__/src/common/pico_sync/mutex.c.obj
                0x000000002000014c                mutex_exit
 *(.text*)
 .text.cos      0x0000000020000174       0xa0 /usr/local/Cellar/arm-none-eabi-gcc/10.3-2021.07/gcc/bin/../lib/gcc/arm-none-eabi/10.3.1/../../../../arm-none-eabi/lib/thumb/v6-m/nofp/libm.a(lib_a-s_cos.o)
                0x0000000020000174                cos
 .text.ldexp    0x0000000020000214       0x58 /usr/local/Cellar/arm-none-eabi-gcc/10.3-2021.07/gcc/bin/../lib/gcc/arm-none-eabi/10.3.1/../../../../arm-none-eabi/lib/thumb/v6-m/nofp/libm.a(lib_a-s_ldexp.o)
                0x0000000020000214                ldexp
 .text.scalbn   0x000000002000026c       0xf8 /usr/local/Cellar/arm-none-eabi-gcc/10.3-2021.07/gcc/bin/../lib/gcc/arm-none-eabi/10.3.1/../../../../arm-none-eabi/lib/thumb/v6-m/nofp/libm.a(lib_a-s_scalbn.o)
                0x000000002000026c                scalbn
 .text.sin      0x0000000020000364       0xa4 /usr/local/Cellar/arm-none-eabi-gcc/10.3-2021.07/gcc/bin/../lib/gcc/arm-none-eabi/10.3.1/../../../../arm-none-eabi/lib/thumb/v6-m/nofp/libm.a(lib_a-s_sin.o)
                0x0000000020000364                sin
 .text.tan      0x0000000020000408       0x5c /usr/local/Cellar/arm-none-eabi-gcc/10.3-2021.07/gcc/bin/../lib/gcc/arm-none-eabi/10.3.1/../../../../arm-none-eabi/lib/thumb/v6-m/nofp/libm.a(lib_a-s_tan.o)
                0x0000000020000408                tan
 .text.trunc    0x0000000020000464       0x6c /usr/local/Cellar/arm-none-eabi-gcc/10.3-2021.07/gcc/bin/../lib/gcc/arm-none-eabi/10.3.1/../../../../arm-none-eabi/lib/thumb/v6-m/nofp/libm.a(lib_a-s_trunc.o)
                0x0000000020000464                trunc
 .text.atan2    0x00000000200004d0        0x8 /usr/local/Cellar/arm-none-eabi-gcc/10.3-2021.07/gcc/bin/../lib/gcc/arm-none-eabi/10.3.1/../../../../arm-none-eabi/lib/thumb/v6-m/nofp/libm.a(lib_a-w_atan2.o)
                0x00000000200004d0                atan2
 .text.exp      0x00000000200004d8       0x70 /usr/local/Cellar/arm-none-eabi-gcc/10.3-2021.07/gcc/bin/../lib/gcc/arm-none-eabi/10.3.1/../../../../arm-none-eabi/lib/thumb/v6-m/nofp/libm.a(lib_a-w_exp.o)
                0x00000000200004d8                exp
 .text.fmod     0x0000000020000548       0x58 /usr/local/Cellar/arm-none-eabi-gcc/10.3-2021.07/gcc/bin/../lib/gcc/arm-none-eabi/10.3.1/../../../../arm-none-eabi/lib/thumb/v6-m/nofp/libm.a(lib_a-w_fmod.o)
                0x0000000020000548                fmod
 .text.log      0x00000000200005a0       0x6c /usr/local/Cellar/arm-none-eabi-gcc/10.3-2021.07/gcc/bin/../lib/gcc/arm-none-eabi/10.3.1/../../../../arm-none-eabi/lib/thumb/v6-m/nofp/libm.a(lib_a-w_log.o)
                0x00000000200005a0                log
 .text.pow      0x000000002000060c       0xe8 /usr/local/Cellar/arm-none-eabi-gcc/10.3-2021.07/gcc/bin/../lib/gcc/arm-none-eabi/10.3.1/../../../../arm-none-eabi/lib/thumb/v6-m/nofp/libm.a(lib_a-w_pow.o)
                0x000000002000060c                pow
 .text.sqrt     0x00000000200006f4       0x50 /usr/local/Cellar/arm-none-eabi-gcc/10.3-2021.07/gcc/bin/../lib/gcc/arm-none-eabi/10.3.1/../../../../arm-none-eabi/lib/thumb/v6-m/nofp/libm.a(lib_a-w_sqrt.o)
                0x00000000200006f4                sqrt
 .text.__ieee754_atan2
                0x0000000020000744      0x174 /usr/local/Cellar/arm-none-eabi-gcc/10.3-2021.07/gcc/bin/../lib/gcc/arm-none-eabi/10.3.1/../../../../arm-none-eabi/lib/thumb/v6-m/nofp/libm.a(lib_a-e_atan2.o)
                0x0000000020000744                __ieee754_atan2
 .text.__ieee754_exp
                0x00000000200008b8      0x364 /usr/local/Cellar/arm-none-eabi-gcc/10.3-2021.07/gcc/bin/../lib/gcc/arm-none-eabi/10.3.1/../../../../arm-none-eabi/lib/thumb/v6-m/nofp/libm.a(lib_a-e_exp.o)
                0x00000000200008b8                __ieee754_exp
 .text.__ieee754_fmod
                0x0000000020000c1c      0x2a8 /usr/local/Cellar/arm-none-eabi-gcc/10.3-2021.07/gcc/bin/../lib/gcc/arm-none-eabi/10.3.1/../../../../arm-none-eabi/lib/thumb/v6-m/nofp/libm.a(lib_a-e_fmod.o)
                0x0000000020000c1c                __ieee754_fmod
 .text.__ieee754_log
                0x0000000020000ec4      0x3f4 /usr/local/Cellar/arm-none-eabi-gcc/10.3-2021.07/gcc/bin/../lib/gcc/arm-none-eabi/10.3.1/../../../../arm-none-eabi/lib/thumb/v6-m/nofp/libm.a(lib_a-e_log.o)
                0x0000000020000ec4                __ieee754_log
 .text.__ieee754_pow
                0x00000000200012b8      0xb1c /usr/local/Cellar/arm-none-eabi-gcc/10.3-2021.07/gcc/bin/../lib/gcc/arm-none-eabi/10.3.1/../../../../arm-none-eabi/lib/thumb/v6-m/nofp/libm.a(lib_a-e_pow.o)
                0x00000000200012b8                __ieee754_pow
 .text.__ieee754_rem_pio2
                0x0000000020001dd4      0x410 /usr/local/Cellar/arm-none-eabi-gcc/10.3-2021.07/gcc/bin/../lib/gcc/arm-none-eabi/10.3.1/../../../../arm-none-eabi/lib/thumb/v6-m/nofp/libm.a(lib_a-e_rem_pio2.o)
                0x0000000020001dd4                __ieee754_rem_pio2
 .text.__ieee754_sqrt
                0x00000000200021e4      0x1b0 /usr/local/Cellar/arm-none-eabi-gcc/10.3-2021.07/gcc/bin/../lib/gcc/arm-none-eabi/10.3.1/../../../../arm-none-eabi/lib/thumb/v6-m/nofp/libm.a(lib_a-e_sqrt.o)
                0x00000000200021e4                __ieee754_sqrt
 .text.__kernel_cos
                0x0000000020002394      0x230 /usr/local/Cellar/arm-none-eabi-gcc/10.3-2021.07/gcc/bin/../lib/gcc/arm-none-eabi/10.3.1/../../../../arm-none-eabi/lib/thumb/v6-m/nofp/libm.a(lib_a-k_cos.o)
                0x0000000020002394                __kernel_cos
 .text.__kernel_rem_pio2
                0x00000000200025c4      0x8c4 /usr/local/Cellar/arm-none-eabi-gcc/10.3-2021.07/gcc/bin/../lib/gcc/arm-none-eabi/10.3.1/../../../../arm-none-eabi/lib/thumb/v6-m/nofp/libm.a(lib_a-k_rem_pio2.o)
                0x00000000200025c4                __kernel_rem_pio2
 .text.__kernel_sin
                0x0000000020002e88      0x16c /usr/local/Cellar/arm-none-eabi-gcc/10.3-2021.07/gcc/bin/../lib/gcc/arm-none-eabi/10.3.1/../../../../arm-none-eabi/lib/thumb/v6-m/nofp/libm.a(lib_a-k_sin.o)
                0x0000000020002e88                __kernel_sin
 .text.__kernel_tan
                0x0000000020002ff4      0x404 /usr/local/Cellar/arm-none-eabi-gcc/10.3-2021.07/gcc/bin/../lib/gcc/arm-none-eabi/10.3.1/../../../../arm-none-eabi/lib/thumb/v6-m/nofp/libm.a(lib_a-k_tan.o)
                0x0000000020002ff4                __kernel_tan
 .text.with_errno
                0x00000000200033f8       0x14 /usr/local/Cellar/arm-none-eabi-gcc/10.3-2021.07/gcc/bin/../lib/gcc/arm-none-eabi/10.3.1/../../../../arm-none-eabi/lib/thumb/v6-m/nofp/libm.a(lib_a-math_err.o)
 .text.xflow    0x000000002000340c       0x30 /usr/local/Cellar/arm-none-eabi-gcc/10.3-2021.07/gcc/bin/../lib/gcc/arm-none-eabi/10.3.1/../../../../arm-none-eabi/lib/thumb/v6-m/nofp/libm.a(lib_a-math_err.o)
 .text.__math_uflow
                0x000000002000343c       0x10 /usr/local/Cellar/arm-none-eabi-gcc/10.3-2021.07/gcc/bin/../lib/gcc/arm-none-eabi/10.3.1/../../../../arm-none-eabi/lib/thumb/v6-m/nofp/libm.a(lib_a-math_err.o)
                0x000000002000343c                __math_uflow
 .text.__math_oflow
                0x000000002000344c       0x10 /usr/local/Cellar/arm-none-eabi-gcc/10.3-2021.07/gcc/bin/../lib/gcc/arm-none-eabi/10.3.1/../../../../arm-none-eabi/lib/thumb/v6-m/nofp/libm.a(lib_a-math_err.o)
                0x000000002000344c                __math_oflow
 .text.fabs     0x000000002000345c        0x8 /usr/local/Cellar/arm-none-eabi-gcc/10.3-2021.07/gcc/bin/../lib/gcc/arm-none-eabi/10.3.1/../../../../arm-none-eabi/lib/thumb/v6-m/nofp/libm.a(lib_a-s_fabs.o)
                0x000000002000345c                fabs
 .text.finite   0x0000000020003464       0x14 /usr/local/Cellar/arm-none-eabi-gcc/10.3-2021.07/gcc/bin/../lib/gcc/arm-none-eabi/10.3.1/../../../../arm-none-eabi/lib/thumb/v6-m/nofp/libm.a(lib_a-s_finite.o)
                0x0000000020003464                finite
 .text.nan      0x0000000020003478        0xc /usr/local/Cellar/arm-none-eabi-gcc/10.3-2021.07/gcc/bin/../lib/gcc/arm-none-eabi/10.3.1/../../../../arm-none-eabi/lib/thumb/v6-m/nofp/libm.a(lib_a-s_nan.o)
                0x0000000020003478                nan
 .text          0x0000000020003484        0x4 /usr/local/Cellar/arm-none-eabi-gcc/10.3-2021.07/gcc/bin/../lib/gcc/arm-none-eabi/10.3.1/thumb/v6-m/nofp/libgcc.a(_dvmd_tls.o)
                0x0000000020003484                __aeabi_ldiv0
                0x0000000020003484                __aeabi_idiv0
 .text          0x0000000020003488       0x3c /usr/local/Cellar/arm-none-eabi-gcc/10.3-2021.07/gcc/bin/../lib/gcc/arm-none-eabi/10.3.1/thumb/v6-m/nofp/libgcc.a(_fixdfdi.o)
                0x0000000020003488                __aeabi_d2lz
                0x0000000020003488                __fixdfdi
 .text          0x00000000200034c4       0x2c /usr/local/Cellar/arm-none-eabi-gcc/10.3-2021.07/gcc/bin/../lib/gcc/arm-none-eabi/10.3.1/thumb/v6-m/nofp/libgcc.a(_floatdidf.o)
                0x00000000200034c4                __floatdidf
                0x00000000200034c4                __aeabi_l2d
 .text          0x00000000200034f0      0x5ec /usr/local/Cellar/arm-none-eabi-gcc/10.3-2021.07/gcc/bin/../lib/gcc/arm-none-eabi/10.3.1/thumb/v6-m/nofp/libgcc.a(divdf3.o)
                0x00000000200034f0                __aeabi_ddiv
 .text          0x0000000020003adc      0x4d8 /usr/local/Cellar/arm-none-eabi-gcc/10.3-2021.07/gcc/bin/../lib/gcc/arm-none-eabi/10.3.1/thumb/v6-m/nofp/libgcc.a(muldf3.o)
                0x0000000020003adc                __aeabi_dmul
 .text          0x0000000020003fb4       0x6c /usr/local/Cellar/arm-none-eabi-gcc/10.3-2021.07/gcc/bin/../lib/gcc/arm-none-eabi/10.3.1/thumb/v6-m/nofp/libgcc.a(fixdfsi.o)
                0x0000000020003fb4                __aeabi_d2iz
 .text          0x0000000020004020       0x60 /usr/local/Cellar/arm-none-eabi-gcc/10.3-2021.07/gcc/bin/../lib/gcc/arm-none-eabi/10.3.1/thumb/v6-m/nofp/libgcc.a(floatsidf.o)
                0x0000000020004020                __aeabi_i2d
 .text          0x0000000020004080       0x4c /usr/local/Cellar/arm-none-eabi-gcc/10.3-2021.07/gcc/bin/../lib/gcc/arm-none-eabi/10.3.1/thumb/v6-m/nofp/libgcc.a(floatunsidf.o)
                0x0000000020004080                __aeabi_ui2d
 *fill*         0x00000000200040cc        0x4 
 .text.__stub   0x00000000200040d0      0x130 linker stubs
                0x0000000020004200                . = ALIGN (0x4)
 *(.rodata*)
 .rodata.log.str1.4
                0x0000000020004200        0x1 /usr/local/Cellar/arm-none-eabi-gcc/10.3-2021.07/gcc/bin/../lib/gcc/arm-none-eabi/10.3.1/../../../../arm-none-eabi/lib/thumb/v6-m/nofp/libm.a(lib_a-w_log.o)
 *fill*         0x0000000020004201        0x7 
 .rodata.CSWTCH.8
                0x0000000020004208       0x18 /usr/local/Cellar/arm-none-eabi-gcc/10.3-2021.07/gcc/bin/../lib/gcc/arm-none-eabi/10.3.1/../../../../arm-none-eabi/lib/thumb/v6-m/nofp/libm.a(lib_a-e_atan2.o)
 .rodata.CSWTCH.9
                0x0000000020004220       0x18 /usr/local/Cellar/arm-none-eabi-gcc/10.3-2021.07/gcc/bin/../lib/gcc/arm-none-eabi/10.3.1/../../../../arm-none-eabi/lib/thumb/v6-m/nofp/libm.a(lib_a-e_atan2.o)
 .rodata.halF   0x0000000020004238       0x10 /usr/local/Cellar/arm-none-eabi-gcc/10.3-2021.07/gcc/bin/../lib/gcc/arm-none-eabi/10.3.1/../../../../arm-none-eabi/lib/thumb/v6-m/nofp/libm.a(lib_a-e_exp.o)
 .rodata.ln2HI  0x0000000020004248       0x10 /usr/local/Cellar/arm-none-eabi-gcc/10.3-2021.07/gcc/bin/../lib/gcc/arm-none-eabi/10.3.1/../../../../arm-none-eabi/lib/thumb/v6-m/nofp/libm.a(lib_a-e_exp.o)
 .rodata.ln2LO  0x0000000020004258       0x10 /usr/local/Cellar/arm-none-eabi-gcc/10.3-2021.07/gcc/bin/../lib/gcc/arm-none-eabi/10.3.1/../../../../arm-none-eabi/lib/thumb/v6-m/nofp/libm.a(lib_a-e_exp.o)
 .rodata.Zero   0x0000000020004268       0x10 /usr/local/Cellar/arm-none-eabi-gcc/10.3-2021.07/gcc/bin/../lib/gcc/arm-none-eabi/10.3.1/../../../../arm-none-eabi/lib/thumb/v6-m/nofp/libm.a(lib_a-e_fmod.o)
 .rodata.npio2_hw
                0x0000000020004278       0x80 /usr/local/Cellar/arm-none-eabi-gcc/10.3-2021.07/gcc/bin/../lib/gcc/arm-none-eabi/10.3.1/../../../../arm-none-eabi/lib/thumb/v6-m/nofp/libm.a(lib_a-e_rem_pio2.o)
 .rodata.two_over_pi
                0x00000000200042f8      0x108 /usr/local/Cellar/arm-none-eabi-gcc/10.3-2021.07/gcc/bin/../lib/gcc/arm-none-eabi/10.3.1/../../../../arm-none-eabi/lib/thumb/v6-m/nofp/libm.a(lib_a-e_rem_pio2.o)
 .rodata.PIo2   0x0000000020004400       0x40 /usr/local/Cellar/arm-none-eabi-gcc/10.3-2021.07/gcc/bin/../lib/gcc/arm-none-eabi/10.3.1/../../../../arm-none-eabi/lib/thumb/v6-m/nofp/libm.a(lib_a-k_rem_pio2.o)
 .rodata.init_jk
                0x0000000020004440       0x10 /usr/local/Cellar/arm-none-eabi-gcc/10.3-2021.07/gcc/bin/../lib/gcc/arm-none-eabi/10.3.1/../../../../arm-none-eabi/lib/thumb/v6-m/nofp/libm.a(lib_a-k_rem_pio2.o)
 .rodata        0x0000000020004450       0x40 /usr/local/Cellar/arm-none-eabi-gcc/10.3-2021.07/gcc/bin/../lib/gcc/arm-none-eabi/10.3.1/thumb/v6-m/nofp/libgcc.a(divdf3.o)
 .rodata        0x0000000020004490       0x40 /usr/local/Cellar/arm-none-eabi-gcc/10.3-2021.07/gcc/bin/../lib/gcc/arm-none-eabi/10.3.1/thumb/v6-m/nofp/libgcc.a(muldf3.o)
                0x00000000200044d0                . = ALIGN (0x4)
 *(.data*)
 .data.aa       0x00000000200044d0        0x8 CMakeFiles/pico_double_test.dir/pico_double_test.c.obj
                0x00000000200044d0                aa
 .data.bb       0x00000000200044d8        0x8 CMakeFiles/pico_double_test.dir/pico_double_test.c.obj
                0x00000000200044d8                bb
 .data.striped_spin_lock_num
                0x00000000200044e0        0x1 CMakeFiles/pico_double_test.dir/__/__/src/rp2_common/hardware_sync/sync.c.obj
 *fill*         0x00000000200044e1        0x3 
 .data          0x00000000200044e4       0x48 CMakeFiles/pico_double_test.dir/__/__/src/rp2_common/hardware_irq/irq_handler_chain.S.obj
                0x00000000200044e4                irq_handler_chain_slots
                0x0000000020004514                irq_handler_chain_first_slot
                0x000000002000451e                irq_handler_chain_remove_tail
 .data.default_alarm_pool
                0x000000002000452c       0x18 CMakeFiles/pico_double_test.dir/__/__/src/common/pico_time/time.c.obj
 .data.default_alarm_pool_heap
                0x0000000020004544       0x10 CMakeFiles/pico_double_test.dir/__/__/src/common/pico_time/time.c.obj
 *fill*         0x0000000020004554        0xc 
 .data.aeabi_bits_funcs
                0x0000000020004560       0x10 CMakeFiles/pico_double_test.dir/__/__/src/rp2_common/pico_bit_ops/bit_ops_aeabi.S.obj
                0x0000000020004560                aeabi_bits_funcs
                0x0000000020004570                aeabi_bits_funcs_end
 .data.aeabi_mem_funcs
                0x0000000020004570       0x10 CMakeFiles/pico_double_test.dir/__/__/src/rp2_common/pico_mem_ops/mem_ops_aeabi.S.obj
                0x0000000020004570                aeabi_mem_funcs
                0x0000000020004580                aeabi_mem_funcs_end
 .data.stdio_uart
                0x0000000020004580       0x14 CMakeFiles/pico_double_test.dir/__/__/src/rp2_common/pico_stdio_uart/stdio_uart.c.obj
                0x0000000020004580                stdio_uart
 .data._impure_ptr
                0x0000000020004594        0x4 /usr/local/Cellar/arm-none-eabi-gcc/10.3-2021.07/gcc/bin/../lib/gcc/arm-none-eabi/10.3.1/../../../../arm-none-eabi/lib/thumb/v6-m/nofp/libc.a(lib_a-impure.o)
                0x0000000020004594                _impure_ptr
 .data.impure_data
                0x0000000020004598      0x428 /usr/local/Cellar/arm-none-eabi-gcc/10.3-2021.07/gcc/bin/../lib/gcc/arm-none-eabi/10.3.1/../../../../arm-none-eabi/lib/thumb/v6-m/nofp/libc.a(lib_a-impure.o)
                0x00000000200049c0                . = ALIGN (0x4)
 *(.after_data.*)
                0x00000000200049c0                . = ALIGN (0x4)
                0x00000000200049c0                PROVIDE (__mutex_array_start = .)
 *(SORT_BY_NAME(.mutex_array.*))
 *(.mutex_array)
 .mutex_array   0x00000000200049c0        0x8 CMakeFiles/pico_double_test.dir/__/__/src/rp2_common/pico_stdio/stdio.c.obj
                0x00000000200049c8                PROVIDE (__mutex_array_end = .)
                0x00000000200049c8                . = ALIGN (0x4)
                0x00000000200049c8                PROVIDE (__preinit_array_start = .)
 *(SORT_BY_NAME(.preinit_array.*))
 .preinit_array.00001
                0x00000000200049c8        0x4 CMakeFiles/pico_double_test.dir/__/__/src/rp2_common/pico_mem_ops/mem_ops_aeabi.S.obj
 .preinit_array.00010
                0x00000000200049cc        0x4 CMakeFiles/pico_double_test.dir/__/__/src/rp2_common/pico_bit_ops/bit_ops_aeabi.S.obj
 .preinit_array.00020
                0x00000000200049d0        0x4 CMakeFiles/pico_double_test.dir/__/__/src/rp2_common/pico_double/double_aeabi.S.obj
 .preinit_array.00020
                0x00000000200049d4        0x4 CMakeFiles/pico_double_test.dir/__/__/src/rp2_common/pico_float/float_aeabi.S.obj
 *(.preinit_array)
                0x00000000200049d8                PROVIDE (__preinit_array_end = .)
                0x00000000200049d8                . = ALIGN (0x4)
                0x00000000200049d8                PROVIDE (__init_array_start = .)
 *(SORT_BY_NAME(.init_array.*))
 *(.init_array)
 .init_array    0x00000000200049d8        0x4 /usr/local/Cellar/arm-none-eabi-gcc/10.3-2021.07/gcc/bin/../lib/gcc/arm-none-eabi/10.3.1/thumb/v6-m/nofp/crtbegin.o
                0x00000000200049dc                PROVIDE (__init_array_end = .)
                0x00000000200049dc                . = ALIGN (0x4)
                [!provide]                        PROVIDE (__fini_array_start = .)
 *(SORT_BY_NAME(.fini_array.*))
 *(.fini_array)
                [!provide]                        PROVIDE (__fini_array_end = .)
 *(.jcr)
                0x00000000200049dc                . = ALIGN (0x4)
                0x00000000200049dc                __data_end__ = .

.igot.plt       0x00000000200049dc        0x0 load address 0x000000001000bc48
 .igot.plt      0x00000000200049dc        0x0 /usr/local/Cellar/arm-none-eabi-gcc/10.3-2021.07/gcc/bin/../lib/gcc/arm-none-eabi/10.3.1/thumb/v6-m/nofp/crtbegin.o

.uninitialized_data
                0x00000000200049dc        0x0 load address 0x000000001000bc48
                0x00000000200049dc                . = ALIGN (0x4)
 *(.uninitialized_data*)

.scratch_x      0x0000000020040000        0x0 load address 0x000000001000bc48
                0x0000000020040000                __scratch_x_start__ = .
 *(.scratch_x.*)
                0x0000000020040000                . = ALIGN (0x4)
                0x0000000020040000                __scratch_x_end__ = .
                0x000000001000bc48                __scratch_x_source__ = LOADADDR (.scratch_x)

.scratch_y      0x0000000020041000        0x0 load address 0x000000001000bc48
                0x0000000020041000                __scratch_y_start__ = .
 *(.scratch_y.*)
                0x0000000020041000                . = ALIGN (0x4)
                0x0000000020041000                __scratch_y_end__ = .
                0x000000001000bc48                __scratch_y_source__ = LOADADDR (.scratch_y)

.bss            0x00000000200049e0      0x3d4
                0x00000000200049e0                . = ALIGN (0x4)
                0x00000000200049e0                __bss_start__ = .
 *(SORT_BY_ALIGNMENT(SORT_BY_NAME(.bss*)))
 .bss.default_alarm_pool_entries
                0x00000000200049e0      0x100 CMakeFiles/pico_double_test.dir/__/__/src/common/pico_time/time.c.obj
 .bss.sd_table  0x0000000020004ae0      0x100 CMakeFiles/pico_double_test.dir/__/__/src/rp2_common/pico_double/double_init_rom.c.obj
                0x0000000020004ae0                sd_table
 .bss.sf_table  0x0000000020004be0      0x100 CMakeFiles/pico_double_test.dir/__/__/src/rp2_common/pico_float/float_init_rom.c.obj
                0x0000000020004be0                sf_table
 .bss           0x0000000020004ce0       0x1c /usr/local/Cellar/arm-none-eabi-gcc/10.3-2021.07/gcc/bin/../lib/gcc/arm-none-eabi/10.3.1/thumb/v6-m/nofp/crtbegin.o
 .bss.alarm_callbacks
                0x0000000020004cfc       0x10 CMakeFiles/pico_double_test.dir/__/__/src/rp2_common/hardware_timer/timer.c.obj
 .bss.configured_freq
                0x0000000020004d0c       0x28 CMakeFiles/pico_double_test.dir/__/__/src/rp2_common/hardware_clocks/clocks.c.obj
 .bss.default_alarm_pool_entry_ids_high
                0x0000000020004d34       0x10 CMakeFiles/pico_double_test.dir/__/__/src/common/pico_time/time.c.obj
 .bss.default_alarm_pool_heap_nodes
                0x0000000020004d44       0x30 CMakeFiles/pico_double_test.dir/__/__/src/common/pico_time/time.c.obj
 .bss.drivers   0x0000000020004d74        0x4 CMakeFiles/pico_double_test.dir/__/__/src/rp2_common/pico_stdio/stdio.c.obj
 .bss.filter    0x0000000020004d78        0x4 CMakeFiles/pico_double_test.dir/__/__/src/rp2_common/pico_stdio/stdio.c.obj
 .bss.lazy_vsnprintf
                0x0000000020004d7c        0x4 CMakeFiles/pico_double_test.dir/__/__/src/rp2_common/pico_printf/printf.c.obj
 .bss.pools     0x0000000020004d80       0x10 CMakeFiles/pico_double_test.dir/__/__/src/common/pico_time/time.c.obj
 .bss.sf_clz_func
                0x0000000020004d90        0x4 CMakeFiles/pico_double_test.dir/__/__/src/rp2_common/pico_double/double_init_rom.c.obj
                0x0000000020004d90                sf_clz_func
 .bss.sleep_notifier
                0x0000000020004d94        0x4 CMakeFiles/pico_double_test.dir/__/__/src/common/pico_time/time.c.obj
 .bss.target_hi
                0x0000000020004d98       0x10 CMakeFiles/pico_double_test.dir/__/__/src/rp2_common/hardware_timer/timer.c.obj
 .bss.uart_char_to_line_feed
                0x0000000020004da8        0x4 CMakeFiles/pico_double_test.dir/__/__/src/rp2_common/hardware_uart/uart.c.obj
                0x0000000020004da8                uart_char_to_line_feed
 .bss.uart_instance
                0x0000000020004dac        0x4 CMakeFiles/pico_double_test.dir/__/__/src/rp2_common/pico_stdio_uart/stdio_uart.c.obj
 .bss.claimed   0x0000000020004db0        0x1 CMakeFiles/pico_double_test.dir/__/__/src/rp2_common/hardware_timer/timer.c.obj
 .bss.irq_hander_chain_free_slot_head
                0x0000000020004db1        0x1 CMakeFiles/pico_double_test.dir/__/__/src/rp2_common/hardware_irq/irq.c.obj
 .bss.timer_callbacks_pending
                0x0000000020004db2        0x1 CMakeFiles/pico_double_test.dir/__/__/src/rp2_common/hardware_timer/timer.c.obj
 *(COMMON)
                0x0000000020004db4                . = ALIGN (0x4)
 *fill*         0x0000000020004db3        0x1 
                0x0000000020004db4                __bss_end__ = .

.heap           0x0000000020004db4      0x800
                0x0000000020004db4                __end__ = .
                0x0000000020004db4                end = __end__
 *(.heap*)
 .heap          0x0000000020004db4      0x800 CMakeFiles/pico_double_test.dir/__/__/src/rp2_common/pico_standard_link/crt0.S.obj
                0x00000000200055b4                __HeapLimit = .

.stack1_dummy   0x0000000020040000        0x0
 *(.stack1*)

.stack_dummy    0x0000000020041000      0x800
 *(.stack*)
 .stack         0x0000000020041000      0x800 CMakeFiles/pico_double_test.dir/__/__/src/rp2_common/pico_standard_link/crt0.S.obj

.flash_end      0x000000001000bc48        0x0
                0x000000001000bc48                __flash_binary_end = .
                0x0000000020040000                __StackLimit = (ORIGIN (RAM) + LENGTH (RAM))
                0x0000000020041000                __StackOneTop = (ORIGIN (SCRATCH_X) + LENGTH (SCRATCH_X))
                0x0000000020042000                __StackTop = (ORIGIN (SCRATCH_Y) + LENGTH (SCRATCH_Y))
                0x0000000020041000                __StackOneBottom = (__StackOneTop - SIZEOF (.stack1_dummy))
                0x0000000020041800                __StackBottom = (__StackTop - SIZEOF (.stack_dummy))
                0x0000000020042000                PROVIDE (__stack = __StackTop)
                0x0000000000000001                ASSERT ((__StackLimit >= __HeapLimit), region RAM overflowed)
                0x0000000000000001                ASSERT (((__binary_info_header_end - __logical_binary_start) <= 0x100), Binary info must be in first 256 bytes of the binary)
LOAD CMakeFiles/pico_double_test.dir/pico_double_test.c.obj
LOAD CMakeFiles/pico_double_test.dir/llvm/call_apsr.S.obj
LOAD CMakeFiles/pico_double_test.dir/__/__/src/rp2_common/pico_double/double_aeabi.S.obj
LOAD CMakeFiles/pico_double_test.dir/__/__/src/rp2_common/pico_double/double_init_rom.c.obj
LOAD CMakeFiles/pico_double_test.dir/__/__/src/rp2_common/pico_double/double_math.c.obj
LOAD CMakeFiles/pico_double_test.dir/__/__/src/rp2_common/pico_double/double_v1_rom_shim.S.obj
LOAD CMakeFiles/pico_double_test.dir/__/__/src/rp2_common/pico_bootrom/bootrom.c.obj
LOAD CMakeFiles/pico_double_test.dir/__/__/src/rp2_common/pico_stdlib/stdlib.c.obj
LOAD CMakeFiles/pico_double_test.dir/__/__/src/rp2_common/hardware_gpio/gpio.c.obj
LOAD CMakeFiles/pico_double_test.dir/__/__/src/rp2_common/hardware_claim/claim.c.obj
LOAD CMakeFiles/pico_double_test.dir/__/__/src/rp2_common/pico_platform/platform.c.obj
LOAD CMakeFiles/pico_double_test.dir/__/__/src/rp2_common/hardware_sync/sync.c.obj
LOAD CMakeFiles/pico_double_test.dir/__/__/src/rp2_common/hardware_irq/irq.c.obj
LOAD CMakeFiles/pico_double_test.dir/__/__/src/rp2_common/hardware_irq/irq_handler_chain.S.obj
LOAD CMakeFiles/pico_double_test.dir/__/__/src/common/pico_sync/sem.c.obj
LOAD CMakeFiles/pico_double_test.dir/__/__/src/common/pico_sync/lock_core.c.obj
LOAD CMakeFiles/pico_double_test.dir/__/__/src/common/pico_time/time.c.obj
LOAD CMakeFiles/pico_double_test.dir/__/__/src/common/pico_time/timeout_helper.c.obj
LOAD CMakeFiles/pico_double_test.dir/__/__/src/rp2_common/hardware_timer/timer.c.obj
LOAD CMakeFiles/pico_double_test.dir/__/__/src/common/pico_util/datetime.c.obj
LOAD CMakeFiles/pico_double_test.dir/__/__/src/common/pico_util/pheap.c.obj
LOAD CMakeFiles/pico_double_test.dir/__/__/src/common/pico_util/queue.c.obj
LOAD CMakeFiles/pico_double_test.dir/__/__/src/common/pico_sync/mutex.c.obj
LOAD CMakeFiles/pico_double_test.dir/__/__/src/common/pico_sync/critical_section.c.obj
LOAD CMakeFiles/pico_double_test.dir/__/__/src/rp2_common/hardware_uart/uart.c.obj
LOAD CMakeFiles/pico_double_test.dir/__/__/src/rp2_common/hardware_divider/divider.S.obj
LOAD CMakeFiles/pico_double_test.dir/__/__/src/rp2_common/pico_runtime/runtime.c.obj
LOAD CMakeFiles/pico_double_test.dir/__/__/src/rp2_common/hardware_clocks/clocks.c.obj
LOAD CMakeFiles/pico_double_test.dir/__/__/src/rp2_common/hardware_pll/pll.c.obj
LOAD CMakeFiles/pico_double_test.dir/__/__/src/rp2_common/hardware_vreg/vreg.c.obj
LOAD CMakeFiles/pico_double_test.dir/__/__/src/rp2_common/hardware_watchdog/watchdog.c.obj
LOAD CMakeFiles/pico_double_test.dir/__/__/src/rp2_common/hardware_xosc/xosc.c.obj
LOAD CMakeFiles/pico_double_test.dir/__/__/src/rp2_common/pico_printf/printf.c.obj
LOAD CMakeFiles/pico_double_test.dir/__/__/src/rp2_common/pico_bit_ops/bit_ops_aeabi.S.obj
LOAD CMakeFiles/pico_double_test.dir/__/__/src/rp2_common/pico_divider/divider.S.obj
LOAD CMakeFiles/pico_double_test.dir/__/__/src/rp2_common/pico_int64_ops/pico_int64_ops_aeabi.S.obj
LOAD CMakeFiles/pico_double_test.dir/__/__/src/rp2_common/pico_float/float_aeabi.S.obj
LOAD CMakeFiles/pico_double_test.dir/__/__/src/rp2_common/pico_float/float_init_rom.c.obj
LOAD CMakeFiles/pico_double_test.dir/__/__/src/rp2_common/pico_float/float_math.c.obj
LOAD CMakeFiles/pico_double_test.dir/__/__/src/rp2_common/pico_float/float_v1_rom_shim.S.obj
LOAD CMakeFiles/pico_double_test.dir/__/__/src/rp2_common/pico_malloc/pico_malloc.c.obj
LOAD CMakeFiles/pico_double_test.dir/__/__/src/rp2_common/pico_mem_ops/mem_ops_aeabi.S.obj
LOAD CMakeFiles/pico_double_test.dir/__/__/src/rp2_common/pico_standard_link/crt0.S.obj
LOAD CMakeFiles/pico_double_test.dir/__/__/src/rp2_common/pico_standard_link/new_delete.cpp.obj
LOAD CMakeFiles/pico_double_test.dir/__/__/src/rp2_common/pico_standard_link/binary_info.c.obj
LOAD CMakeFiles/pico_double_test.dir/__/__/src/rp2_common/pico_stdio/stdio.c.obj
LOAD CMakeFiles/pico_double_test.dir/__/__/src/rp2_common/pico_stdio_uart/stdio_uart.c.obj
LOAD /var/folders/59/tdd927_x6bdctdq5k7f78p9w0000gn/T//cctG2K4b.o
LOAD /usr/local/Cellar/arm-none-eabi-gcc/10.3-2021.07/gcc/bin/../lib/gcc/arm-none-eabi/10.3.1/../../../../arm-none-eabi/lib/thumb/v6-m/nofp/libstdc++.a
LOAD /usr/local/Cellar/arm-none-eabi-gcc/10.3-2021.07/gcc/bin/../lib/gcc/arm-none-eabi/10.3.1/../../../../arm-none-eabi/lib/thumb/v6-m/nofp/libm.a
START GROUP
LOAD /usr/local/Cellar/arm-none-eabi-gcc/10.3-2021.07/gcc/bin/../lib/gcc/arm-none-eabi/10.3.1/thumb/v6-m/nofp/libgcc.a
LOAD /usr/local/Cellar/arm-none-eabi-gcc/10.3-2021.07/gcc/bin/../lib/gcc/arm-none-eabi/10.3.1/../../../../arm-none-eabi/lib/thumb/v6-m/nofp/libc.a
END GROUP
START GROUP
LOAD /usr/local/Cellar/arm-none-eabi-gcc/10.3-2021.07/gcc/bin/../lib/gcc/arm-none-eabi/10.3.1/thumb/v6-m/nofp/libgcc.a
LOAD /usr/local/Cellar/arm-none-eabi-gcc/10.3-2021.07/gcc/bin/../lib/gcc/arm-none-eabi/10.3.1/../../../../arm-none-eabi/lib/thumb/v6-m/nofp/libc.a
LOAD /usr/local/Cellar/arm-none-eabi-gcc/10.3-2021.07/gcc/bin/../lib/gcc/arm-none-eabi/10.3.1/../../../../arm-none-eabi/lib/thumb/v6-m/nofp/libnosys.a
END GROUP
LOAD /usr/local/Cellar/arm-none-eabi-gcc/10.3-2021.07/gcc/bin/../lib/gcc/arm-none-eabi/10.3.1/thumb/v6-m/nofp/crtend.o
LOAD /usr/local/Cellar/arm-none-eabi-gcc/10.3-2021.07/gcc/bin/../lib/gcc/arm-none-eabi/10.3.1/thumb/v6-m/nofp/crtn.o
OUTPUT(pico_double_test.elf elf32-littlearm)
LOAD linker stubs

.ARM.attributes
                0x0000000000000000       0x28
 .ARM.attributes
                0x0000000000000000       0x1e /usr/local/Cellar/arm-none-eabi-gcc/10.3-2021.07/gcc/bin/../lib/gcc/arm-none-eabi/10.3.1/thumb/v6-m/nofp/crti.o
 .ARM.attributes
                0x000000000000001e       0x2c /usr/local/Cellar/arm-none-eabi-gcc/10.3-2021.07/gcc/bin/../lib/gcc/arm-none-eabi/10.3.1/thumb/v6-m/nofp/crtbegin.o
 .ARM.attributes
                0x000000000000004a       0x2c CMakeFiles/pico_double_test.dir/pico_double_test.c.obj
 .ARM.attributes
                0x0000000000000076       0x22 CMakeFiles/pico_double_test.dir/llvm/call_apsr.S.obj
 .ARM.attributes
                0x0000000000000098       0x22 CMakeFiles/pico_double_test.dir/__/__/src/rp2_common/pico_double/double_aeabi.S.obj
 .ARM.attributes
                0x00000000000000ba       0x2c CMakeFiles/pico_double_test.dir/__/__/src/rp2_common/pico_double/double_init_rom.c.obj
 .ARM.attributes
                0x00000000000000e6       0x2c CMakeFiles/pico_double_test.dir/__/__/src/rp2_common/pico_double/double_math.c.obj
 .ARM.attributes
                0x0000000000000112       0x22 CMakeFiles/pico_double_test.dir/__/__/src/rp2_common/pico_double/double_v1_rom_shim.S.obj
 .ARM.attributes
                0x0000000000000134       0x2c CMakeFiles/pico_double_test.dir/__/__/src/rp2_common/pico_bootrom/bootrom.c.obj
 .ARM.attributes
                0x0000000000000160       0x2c CMakeFiles/pico_double_test.dir/__/__/src/rp2_common/pico_stdlib/stdlib.c.obj
 .ARM.attributes
                0x000000000000018c       0x2c CMakeFiles/pico_double_test.dir/__/__/src/rp2_common/hardware_gpio/gpio.c.obj
 .ARM.attributes
                0x00000000000001b8       0x2c CMakeFiles/pico_double_test.dir/__/__/src/rp2_common/hardware_claim/claim.c.obj
 .ARM.attributes
                0x00000000000001e4       0x2c CMakeFiles/pico_double_test.dir/__/__/src/rp2_common/pico_platform/platform.c.obj
 .ARM.attributes
                0x0000000000000210       0x2c CMakeFiles/pico_double_test.dir/__/__/src/rp2_common/hardware_sync/sync.c.obj
 .ARM.attributes
                0x000000000000023c       0x2c CMakeFiles/pico_double_test.dir/__/__/src/rp2_common/hardware_irq/irq.c.obj
 .ARM.attributes
                0x0000000000000268       0x22 CMakeFiles/pico_double_test.dir/__/__/src/rp2_common/hardware_irq/irq_handler_chain.S.obj
 .ARM.attributes
                0x000000000000028a       0x2c CMakeFiles/pico_double_test.dir/__/__/src/common/pico_sync/lock_core.c.obj
 .ARM.attributes
                0x00000000000002b6       0x2c CMakeFiles/pico_double_test.dir/__/__/src/common/pico_time/time.c.obj
 .ARM.attributes
                0x00000000000002e2       0x2c CMakeFiles/pico_double_test.dir/__/__/src/rp2_common/hardware_timer/timer.c.obj
 .ARM.attributes
                0x000000000000030e       0x2c CMakeFiles/pico_double_test.dir/__/__/src/common/pico_util/pheap.c.obj
 .ARM.attributes
                0x000000000000033a       0x2c CMakeFiles/pico_double_test.dir/__/__/src/common/pico_sync/mutex.c.obj
 .ARM.attributes
                0x0000000000000366       0x2c CMakeFiles/pico_double_test.dir/__/__/src/rp2_common/hardware_uart/uart.c.obj
 .ARM.attributes
                0x0000000000000392       0x2c CMakeFiles/pico_double_test.dir/__/__/src/rp2_common/pico_runtime/runtime.c.obj
 .ARM.attributes
                0x00000000000003be       0x2c CMakeFiles/pico_double_test.dir/__/__/src/rp2_common/hardware_clocks/clocks.c.obj
 .ARM.attributes
                0x00000000000003ea       0x2c CMakeFiles/pico_double_test.dir/__/__/src/rp2_common/hardware_pll/pll.c.obj
 .ARM.attributes
                0x0000000000000416       0x2c CMakeFiles/pico_double_test.dir/__/__/src/rp2_common/hardware_watchdog/watchdog.c.obj
 .ARM.attributes
                0x0000000000000442       0x2c CMakeFiles/pico_double_test.dir/__/__/src/rp2_common/hardware_xosc/xosc.c.obj
 .ARM.attributes
                0x000000000000046e       0x2c CMakeFiles/pico_double_test.dir/__/__/src/rp2_common/pico_printf/printf.c.obj
 .ARM.attributes
                0x000000000000049a       0x22 CMakeFiles/pico_double_test.dir/__/__/src/rp2_common/pico_bit_ops/bit_ops_aeabi.S.obj
 .ARM.attributes
                0x00000000000004bc       0x22 CMakeFiles/pico_double_test.dir/__/__/src/rp2_common/pico_divider/divider.S.obj
 .ARM.attributes
                0x00000000000004de       0x22 CMakeFiles/pico_double_test.dir/__/__/src/rp2_common/pico_int64_ops/pico_int64_ops_aeabi.S.obj
 .ARM.attributes
                0x0000000000000500       0x22 CMakeFiles/pico_double_test.dir/__/__/src/rp2_common/pico_float/float_aeabi.S.obj
 .ARM.attributes
                0x0000000000000522       0x2c CMakeFiles/pico_double_test.dir/__/__/src/rp2_common/pico_float/float_init_rom.c.obj
 .ARM.attributes
                0x000000000000054e       0x22 CMakeFiles/pico_double_test.dir/__/__/src/rp2_common/pico_float/float_v1_rom_shim.S.obj
 .ARM.attributes
                0x0000000000000570       0x22 CMakeFiles/pico_double_test.dir/__/__/src/rp2_common/pico_mem_ops/mem_ops_aeabi.S.obj
 .ARM.attributes
                0x0000000000000592       0x22 CMakeFiles/pico_double_test.dir/__/__/src/rp2_common/pico_standard_link/crt0.S.obj
 .ARM.attributes
                0x00000000000005b4       0x32 CMakeFiles/pico_double_test.dir/__/__/src/rp2_common/pico_standard_link/binary_info.c.obj
 .ARM.attributes
                0x00000000000005e6       0x2c CMakeFiles/pico_double_test.dir/__/__/src/rp2_common/pico_stdio/stdio.c.obj
 .ARM.attributes
                0x0000000000000612       0x2c CMakeFiles/pico_double_test.dir/__/__/src/rp2_common/pico_stdio_uart/stdio_uart.c.obj
 .ARM.attributes
                0x000000000000063e       0x22 /var/folders/59/tdd927_x6bdctdq5k7f78p9w0000gn/T//cctG2K4b.o
 .ARM.attributes
                0x0000000000000660       0x2c /usr/local/Cellar/arm-none-eabi-gcc/10.3-2021.07/gcc/bin/../lib/gcc/arm-none-eabi/10.3.1/../../../../arm-none-eabi/lib/thumb/v6-m/nofp/libm.a(lib_a-s_cos.o)
 .ARM.attributes
                0x000000000000068c       0x2c /usr/local/Cellar/arm-none-eabi-gcc/10.3-2021.07/gcc/bin/../lib/gcc/arm-none-eabi/10.3.1/../../../../arm-none-eabi/lib/thumb/v6-m/nofp/libm.a(lib_a-s_ldexp.o)
 .ARM.attributes
                0x00000000000006b8       0x2c /usr/local/Cellar/arm-none-eabi-gcc/10.3-2021.07/gcc/bin/../lib/gcc/arm-none-eabi/10.3.1/../../../../arm-none-eabi/lib/thumb/v6-m/nofp/libm.a(lib_a-s_scalbn.o)
 .ARM.attributes
                0x00000000000006e4       0x2c /usr/local/Cellar/arm-none-eabi-gcc/10.3-2021.07/gcc/bin/../lib/gcc/arm-none-eabi/10.3.1/../../../../arm-none-eabi/lib/thumb/v6-m/nofp/libm.a(lib_a-s_sin.o)
 .ARM.attributes
                0x0000000000000710       0x2c /usr/local/Cellar/arm-none-eabi-gcc/10.3-2021.07/gcc/bin/../lib/gcc/arm-none-eabi/10.3.1/../../../../arm-none-eabi/lib/thumb/v6-m/nofp/libm.a(lib_a-s_tan.o)
 .ARM.attributes
                0x000000000000073c       0x2c /usr/local/Cellar/arm-none-eabi-gcc/10.3-2021.07/gcc/bin/../lib/gcc/arm-none-eabi/10.3.1/../../../../arm-none-eabi/lib/thumb/v6-m/nofp/libm.a(lib_a-s_trunc.o)
 .ARM.attributes
                0x0000000000000768       0x2c /usr/local/Cellar/arm-none-eabi-gcc/10.3-2021.07/gcc/bin/../lib/gcc/arm-none-eabi/10.3.1/../../../../arm-none-eabi/lib/thumb/v6-m/nofp/libm.a(lib_a-w_atan2.o)
 .ARM.attributes
                0x0000000000000794       0x2c /usr/local/Cellar/arm-none-eabi-gcc/10.3-2021.07/gcc/bin/../lib/gcc/arm-none-eabi/10.3.1/../../../../arm-none-eabi/lib/thumb/v6-m/nofp/libm.a(lib_a-w_exp.o)
 .ARM.attributes
                0x00000000000007c0       0x2c /usr/local/Cellar/arm-none-eabi-gcc/10.3-2021.07/gcc/bin/../lib/gcc/arm-none-eabi/10.3.1/../../../../arm-none-eabi/lib/thumb/v6-m/nofp/libm.a(lib_a-w_fmod.o)
 .ARM.attributes
                0x00000000000007ec       0x2c /usr/local/Cellar/arm-none-eabi-gcc/10.3-2021.07/gcc/bin/../lib/gcc/arm-none-eabi/10.3.1/../../../../arm-none-eabi/lib/thumb/v6-m/nofp/libm.a(lib_a-w_log.o)
 .ARM.attributes
                0x0000000000000818       0x2c /usr/local/Cellar/arm-none-eabi-gcc/10.3-2021.07/gcc/bin/../lib/gcc/arm-none-eabi/10.3.1/../../../../arm-none-eabi/lib/thumb/v6-m/nofp/libm.a(lib_a-w_pow.o)
 .ARM.attributes
                0x0000000000000844       0x2c /usr/local/Cellar/arm-none-eabi-gcc/10.3-2021.07/gcc/bin/../lib/gcc/arm-none-eabi/10.3.1/../../../../arm-none-eabi/lib/thumb/v6-m/nofp/libm.a(lib_a-w_sqrt.o)
 .ARM.attributes
                0x0000000000000870       0x2c /usr/local/Cellar/arm-none-eabi-gcc/10.3-2021.07/gcc/bin/../lib/gcc/arm-none-eabi/10.3.1/../../../../arm-none-eabi/lib/thumb/v6-m/nofp/libm.a(lib_a-e_atan2.o)
 .ARM.attributes
                0x000000000000089c       0x2c /usr/local/Cellar/arm-none-eabi-gcc/10.3-2021.07/gcc/bin/../lib/gcc/arm-none-eabi/10.3.1/../../../../arm-none-eabi/lib/thumb/v6-m/nofp/libm.a(lib_a-e_exp.o)
 .ARM.attributes
                0x00000000000008c8       0x2c /usr/local/Cellar/arm-none-eabi-gcc/10.3-2021.07/gcc/bin/../lib/gcc/arm-none-eabi/10.3.1/../../../../arm-none-eabi/lib/thumb/v6-m/nofp/libm.a(lib_a-e_fmod.o)
 .ARM.attributes
                0x00000000000008f4       0x2c /usr/local/Cellar/arm-none-eabi-gcc/10.3-2021.07/gcc/bin/../lib/gcc/arm-none-eabi/10.3.1/../../../../arm-none-eabi/lib/thumb/v6-m/nofp/libm.a(lib_a-e_log.o)
 .ARM.attributes
                0x0000000000000920       0x2c /usr/local/Cellar/arm-none-eabi-gcc/10.3-2021.07/gcc/bin/../lib/gcc/arm-none-eabi/10.3.1/../../../../arm-none-eabi/lib/thumb/v6-m/nofp/libm.a(lib_a-e_pow.o)
 .ARM.attributes
                0x000000000000094c       0x2c /usr/local/Cellar/arm-none-eabi-gcc/10.3-2021.07/gcc/bin/../lib/gcc/arm-none-eabi/10.3.1/../../../../arm-none-eabi/lib/thumb/v6-m/nofp/libm.a(lib_a-e_rem_pio2.o)
 .ARM.attributes
                0x0000000000000978       0x2c /usr/local/Cellar/arm-none-eabi-gcc/10.3-2021.07/gcc/bin/../lib/gcc/arm-none-eabi/10.3.1/../../../../arm-none-eabi/lib/thumb/v6-m/nofp/libm.a(lib_a-e_sqrt.o)
 .ARM.attributes
                0x00000000000009a4       0x2c /usr/local/Cellar/arm-none-eabi-gcc/10.3-2021.07/gcc/bin/../lib/gcc/arm-none-eabi/10.3.1/../../../../arm-none-eabi/lib/thumb/v6-m/nofp/libm.a(lib_a-k_cos.o)
 .ARM.attributes
                0x00000000000009d0       0x2c /usr/local/Cellar/arm-none-eabi-gcc/10.3-2021.07/gcc/bin/../lib/gcc/arm-none-eabi/10.3.1/../../../../arm-none-eabi/lib/thumb/v6-m/nofp/libm.a(lib_a-k_rem_pio2.o)
 .ARM.attributes
                0x00000000000009fc       0x2c /usr/local/Cellar/arm-none-eabi-gcc/10.3-2021.07/gcc/bin/../lib/gcc/arm-none-eabi/10.3.1/../../../../arm-none-eabi/lib/thumb/v6-m/nofp/libm.a(lib_a-k_sin.o)
 .ARM.attributes
                0x0000000000000a28       0x2c /usr/local/Cellar/arm-none-eabi-gcc/10.3-2021.07/gcc/bin/../lib/gcc/arm-none-eabi/10.3.1/../../../../arm-none-eabi/lib/thumb/v6-m/nofp/libm.a(lib_a-k_tan.o)
 .ARM.attributes
                0x0000000000000a54       0x2c /usr/local/Cellar/arm-none-eabi-gcc/10.3-2021.07/gcc/bin/../lib/gcc/arm-none-eabi/10.3.1/../../../../arm-none-eabi/lib/thumb/v6-m/nofp/libm.a(lib_a-math_err.o)
 .ARM.attributes
                0x0000000000000a80       0x2c /usr/local/Cellar/arm-none-eabi-gcc/10.3-2021.07/gcc/bin/../lib/gcc/arm-none-eabi/10.3.1/../../../../arm-none-eabi/lib/thumb/v6-m/nofp/libm.a(lib_a-s_fabs.o)
 .ARM.attributes
                0x0000000000000aac       0x2c /usr/local/Cellar/arm-none-eabi-gcc/10.3-2021.07/gcc/bin/../lib/gcc/arm-none-eabi/10.3.1/../../../../arm-none-eabi/lib/thumb/v6-m/nofp/libm.a(lib_a-s_finite.o)
 .ARM.attributes
                0x0000000000000ad8       0x2c /usr/local/Cellar/arm-none-eabi-gcc/10.3-2021.07/gcc/bin/../lib/gcc/arm-none-eabi/10.3.1/../../../../arm-none-eabi/lib/thumb/v6-m/nofp/libm.a(lib_a-s_nan.o)
 .ARM.attributes
                0x0000000000000b04       0x1e /usr/local/Cellar/arm-none-eabi-gcc/10.3-2021.07/gcc/bin/../lib/gcc/arm-none-eabi/10.3.1/thumb/v6-m/nofp/libgcc.a(_dvmd_tls.o)
 .ARM.attributes
                0x0000000000000b22       0x2c /usr/local/Cellar/arm-none-eabi-gcc/10.3-2021.07/gcc/bin/../lib/gcc/arm-none-eabi/10.3.1/thumb/v6-m/nofp/libgcc.a(_fixdfdi.o)
 .ARM.attributes
                0x0000000000000b4e       0x2c /usr/local/Cellar/arm-none-eabi-gcc/10.3-2021.07/gcc/bin/../lib/gcc/arm-none-eabi/10.3.1/thumb/v6-m/nofp/libgcc.a(_floatdidf.o)
 .ARM.attributes
                0x0000000000000b7a       0x2c /usr/local/Cellar/arm-none-eabi-gcc/10.3-2021.07/gcc/bin/../lib/gcc/arm-none-eabi/10.3.1/thumb/v6-m/nofp/libgcc.a(divdf3.o)
 .ARM.attributes
                0x0000000000000ba6       0x2c /usr/local/Cellar/arm-none-eabi-gcc/10.3-2021.07/gcc/bin/../lib/gcc/arm-none-eabi/10.3.1/thumb/v6-m/nofp/libgcc.a(muldf3.o)
 .ARM.attributes
                0x0000000000000bd2       0x2c /usr/local/Cellar/arm-none-eabi-gcc/10.3-2021.07/gcc/bin/../lib/gcc/arm-none-eabi/10.3.1/thumb/v6-m/nofp/libgcc.a(fixdfsi.o)
 .ARM.attributes
                0x0000000000000bfe       0x2c /usr/local/Cellar/arm-none-eabi-gcc/10.3-2021.07/gcc/bin/../lib/gcc/arm-none-eabi/10.3.1/thumb/v6-m/nofp/libgcc.a(floatsidf.o)
 .ARM.attributes
                0x0000000000000c2a       0x2c /usr/local/Cellar/arm-none-eabi-gcc/10.3-2021.07/gcc/bin/../lib/gcc/arm-none-eabi/10.3.1/thumb/v6-m/nofp/libgcc.a(floatunsidf.o)
 .ARM.attributes
                0x0000000000000c56       0x2c /usr/local/Cellar/arm-none-eabi-gcc/10.3-2021.07/gcc/bin/../lib/gcc/arm-none-eabi/10.3.1/../../../../arm-none-eabi/lib/thumb/v6-m/nofp/libc.a(lib_a-errno.o)
 .ARM.attributes
                0x0000000000000c82       0x2c /usr/local/Cellar/arm-none-eabi-gcc/10.3-2021.07/gcc/bin/../lib/gcc/arm-none-eabi/10.3.1/../../../../arm-none-eabi/lib/thumb/v6-m/nofp/libc.a(lib_a-impure.o)
 .ARM.attributes
                0x0000000000000cae       0x2c /usr/local/Cellar/arm-none-eabi-gcc/10.3-2021.07/gcc/bin/../lib/gcc/arm-none-eabi/10.3.1/../../../../arm-none-eabi/lib/thumb/v6-m/nofp/libc.a(lib_a-strlen-stub.o)

.comment        0x0000000000000000       0x49
 .comment       0x0000000000000000       0x49 CMakeFiles/pico_double_test.dir/pico_double_test.c.obj
                                         0x4a (size before relaxing)
 .comment       0x0000000000000049       0x4a CMakeFiles/pico_double_test.dir/__/__/src/rp2_common/pico_double/double_init_rom.c.obj
 .comment       0x0000000000000049       0x4a CMakeFiles/pico_double_test.dir/__/__/src/rp2_common/pico_double/double_math.c.obj
 .comment       0x0000000000000049       0x4a CMakeFiles/pico_double_test.dir/__/__/src/rp2_common/pico_bootrom/bootrom.c.obj
 .comment       0x0000000000000049       0x4a CMakeFiles/pico_double_test.dir/__/__/src/rp2_common/pico_stdlib/stdlib.c.obj
 .comment       0x0000000000000049       0x4a CMakeFiles/pico_double_test.dir/__/__/src/rp2_common/hardware_gpio/gpio.c.obj
 .comment       0x0000000000000049       0x4a CMakeFiles/pico_double_test.dir/__/__/src/rp2_common/hardware_claim/claim.c.obj
 .comment       0x0000000000000049       0x4a CMakeFiles/pico_double_test.dir/__/__/src/rp2_common/pico_platform/platform.c.obj
 .comment       0x0000000000000049       0x4a CMakeFiles/pico_double_test.dir/__/__/src/rp2_common/hardware_sync/sync.c.obj
 .comment       0x0000000000000049       0x4a CMakeFiles/pico_double_test.dir/__/__/src/rp2_common/hardware_irq/irq.c.obj
 .comment       0x0000000000000049       0x4a CMakeFiles/pico_double_test.dir/__/__/src/common/pico_sync/lock_core.c.obj
 .comment       0x0000000000000049       0x4a CMakeFiles/pico_double_test.dir/__/__/src/common/pico_time/time.c.obj
 .comment       0x0000000000000049       0x4a CMakeFiles/pico_double_test.dir/__/__/src/rp2_common/hardware_timer/timer.c.obj
 .comment       0x0000000000000049       0x4a CMakeFiles/pico_double_test.dir/__/__/src/common/pico_util/pheap.c.obj
 .comment       0x0000000000000049       0x4a CMakeFiles/pico_double_test.dir/__/__/src/common/pico_sync/mutex.c.obj
 .comment       0x0000000000000049       0x4a CMakeFiles/pico_double_test.dir/__/__/src/rp2_common/hardware_uart/uart.c.obj
 .comment       0x0000000000000049       0x4a CMakeFiles/pico_double_test.dir/__/__/src/rp2_common/pico_runtime/runtime.c.obj
 .comment       0x0000000000000049       0x4a CMakeFiles/pico_double_test.dir/__/__/src/rp2_common/hardware_clocks/clocks.c.obj
 .comment       0x0000000000000049       0x4a CMakeFiles/pico_double_test.dir/__/__/src/rp2_common/hardware_pll/pll.c.obj
 .comment       0x0000000000000049       0x4a CMakeFiles/pico_double_test.dir/__/__/src/rp2_common/hardware_watchdog/watchdog.c.obj
 .comment       0x0000000000000049       0x4a CMakeFiles/pico_double_test.dir/__/__/src/rp2_common/hardware_xosc/xosc.c.obj
 .comment       0x0000000000000049       0x4a CMakeFiles/pico_double_test.dir/__/__/src/rp2_common/pico_printf/printf.c.obj