Archive member included to satisfy reference by file (symbol)

/usr/local/Cellar/arm-none-eabi-gcc/10.3-2021.07/gcc/bin/../lib/gcc/arm-none-eabi/10.3.1/thumb/v6-m/nofp/libgcc.a(_udivsi3.o)
                              CMakeFiles/pico_divider_test.dir/pico_divider_test.c.obj (__aeabi_uidiv)
/usr/local/Cellar/arm-none-eabi-gcc/10.3-2021.07/gcc/bin/../lib/gcc/arm-none-eabi/10.3.1/thumb/v6-m/nofp/libgcc.a(_divsi3.o)
                              CMakeFiles/pico_divider_test.dir/pico_divider_test.c.obj (__aeabi_idiv)
/usr/local/Cellar/arm-none-eabi-gcc/10.3-2021.07/gcc/bin/../lib/gcc/arm-none-eabi/10.3.1/thumb/v6-m/nofp/libgcc.a(_dvmd_tls.o)
                              CMakeFiles/pico_divider_test.dir/__/__/src/rp2_common/pico_divider/divider.S.obj (__aeabi_idiv0)
/usr/local/Cellar/arm-none-eabi-gcc/10.3-2021.07/gcc/bin/../lib/gcc/arm-none-eabi/10.3.1/thumb/v6-m/nofp/libgcc.a(_aeabi_ldivmod.o)
                              CMakeFiles/pico_divider_test.dir/pico_divider_test.c.obj (__aeabi_ldivmod)
/usr/local/Cellar/arm-none-eabi-gcc/10.3-2021.07/gcc/bin/../lib/gcc/arm-none-eabi/10.3.1/thumb/v6-m/nofp/libgcc.a(_aeabi_uldivmod.o)
                              CMakeFiles/pico_divider_test.dir/pico_divider_test.c.obj (__aeabi_uldivmod)
/usr/local/Cellar/arm-none-eabi-gcc/10.3-2021.07/gcc/bin/../lib/gcc/arm-none-eabi/10.3.1/thumb/v6-m/nofp/libgcc.a(_udivmoddi4.o)
                              /usr/local/Cellar/arm-none-eabi-gcc/10.3-2021.07/gcc/bin/../lib/gcc/arm-none-eabi/10.3.1/thumb/v6-m/nofp/libgcc.a(_aeabi_uldivmod.o) (__udivmoddi4)
/usr/local/Cellar/arm-none-eabi-gcc/10.3-2021.07/gcc/bin/../lib/gcc/arm-none-eabi/10.3.1/thumb/v6-m/nofp/libgcc.a(bpabi.o)
                              /usr/local/Cellar/arm-none-eabi-gcc/10.3-2021.07/gcc/bin/../lib/gcc/arm-none-eabi/10.3.1/thumb/v6-m/nofp/libgcc.a(_aeabi_ldivmod.o) (__gnu_ldivmod_helper)
/usr/local/Cellar/arm-none-eabi-gcc/10.3-2021.07/gcc/bin/../lib/gcc/arm-none-eabi/10.3.1/thumb/v6-m/nofp/libgcc.a(_divdi3.o)
                              /usr/local/Cellar/arm-none-eabi-gcc/10.3-2021.07/gcc/bin/../lib/gcc/arm-none-eabi/10.3.1/thumb/v6-m/nofp/libgcc.a(bpabi.o) (__divdi3)
/usr/local/Cellar/arm-none-eabi-gcc/10.3-2021.07/gcc/bin/../lib/gcc/arm-none-eabi/10.3.1/../../../../arm-none-eabi/lib/thumb/v6-m/nofp/libc.a(lib_a-calloc.o)
                              CMakeFiles/pico_divider_test.dir/__/__/src/rp2_common/pico_malloc/pico_malloc.c.obj (calloc)
/usr/local/Cellar/arm-none-eabi-gcc/10.3-2021.07/gcc/bin/../lib/gcc/arm-none-eabi/10.3.1/../../../../arm-none-eabi/lib/thumb/v6-m/nofp/libc.a(lib_a-callocr.o)
                              /usr/local/Cellar/arm-none-eabi-gcc/10.3-2021.07/gcc/bin/../lib/gcc/arm-none-eabi/10.3.1/../../../../arm-none-eabi/lib/thumb/v6-m/nofp/libc.a(lib_a-calloc.o) (_calloc_r)
/usr/local/Cellar/arm-none-eabi-gcc/10.3-2021.07/gcc/bin/../lib/gcc/arm-none-eabi/10.3.1/../../../../arm-none-eabi/lib/thumb/v6-m/nofp/libc.a(lib_a-errno.o)
                              /usr/local/Cellar/arm-none-eabi-gcc/10.3-2021.07/gcc/bin/../lib/gcc/arm-none-eabi/10.3.1/../../../../arm-none-eabi/lib/thumb/v6-m/nofp/libc.a(lib_a-callocr.o) (__errno)
/usr/local/Cellar/arm-none-eabi-gcc/10.3-2021.07/gcc/bin/../lib/gcc/arm-none-eabi/10.3.1/../../../../arm-none-eabi/lib/thumb/v6-m/nofp/libc.a(lib_a-impure.o)
                              /usr/local/Cellar/arm-none-eabi-gcc/10.3-2021.07/gcc/bin/../lib/gcc/arm-none-eabi/10.3.1/../../../../arm-none-eabi/lib/thumb/v6-m/nofp/libc.a(lib_a-calloc.o) (_impure_ptr)
/usr/local/Cellar/arm-none-eabi-gcc/10.3-2021.07/gcc/bin/../lib/gcc/arm-none-eabi/10.3.1/../../../../arm-none-eabi/lib/thumb/v6-m/nofp/libc.a(lib_a-init.o)
                              /usr/local/Cellar/arm-none-eabi-gcc/10.3-2021.07/gcc/bin/../lib/gcc/arm-none-eabi/10.3.1/../../../../arm-none-eabi/lib/thumb/v6-m/nofp/crt0.o (__libc_init_array)
/usr/local/Cellar/arm-none-eabi-gcc/10.3-2021.07/gcc/bin/../lib/gcc/arm-none-eabi/10.3.1/../../../../arm-none-eabi/lib/thumb/v6-m/nofp/libc.a(lib_a-malloc.o)
                              CMakeFiles/pico_divider_test.dir/__/__/src/rp2_common/pico_malloc/pico_malloc.c.obj (malloc)
/usr/local/Cellar/arm-none-eabi-gcc/10.3-2021.07/gcc/bin/../lib/gcc/arm-none-eabi/10.3.1/../../../../arm-none-eabi/lib/thumb/v6-m/nofp/libc.a(lib_a-mallocr.o)
                              /usr/local/Cellar/arm-none-eabi-gcc/10.3-2021.07/gcc/bin/../lib/gcc/arm-none-eabi/10.3.1/../../../../arm-none-eabi/lib/thumb/v6-m/nofp/libc.a(lib_a-callocr.o) (_malloc_r)
/usr/local/Cellar/arm-none-eabi-gcc/10.3-2021.07/gcc/bin/../lib/gcc/arm-none-eabi/10.3.1/../../../../arm-none-eabi/lib/thumb/v6-m/nofp/libc.a(lib_a-mlock.o)
                              /usr/local/Cellar/arm-none-eabi-gcc/10.3-2021.07/gcc/bin/../lib/gcc/arm-none-eabi/10.3.1/../../../../arm-none-eabi/lib/thumb/v6-m/nofp/libc.a(lib_a-mallocr.o) (__malloc_lock)
[...]
Memory Configuration

Name             Origin             Length             Attributes
FLASH            0x0000000010000000 0x0000000000200000 xr
RAM              0x0000000020000000 0x0000000000040000 xrw
SCRATCH_X        0x0000000020040000 0x0000000000001000 xrw
SCRATCH_Y        0x0000000020041000 0x0000000000001000 xrw
*default*        0x0000000000000000 0xffffffffffffffff

Linker script and memory map

LOAD /usr/local/Cellar/arm-none-eabi-gcc/10.3-2021.07/gcc/bin/../lib/gcc/arm-none-eabi/10.3.1/thumb/v6-m/nofp/crti.o
LOAD /usr/local/Cellar/arm-none-eabi-gcc/10.3-2021.07/gcc/bin/../lib/gcc/arm-none-eabi/10.3.1/thumb/v6-m/nofp/crtbegin.o
LOAD /usr/local/Cellar/arm-none-eabi-gcc/10.3-2021.07/gcc/bin/../lib/gcc/arm-none-eabi/10.3.1/../../../../arm-none-eabi/lib/thumb/v6-m/nofp/crt0.o

.flash_begin    0x0000000010000000        0x0
                0x0000000010000000                __flash_binary_start = .

.boot2          0x0000000010000000      0x100
                0x0000000010000000                __boot2_start__ = .
 *(.boot2)
 .boot2         0x0000000010000000      0x100 /var/folders/59/tdd927_x6bdctdq5k7f78p9w0000gn/T//ccGC7ffB.o
                0x0000000010000100                __boot2_end__ = .
                0x0000000000000001                ASSERT (((__boot2_end__ - __boot2_start__) == 0x100), ERROR: Pico second stage bootloader must be 256 bytes in size)

.text           0x0000000010000100     0x5cf0
                0x0000000010000100                __logical_binary_start = .
 *(.vectors)
 .vectors       0x0000000010000100       0xd4 CMakeFiles/pico_divider_test.dir/__/__/src/rp2_common/pico_standard_link/crt0.S.obj
                0x0000000010000100                __VECTOR_TABLE
                0x0000000010000100                __vectors
                0x00000000100001c0                __default_isrs_start
                0x00000000100001c0                isr_invalid
                0x00000000100001c2                isr_nmi
                0x00000000100001c4                isr_hardfault
                0x00000000100001c6                isr_svcall
                0x00000000100001c8                isr_pendsv
                0x00000000100001ca                isr_systick
                0x00000000100001cc                isr_irq28
                0x00000000100001cc                isr_irq19
                0x00000000100001cc                isr_irq0
                0x00000000100001cc                isr_irq6
                0x00000000100001cc                isr_irq22
                0x00000000100001cc                isr_irq17
                0x00000000100001cc                isr_irq14
                0x00000000100001cc                isr_irq2
                0x00000000100001cc                isr_irq10
                0x00000000100001cc                isr_irq8
                0x00000000100001cc                isr_irq24
                0x00000000100001cc                isr_irq1
                0x00000000100001cc                isr_irq7
                0x00000000100001cc                isr_irq21
                0x00000000100001cc                isr_irq20
                0x00000000100001cc                isr_irq15
                0x00000000100001cc                isr_irq25
                0x00000000100001cc                isr_irq4
                0x00000000100001cc                isr_irq16
                0x00000000100001cc                isr_irq29
                0x00000000100001cc                isr_irq26
                0x00000000100001cc                __default_isrs_end
                0x00000000100001cc                isr_irq3
                0x00000000100001cc                isr_irq9
                0x00000000100001cc                __unhandled_user_irq
                0x00000000100001cc                isr_irq13
                0x00000000100001cc                isr_irq27
                0x00000000100001cc                isr_irq31
                0x00000000100001cc                isr_irq5
                0x00000000100001cc                isr_irq11
                0x00000000100001cc                isr_irq23
                0x00000000100001cc                isr_irq18
                0x00000000100001cc                isr_irq30
                0x00000000100001cc                isr_irq12
                0x00000000100001d2                unhandled_user_irq_num_in_r0
 *(.binary_info_header)
 .binary_info_header
                0x00000000100001d4       0x14 CMakeFiles/pico_divider_test.dir/__/__/src/rp2_common/pico_standard_link/crt0.S.obj
                0x00000000100001e8                __binary_info_header_end = .
 *(.reset)
 .reset         0x00000000100001e8       0xa8 CMakeFiles/pico_divider_test.dir/__/__/src/rp2_common/pico_standard_link/crt0.S.obj
                0x00000000100001e8                _entry_point
                0x0000000010000266                __get_current_exception
 .reset         0x0000000010000290       0x30 CMakeFiles/pico_divider_test.dir/__/__/src/rp2_common/pico_standard_link/binary_info.c.obj
 *(.init)
 .init          0x00000000100002c0        0x4 /usr/local/Cellar/arm-none-eabi-gcc/10.3-2021.07/gcc/bin/../lib/gcc/arm-none-eabi/10.3.1/thumb/v6-m/nofp/crti.o
                0x00000000100002c0                _init
 *(EXCLUDE_FILE(*libm.a: *libc.a:*lib_a-mem*.o *libgcc.a:) .text*)
 .text          0x00000000100002c4       0x48 /usr/local/Cellar/arm-none-eabi-gcc/10.3-2021.07/gcc/bin/../lib/gcc/arm-none-eabi/10.3.1/thumb/v6-m/nofp/crtbegin.o
 .text.compiler_div_s32
                0x000000001000030c        0x8 CMakeFiles/pico_divider_test.dir/pico_divider_test.c.obj
                0x000000001000030c                compiler_div_s32
 .text.compiler_div_u32
                0x0000000010000314        0x8 CMakeFiles/pico_divider_test.dir/pico_divider_test.c.obj
                0x0000000010000314                compiler_div_u32
 .text.compiler_div_s64
                0x000000001000031c        0x8 CMakeFiles/pico_divider_test.dir/pico_divider_test.c.obj
                0x000000001000031c                compiler_div_s64
 .text.compiler_div_u64
                0x0000000010000324        0x8 CMakeFiles/pico_divider_test.dir/pico_divider_test.c.obj
                0x0000000010000324                compiler_div_u64
 .text.pico_div_s32
                0x000000001000032c        0x8 CMakeFiles/pico_divider_test.dir/pico_divider_test.c.obj
                0x000000001000032c                pico_div_s32
 .text.pico_div_u32
                0x0000000010000334        0x8 CMakeFiles/pico_divider_test.dir/pico_divider_test.c.obj
                0x0000000010000334                pico_div_u32
 .text.pico_div_s64
                0x000000001000033c        0x8 CMakeFiles/pico_divider_test.dir/pico_divider_test.c.obj
                0x000000001000033c                pico_div_s64
 .text.pico_div_u64
                0x0000000010000344        0x8 CMakeFiles/pico_divider_test.dir/pico_divider_test.c.obj
                0x0000000010000344                pico_div_u64
 .text.ostr     0x000000001000034c       0x40 CMakeFiles/pico_divider_test.dir/pico_divider_test.c.obj
                0x000000001000034c                ostr
 .text.o16hex   0x000000001000038c      0x560 CMakeFiles/pico_divider_test.dir/pico_divider_test.c.obj
                0x000000001000038c                o16hex
 .text.odec     0x00000000100008ec      0x8d8 CMakeFiles/pico_divider_test.dir/pico_divider_test.c.obj
                0x00000000100008ec                odec
 .text.test_divu64u64
                0x00000000100011c4      0x1e4 CMakeFiles/pico_divider_test.dir/pico_divider_test.c.obj
                0x00000000100011c4                test_divu64u64
 .text.test_divs64s64
                0x00000000100013a8      0x1e4 CMakeFiles/pico_divider_test.dir/pico_divider_test.c.obj
                0x00000000100013a8                test_divs64s64
 .text.test_special
                0x000000001000158c      0x1f4 CMakeFiles/pico_divider_test.dir/pico_divider_test.c.obj
                0x000000001000158c                test_special
 .text.test_random
                0x0000000010001780      0x220 CMakeFiles/pico_divider_test.dir/pico_divider_test.c.obj
                0x0000000010001780                test_random
 .text.time_32  0x00000000100019a0       0x18 CMakeFiles/pico_divider_test.dir/pico_divider_test.c.obj
                0x00000000100019a0                time_32
 .text.time_64  0x00000000100019b8       0x18 CMakeFiles/pico_divider_test.dir/pico_divider_test.c.obj
                0x00000000100019b8                time_64
 .text.perf_test
                0x00000000100019d0      0x4e8 CMakeFiles/pico_divider_test.dir/pico_divider_test.c.obj
                0x00000000100019d0                perf_test
 .text.startup.main
                0x0000000010001eb8      0x1dc CMakeFiles/pico_divider_test.dir/pico_divider_test.c.obj
                0x0000000010001eb8                main
 .text.setup_default_uart
                0x0000000010002094        0x8 CMakeFiles/pico_divider_test.dir/__/__/src/rp2_common/pico_stdlib/stdlib.c.obj
                0x0000000010002094                setup_default_uart
 .text.gpio_set_function
                0x000000001000209c       0x30 CMakeFiles/pico_divider_test.dir/__/__/src/rp2_common/hardware_gpio/gpio.c.obj
                0x000000001000209c                gpio_set_function
 .text.hw_claim_or_assert
                0x00000000100020cc       0x44 CMakeFiles/pico_divider_test.dir/__/__/src/rp2_common/hardware_claim/claim.c.obj
                0x00000000100020cc                hw_claim_or_assert
 .text.running_on_fpga
                0x0000000010002110       0x10 CMakeFiles/pico_divider_test.dir/__/__/src/rp2_common/pico_platform/platform.c.obj
                0x0000000010002110                running_on_fpga
 .text.spin_locks_reset
                0x0000000010002120       0x1c CMakeFiles/pico_divider_test.dir/__/__/src/rp2_common/hardware_sync/sync.c.obj
                0x0000000010002120                spin_locks_reset
 .text.next_striped_spin_lock_num
                0x000000001000213c       0x18 CMakeFiles/pico_divider_test.dir/__/__/src/rp2_common/hardware_sync/sync.c.obj
                0x000000001000213c                next_striped_spin_lock_num
 .text.irq_set_enabled
                0x0000000010002154       0x24 CMakeFiles/pico_divider_test.dir/__/__/src/rp2_common/hardware_irq/irq.c.obj
                0x0000000010002154                irq_set_enabled
 .text.irq_get_vtable_handler
                0x0000000010002178       0x10 CMakeFiles/pico_divider_test.dir/__/__/src/rp2_common/hardware_irq/irq.c.obj
                0x0000000010002178                irq_get_vtable_handler
 .text.irq_set_exclusive_handler
                0x0000000010002188       0x54 CMakeFiles/pico_divider_test.dir/__/__/src/rp2_common/hardware_irq/irq.c.obj
                0x0000000010002188                irq_set_exclusive_handler
 .text.irq_remove_handler
                0x00000000100021dc      0x1b4 CMakeFiles/pico_divider_test.dir/__/__/src/rp2_common/hardware_irq/irq.c.obj
                0x00000000100021dc                irq_remove_handler
 .text.irq_add_tail_to_free_list
                0x0000000010002390       0xb4 CMakeFiles/pico_divider_test.dir/__/__/src/rp2_common/hardware_irq/irq.c.obj
                0x0000000010002390                irq_add_tail_to_free_list
 .text.irq_init_priorities
                0x0000000010002444       0x24 CMakeFiles/pico_divider_test.dir/__/__/src/rp2_common/hardware_irq/irq.c.obj
                0x0000000010002444                irq_init_priorities
 .text.lock_init
                0x0000000010002468       0x10 CMakeFiles/pico_divider_test.dir/__/__/src/common/pico_sync/lock_core.c.obj
                0x0000000010002468                lock_init
 .text.timer_pool_entry_comparator
                0x0000000010002478       0x34 CMakeFiles/pico_divider_test.dir/__/__/src/common/pico_time/time.c.obj
                0x0000000010002478                timer_pool_entry_comparator
 .text.add_alarm_under_lock.isra.0
                0x00000000100024ac      0x100 CMakeFiles/pico_divider_test.dir/__/__/src/common/pico_time/time.c.obj
 .text.alarm_pool_alarm_callback
                0x00000000100025ac      0x1c8 CMakeFiles/pico_divider_test.dir/__/__/src/common/pico_time/time.c.obj
 .text.alarm_pool_init_default
                0x0000000010002774       0x64 CMakeFiles/pico_divider_test.dir/__/__/src/common/pico_time/time.c.obj
                0x0000000010002774                alarm_pool_init_default
 .text.hardware_alarm_irq_handler
                0x00000000100027d8       0xb8 CMakeFiles/pico_divider_test.dir/__/__/src/rp2_common/hardware_timer/timer.c.obj
 .text.hardware_alarm_claim
                0x0000000010002890       0x18 CMakeFiles/pico_divider_test.dir/__/__/src/rp2_common/hardware_timer/timer.c.obj
                0x0000000010002890                hardware_alarm_claim
 .text.time_us_64
                0x00000000100028a8       0x14 CMakeFiles/pico_divider_test.dir/__/__/src/rp2_common/hardware_timer/timer.c.obj
                0x00000000100028a8                time_us_64
 .text.hardware_alarm_set_callback
                0x00000000100028bc       0x8c CMakeFiles/pico_divider_test.dir/__/__/src/rp2_common/hardware_timer/timer.c.obj
                0x00000000100028bc                hardware_alarm_set_callback
 .text.hardware_alarm_set_target
                0x0000000010002948       0xe0 CMakeFiles/pico_divider_test.dir/__/__/src/rp2_common/hardware_timer/timer.c.obj
                0x0000000010002948                hardware_alarm_set_target
 .text.hardware_alarm_cancel
                0x0000000010002a28       0x3c CMakeFiles/pico_divider_test.dir/__/__/src/rp2_common/hardware_timer/timer.c.obj
                0x0000000010002a28                hardware_alarm_cancel
 .text.ph_merge_nodes
                0x0000000010002a64       0x68 CMakeFiles/pico_divider_test.dir/__/__/src/common/pico_util/pheap.c.obj
 .text.ph_post_alloc_init
                0x0000000010002acc       0x3c CMakeFiles/pico_divider_test.dir/__/__/src/common/pico_util/pheap.c.obj
                0x0000000010002acc                ph_post_alloc_init
 .text.ph_merge_two_pass
                0x0000000010002b08       0x90 CMakeFiles/pico_divider_test.dir/__/__/src/common/pico_util/pheap.c.obj
                0x0000000010002b08                ph_merge_two_pass
 .text.ph_remove_any_head
                0x0000000010002b98       0xf8 CMakeFiles/pico_divider_test.dir/__/__/src/common/pico_util/pheap.c.obj
 .text.ph_remove_head
                0x0000000010002c90       0xfc CMakeFiles/pico_divider_test.dir/__/__/src/common/pico_util/pheap.c.obj
                0x0000000010002c90                ph_remove_head
 .text.ph_remove_and_free_node
                0x0000000010002d8c       0x7c CMakeFiles/pico_divider_test.dir/__/__/src/common/pico_util/pheap.c.obj
                0x0000000010002d8c                ph_remove_and_free_node
 .text.mutex_init
                0x0000000010002e08       0x1c CMakeFiles/pico_divider_test.dir/__/__/src/common/pico_sync/mutex.c.obj
                0x0000000010002e08                mutex_init
 .text.recursive_mutex_init
                0x0000000010002e24       0x1c CMakeFiles/pico_divider_test.dir/__/__/src/common/pico_sync/mutex.c.obj
                0x0000000010002e24                recursive_mutex_init
 .text.uart_init
                0x0000000010002e40       0xe0 CMakeFiles/pico_divider_test.dir/__/__/src/rp2_common/hardware_uart/uart.c.obj
                0x0000000010002e40                uart_init
 .text.runtime_init
                0x0000000010002f20       0xf0 CMakeFiles/pico_divider_test.dir/__/__/src/rp2_common/pico_runtime/runtime.c.obj
                0x0000000010002f20                runtime_init
 .text.exit     0x0000000010003010        0x4 CMakeFiles/pico_divider_test.dir/__/__/src/rp2_common/pico_runtime/runtime.c.obj
                0x0000000010003010                exit
 .text.panic    0x0000000010003014       0x30 CMakeFiles/pico_divider_test.dir/__/__/src/rp2_common/pico_runtime/runtime.c.obj
                0x0000000010003014                panic
 .text.hard_assertion_failure
                0x0000000010003044        0xc CMakeFiles/pico_divider_test.dir/__/__/src/rp2_common/pico_runtime/runtime.c.obj
                0x0000000010003044                hard_assertion_failure
 .text.clocks_init
                0x0000000010003050      0x2bc CMakeFiles/pico_divider_test.dir/__/__/src/rp2_common/hardware_clocks/clocks.c.obj
                0x0000000010003050                clocks_init
 .text.clock_get_hz
                0x000000001000330c        0xc CMakeFiles/pico_divider_test.dir/__/__/src/rp2_common/hardware_clocks/clocks.c.obj
                0x000000001000330c                clock_get_hz
 .text.pll_init
                0x0000000010003318       0xb0 CMakeFiles/pico_divider_test.dir/__/__/src/rp2_common/hardware_pll/pll.c.obj
                0x0000000010003318                pll_init
 .text.watchdog_start_tick
                0x00000000100033c8       0x10 CMakeFiles/pico_divider_test.dir/__/__/src/rp2_common/hardware_watchdog/watchdog.c.obj
                0x00000000100033c8                watchdog_start_tick
 .text.xosc_init
                0x00000000100033d8       0x28 CMakeFiles/pico_divider_test.dir/__/__/src/rp2_common/hardware_xosc/xosc.c.obj
                0x00000000100033d8                xosc_init
 .text._out_null
                0x0000000010003400        0x4 CMakeFiles/pico_divider_test.dir/__/__/src/rp2_common/pico_printf/printf.c.obj
 .text._out_rev
                0x0000000010003404       0x9c CMakeFiles/pico_divider_test.dir/__/__/src/rp2_common/pico_printf/printf.c.obj
 .text._ntoa_format
                0x00000000100034a0      0x1cc CMakeFiles/pico_divider_test.dir/__/__/src/rp2_common/pico_printf/printf.c.obj
 .text._out_char
                0x000000001000366c       0x10 CMakeFiles/pico_divider_test.dir/__/__/src/rp2_common/pico_printf/printf.c.obj
 .text._out_fct
                0x000000001000367c       0x10 CMakeFiles/pico_divider_test.dir/__/__/src/rp2_common/pico_printf/printf.c.obj
 .text._etoa    0x000000001000368c      0x44c CMakeFiles/pico_divider_test.dir/__/__/src/rp2_common/pico_printf/printf.c.obj
 .text._ftoa    0x0000000010003ad8      0x398 CMakeFiles/pico_divider_test.dir/__/__/src/rp2_common/pico_printf/printf.c.obj
 .text._vsnprintf
                0x0000000010003e70      0xb04 CMakeFiles/pico_divider_test.dir/__/__/src/rp2_common/pico_printf/printf.c.obj
 .text.vfctprintf
                0x0000000010004974       0x20 CMakeFiles/pico_divider_test.dir/__/__/src/rp2_common/pico_printf/printf.c.obj
                0x0000000010004974                vfctprintf
 .text.weak_raw_vprintf
                0x0000000010004994       0x30 CMakeFiles/pico_divider_test.dir/__/__/src/rp2_common/pico_printf/printf.c.obj
                0x0000000010004994                weak_raw_vprintf
 .text          0x00000000100049c4       0x10 CMakeFiles/pico_divider_test.dir/__/__/src/rp2_common/pico_bit_ops/bit_ops_aeabi.S.obj
 .text.clzdi    0x00000000100049d4       0x18 CMakeFiles/pico_divider_test.dir/__/__/src/rp2_common/pico_bit_ops/bit_ops_aeabi.S.obj
                0x00000000100049d4                __wrap___clzll
                0x00000000100049d4                __wrap___clzdi2
 .text.rom_func_lookup
                0x00000000100049ec       0x10 CMakeFiles/pico_divider_test.dir/__/__/src/rp2_common/pico_bootrom/bootrom.c.obj
                0x00000000100049ec                rom_func_lookup
 .text.rom_data_lookup
                0x00000000100049fc       0x10 CMakeFiles/pico_divider_test.dir/__/__/src/rp2_common/pico_bootrom/bootrom.c.obj
                0x00000000100049fc                rom_data_lookup
 .text.rom_funcs_lookup
                0x0000000010004a0c       0x44 CMakeFiles/pico_divider_test.dir/__/__/src/rp2_common/pico_bootrom/bootrom.c.obj
                0x0000000010004a0c                rom_funcs_lookup
 .text.__wrap___aeabi_idiv
                0x0000000010004a50       0x50 CMakeFiles/pico_divider_test.dir/__/__/src/rp2_common/pico_divider/divider.S.obj
                0x0000000010004a50                __wrap___aeabi_idivmod
                0x0000000010004a50                divmod_s32s32
                0x0000000010004a50                div_s32s32
                0x0000000010004a50                __wrap___aeabi_idiv
                0x0000000010004a58                divmod_s32s32_unsafe
                0x0000000010004a84                divmod_s32s32_savestate
 .text.__wrap___aeabi_uidiv
                0x0000000010004aa0       0x4c CMakeFiles/pico_divider_test.dir/__/__/src/rp2_common/pico_divider/divider.S.obj
                0x0000000010004aa0                __wrap___aeabi_uidiv
                0x0000000010004aa0                __wrap___aeabi_uidivmod
                0x0000000010004aa0                div_u32u32
                0x0000000010004aa0                divmod_u32u32
                0x0000000010004aa8                divmod_u32u32_unsafe
                0x0000000010004ad0                divmod_u32u32_savestate
 .text.__wrap___aeabi_ldiv
                0x0000000010004aec      0x434 CMakeFiles/pico_divider_test.dir/__/__/src/rp2_common/pico_divider/divider.S.obj
                0x0000000010004aec                __wrap___aeabi_ldivmod
                0x0000000010004aec                div_s64s64
                0x0000000010004aec                divmod_s64s64
                0x0000000010004b24                divmod_u64u64
                0x0000000010004b24                div_u64u64
                0x0000000010004b24                __wrap___aeabi_uldivmod
                0x0000000010004b34                divmod_u64u64_savestate
                0x0000000010004b5c                divmod_s64s64_unsafe
                0x0000000010004be4                divmod_u64u64_unsafe
 .text.divmod_s64s64_rem
                0x0000000010004f20        0xc CMakeFiles/pico_divider_test.dir/__/__/src/rp2_common/pico_divider/divider.S.obj
                0x0000000010004f20                divmod_s64s64_rem
 .text.divmod_u64u64_rem
                0x0000000010004f2c        0xc CMakeFiles/pico_divider_test.dir/__/__/src/rp2_common/pico_divider/divider.S.obj
                0x0000000010004f2c                divmod_u64u64_rem
 .text.__wrap___aeabi_darithmetic
                0x0000000010004f38       0x80 CMakeFiles/pico_divider_test.dir/__/__/src/rp2_common/pico_double/double_aeabi.S.obj
                0x0000000010004f38                __wrap___aeabi_drsub
                0x0000000010004f3e                __wrap___aeabi_dsub
                0x0000000010004f50                __wrap___aeabi_dadd
                0x0000000010004f62                __wrap___aeabi_ddiv
                0x0000000010004f9e                __wrap___aeabi_dmul
 .text.__wrap___aeabi_cdcmple
                0x0000000010004fb8       0x6c CMakeFiles/pico_divider_test.dir/__/__/src/rp2_common/pico_double/double_aeabi.S.obj
                0x0000000010004fb8                __wrap___aeabi_cdrcmple
                0x0000000010004fc8                __wrap___aeabi_cdcmple
                0x0000000010004fc8                __wrap___aeabi_cdcmpeq
 .text.__wrap___aeabi_dcmplt
                0x0000000010005024        0xc CMakeFiles/pico_divider_test.dir/__/__/src/rp2_common/pico_double/double_aeabi.S.obj
                0x0000000010005024                __wrap___aeabi_dcmplt
 .text.__wrap___aeabi_dcmple
                0x0000000010005030       0x10 CMakeFiles/pico_divider_test.dir/__/__/src/rp2_common/pico_double/double_aeabi.S.obj
                0x0000000010005030                __wrap___aeabi_dcmple
 .text.__wrap___aeabi_dcmpge
                0x0000000010005040       0x10 CMakeFiles/pico_divider_test.dir/__/__/src/rp2_common/pico_double/double_aeabi.S.obj
                0x0000000010005040                __wrap___aeabi_dcmpge
 .text.__wrap___aeabi_dcmpgt
                0x0000000010005050        0xa CMakeFiles/pico_divider_test.dir/__/__/src/rp2_common/pico_double/double_aeabi.S.obj
                0x0000000010005050                __wrap___aeabi_dcmpgt
 .text.__wrap___aeabi_dcmpun
                0x000000001000505a       0x1c CMakeFiles/pico_divider_test.dir/__/__/src/rp2_common/pico_double/double_aeabi.S.obj
                0x000000001000505a                __wrap___aeabi_dcmpun
 *fill*         0x0000000010005076        0x2 
 .text.__wrap___aeabi_i2d
                0x0000000010005078       0x38 CMakeFiles/pico_divider_test.dir/__/__/src/rp2_common/pico_double/double_aeabi.S.obj
                0x0000000010005078                __wrap___aeabi_ui2d
                0x0000000010005080                __wrap___aeabi_i2d
 .text.__wrap___aeabi_d2iz
                0x00000000100050b0       0x48 CMakeFiles/pico_divider_test.dir/__/__/src/rp2_common/pico_double/double_aeabi.S.obj
                0x00000000100050b0                __wrap___aeabi_d2iz
                0x00000000100050b0                double2int_z
 .text.__wrap___aeabi_d2uiz
                0x00000000100050f8       0x18 CMakeFiles/pico_divider_test.dir/__/__/src/rp2_common/pico_double/double_aeabi.S.obj
                0x00000000100050f8                double2uint
                0x00000000100050f8                __wrap___aeabi_d2uiz
 .text.__aeabi_double_init
                0x0000000010005110       0x94 CMakeFiles/pico_divider_test.dir/__/__/src/rp2_common/pico_double/double_init_rom.c.obj
                0x0000000010005110                __aeabi_double_init
 .text.double_table_shim_on_use_helper
                0x00000000100051a4       0x2c CMakeFiles/pico_divider_test.dir/__/__/src/rp2_common/pico_double/double_v1_rom_shim.S.obj
                0x00000000100051a4                double_table_shim_on_use_helper
 .text.__wrap___aeabi_dsub
                0x00000000100051d0       0x10 CMakeFiles/pico_divider_test.dir/__/__/src/rp2_common/pico_double/double_v1_rom_shim.S.obj
                0x00000000100051d0                drsub_shim
                0x00000000100051d6                dsub_shim
 .text.dadd_shim
                0x00000000100051e0      0x15c CMakeFiles/pico_divider_test.dir/__/__/src/rp2_common/pico_double/double_v1_rom_shim.S.obj
                0x00000000100051e0                dadd_shim
 .text.dmul_shim
                0x000000001000533c      0x15c CMakeFiles/pico_divider_test.dir/__/__/src/rp2_common/pico_double/double_v1_rom_shim.S.obj
                0x000000001000533c                dmul_shim
 .text.ddiv_shim
                0x0000000010005498      0x1b0 CMakeFiles/pico_divider_test.dir/__/__/src/rp2_common/pico_double/double_v1_rom_shim.S.obj
                0x0000000010005498                ddiv_shim
 .text.double2uint_shim
                0x0000000010005648        0xe CMakeFiles/pico_divider_test.dir/__/__/src/rp2_common/pico_double/double_v1_rom_shim.S.obj
                0x0000000010005648                double2uint_shim
                0x000000001000564a                double2ufix_shim
 *fill*         0x0000000010005656        0x2 
 .text.double2uint64_shim
                0x0000000010005658       0x70 CMakeFiles/pico_divider_test.dir/__/__/src/rp2_common/pico_double/double_v1_rom_shim.S.obj
                0x0000000010005658                double2uint64_shim
                0x000000001000565a                double2ufix64_shim
                0x000000001000567a                d2fix_a
 .text.dunpacks
                0x00000000100056c8       0x3c CMakeFiles/pico_divider_test.dir/__/__/src/rp2_common/pico_double/double_v1_rom_shim.S.obj
                0x00000000100056c8                dunpacks
 .text.__aeabi_lmul
                0x0000000010005704       0x32 CMakeFiles/pico_divider_test.dir/__/__/src/rp2_common/pico_int64_ops/pico_int64_ops_aeabi.S.obj
                0x0000000010005704                __wrap___aeabi_lmul
 *fill*         0x0000000010005736        0x2 
 .text.__aeabi_float_init
                0x0000000010005738       0x64 CMakeFiles/pico_divider_test.dir/__/__/src/rp2_common/pico_float/float_init_rom.c.obj
                0x0000000010005738                __aeabi_float_init
 .text.float_table_shim_on_use_helper
                0x000000001000579c       0x2c CMakeFiles/pico_divider_test.dir/__/__/src/rp2_common/pico_float/float_v1_rom_shim.S.obj
                0x000000001000579c                float_table_shim_on_use_helper
 .text          0x00000000100057c8       0x10 CMakeFiles/pico_divider_test.dir/__/__/src/rp2_common/pico_mem_ops/mem_ops_aeabi.S.obj
                0x00000000100057c8                __aeabi_mem_init
 .text.memset   0x00000000100057d8        0xc CMakeFiles/pico_divider_test.dir/__/__/src/rp2_common/pico_mem_ops/mem_ops_aeabi.S.obj
                0x00000000100057d8                __wrap_memset
 .text.memcpy   0x00000000100057e4        0xc CMakeFiles/pico_divider_test.dir/__/__/src/rp2_common/pico_mem_ops/mem_ops_aeabi.S.obj
                0x00000000100057e4                __wrap___aeabi_memcpy
                0x00000000100057e4                __wrap_memcpy
 .text.stdio_out_chars_no_crlf
                0x00000000100057f0       0x10 CMakeFiles/pico_divider_test.dir/__/__/src/rp2_common/pico_stdio/stdio.c.obj
 .text.stdio_out_chars_crlf
                0x0000000010005800       0xb4 CMakeFiles/pico_divider_test.dir/__/__/src/rp2_common/pico_stdio/stdio.c.obj
 .text.stdio_buffered_printer
                0x00000000100058b4       0x64 CMakeFiles/pico_divider_test.dir/__/__/src/rp2_common/pico_stdio/stdio.c.obj
 .text.stdio_put_string.isra.0
                0x0000000010005918       0xfc CMakeFiles/pico_divider_test.dir/__/__/src/rp2_common/pico_stdio/stdio.c.obj
 .text.__wrap_putchar
                0x0000000010005a14       0xa0 CMakeFiles/pico_divider_test.dir/__/__/src/rp2_common/pico_stdio/stdio.c.obj
                0x0000000010005a14                __wrap_putchar
 .text.__wrap_puts
                0x0000000010005ab4       0x3c CMakeFiles/pico_divider_test.dir/__/__/src/rp2_common/pico_stdio/stdio.c.obj
                0x0000000010005ab4                __wrap_puts
 .text.stdio_set_driver_enabled
                0x0000000010005af0       0x30 CMakeFiles/pico_divider_test.dir/__/__/src/rp2_common/pico_stdio/stdio.c.obj
                0x0000000010005af0                stdio_set_driver_enabled
 .text.__wrap_vprintf
                0x0000000010005b20       0xd8 CMakeFiles/pico_divider_test.dir/__/__/src/rp2_common/pico_stdio/stdio.c.obj
                0x0000000010005b20                __wrap_vprintf
 .text.__wrap_printf
                0x0000000010005bf8       0x18 CMakeFiles/pico_divider_test.dir/__/__/src/rp2_common/pico_stdio/stdio.c.obj
                0x0000000010005bf8                __wrap_printf
 .text.stdio_uart_out_chars
                0x0000000010005c10       0x4c CMakeFiles/pico_divider_test.dir/__/__/src/rp2_common/pico_stdio_uart/stdio_uart.c.obj
 .text.stdio_uart_in_chars
                0x0000000010005c5c       0x38 CMakeFiles/pico_divider_test.dir/__/__/src/rp2_common/pico_stdio_uart/stdio_uart.c.obj
                0x0000000010005c5c                stdio_uart_in_chars
 .text.stdio_uart_init
                0x0000000010005c94       0x48 CMakeFiles/pico_divider_test.dir/__/__/src/rp2_common/pico_stdio_uart/stdio_uart.c.obj
                0x0000000010005c94                stdio_uart_init
 .text.strlen   0x0000000010005cdc       0x5c /usr/local/Cellar/arm-none-eabi-gcc/10.3-2021.07/gcc/bin/../lib/gcc/arm-none-eabi/10.3.1/../../../../arm-none-eabi/lib/thumb/v6-m/nofp/libc.a(lib_a-strlen-stub.o)
                0x0000000010005cdc                strlen
 *(.fini)
 .fini          0x0000000010005d38        0x4 /usr/local/Cellar/arm-none-eabi-gcc/10.3-2021.07/gcc/bin/../lib/gcc/arm-none-eabi/10.3.1/thumb/v6-m/nofp/crti.o
                0x0000000010005d38                _fini
 *fill*         0x0000000010005d3c        0x4 
 .fini.__stub   0x0000000010005d40       0xb0 linker stubs
 *crtbegin.o(.ctors)
 *crtbegin?.o(.ctors)
 *(EXCLUDE_FILE(*crtend.o *crtend?.o) .ctors)
 *(SORT_BY_NAME(.ctors.*))
 *(.ctors)
 *crtbegin.o(.dtors)
 *crtbegin?.o(.dtors)
 *(EXCLUDE_FILE(*crtend.o *crtend?.o) .dtors)
 *(SORT_BY_NAME(.dtors.*))
 *(.dtors)
 *(.eh_frame*)
 .eh_frame      0x0000000010005df0        0x0 /usr/local/Cellar/arm-none-eabi-gcc/10.3-2021.07/gcc/bin/../lib/gcc/arm-none-eabi/10.3.1/thumb/v6-m/nofp/crtbegin.o
                0x0000000010005df0                . = ALIGN (0x4)

.glue_7         0x0000000010005df0        0x0
 .glue_7        0x0000000010005df0        0x0 linker stubs

.glue_7t        0x0000000010005df0        0x0
 .glue_7t       0x0000000010005df0        0x0 linker stubs

.vfp11_veneer   0x0000000010005df0        0x0
 .vfp11_veneer  0x0000000010005df0        0x0 linker stubs

.v4_bx          0x0000000010005df0        0x0
 .v4_bx         0x0000000010005df0        0x0 linker stubs

.iplt           0x0000000010005df0        0x0
 .iplt          0x0000000010005df0        0x0 /usr/local/Cellar/arm-none-eabi-gcc/10.3-2021.07/gcc/bin/../lib/gcc/arm-none-eabi/10.3.1/thumb/v6-m/nofp/crtbegin.o

.rodata         0x0000000010005df0      0x3d8
 *(EXCLUDE_FILE(*libm.a: *libc.a:*lib_a-mem*.o *libgcc.a:) .rodata*)
 .rodata.onl.str1.4
                0x0000000010005df0        0x3 CMakeFiles/pico_divider_test.dir/pico_divider_test.c.obj
 *fill*         0x0000000010005df3        0x1 
 .rodata.test_divu64u64.str1.4
                0x0000000010005df4        0x8 CMakeFiles/pico_divider_test.dir/pico_divider_test.c.obj
 .rodata.test_divs64s64.str1.4
                0x0000000010005dfc        0x3 CMakeFiles/pico_divider_test.dir/pico_divider_test.c.obj
 *fill*         0x0000000010005dff        0x1 
 .rodata.test_special.str1.4
                0x0000000010005e00        0xb CMakeFiles/pico_divider_test.dir/pico_divider_test.c.obj
 *fill*         0x0000000010005e0b        0x1 
 .rodata.test_random.str1.4
                0x0000000010005e0c        0x3 CMakeFiles/pico_divider_test.dir/pico_divider_test.c.obj
 *fill*         0x0000000010005e0f        0x1 
 .rodata.perf_test.str1.4
                0x0000000010005e10       0x47 CMakeFiles/pico_divider_test.dir/pico_divider_test.c.obj
 *fill*         0x0000000010005e57        0x1 
 .rodata.main.str1.4
                0x0000000010005e58       0x34 CMakeFiles/pico_divider_test.dir/pico_divider_test.c.obj
 .rodata.hardware_alarm_claim.str1.4
                0x0000000010005e8c       0x22 CMakeFiles/pico_divider_test.dir/__/__/src/rp2_common/hardware_timer/timer.c.obj
 *fill*         0x0000000010005eae        0x2 
 .rodata.panic.str1.4
                0x0000000010005eb0       0x12 CMakeFiles/pico_divider_test.dir/__/__/src/rp2_common/pico_runtime/runtime.c.obj
 *fill*         0x0000000010005ec2        0x2 
 .rodata.hard_assertion_failure.str1.4
                0x0000000010005ec4        0xc CMakeFiles/pico_divider_test.dir/__/__/src/rp2_common/pico_runtime/runtime.c.obj
 .rodata._ftoa.str1.4
                0x0000000010005ed0       0x15 CMakeFiles/pico_divider_test.dir/__/__/src/rp2_common/pico_printf/printf.c.obj
 *fill*         0x0000000010005ee5        0x3 
 .rodata._vsnprintf
                0x0000000010005ee8      0x1e0 CMakeFiles/pico_divider_test.dir/__/__/src/rp2_common/pico_printf/printf.c.obj
 .rodata.pow10.0
                0x00000000100060c8       0x50 CMakeFiles/pico_divider_test.dir/__/__/src/rp2_common/pico_printf/printf.c.obj
 .rodata.str1.4
                0x0000000010006118       0x48 CMakeFiles/pico_divider_test.dir/__/__/src/rp2_common/pico_standard_link/binary_info.c.obj
 .rodata.__bi_44
                0x0000000010006160        0xc CMakeFiles/pico_divider_test.dir/__/__/src/rp2_common/pico_standard_link/binary_info.c.obj
 .rodata.__bi_75
                0x000000001000616c        0xc CMakeFiles/pico_divider_test.dir/__/__/src/rp2_common/pico_standard_link/binary_info.c.obj
 .rodata.__bi_81
                0x0000000010006178        0xc CMakeFiles/pico_divider_test.dir/__/__/src/rp2_common/pico_standard_link/binary_info.c.obj
 .rodata.crlf_str.0
                0x0000000010006184        0x2 CMakeFiles/pico_divider_test.dir/__/__/src/rp2_common/pico_stdio/stdio.c.obj
 *fill*         0x0000000010006186        0x2 
 .rodata.str1.4
                0x0000000010006188       0x2c CMakeFiles/pico_divider_test.dir/__/__/src/rp2_common/pico_stdio_uart/stdio_uart.c.obj
 .rodata.__bi_28.4
                0x00000000100061b4        0xc CMakeFiles/pico_divider_test.dir/__/__/src/rp2_common/pico_stdio_uart/stdio_uart.c.obj
 .rodata.__bi_29.5
                0x00000000100061c0        0x8 CMakeFiles/pico_divider_test.dir/__/__/src/rp2_common/pico_stdio_uart/stdio_uart.c.obj
                0x00000000100061c8                . = ALIGN (0x4)
 *(SORT_BY_ALIGNMENT(SORT_BY_NAME(.flashdata*)))
                0x00000000100061c8                . = ALIGN (0x4)

.ARM.extab
 *(.ARM.extab* .gnu.linkonce.armextab.*)
                0x00000000100061c8                __exidx_start = .

.ARM.exidx      0x00000000100061c8        0x8
 *(.ARM.exidx* .gnu.linkonce.armexidx.*)
 .ARM.exidx     0x00000000100061c8        0x8 /usr/local/Cellar/arm-none-eabi-gcc/10.3-2021.07/gcc/bin/../lib/gcc/arm-none-eabi/10.3.1/thumb/v6-m/nofp/libgcc.a(_udivmoddi4.o)
 .ARM.exidx     0x00000000100061d0        0x0 /usr/local/Cellar/arm-none-eabi-gcc/10.3-2021.07/gcc/bin/../lib/gcc/arm-none-eabi/10.3.1/thumb/v6-m/nofp/libgcc.a(_divdi3.o)
                                          0x8 (size before relaxing)
                0x00000000100061d0                __exidx_end = .

.rel.dyn        0x00000000100061d0        0x0
 .rel.iplt      0x00000000100061d0        0x0 /usr/local/Cellar/arm-none-eabi-gcc/10.3-2021.07/gcc/bin/../lib/gcc/arm-none-eabi/10.3.1/thumb/v6-m/nofp/crtbegin.o
                0x00000000100061d0                . = ALIGN (0x4)
                0x00000000100061d0                __binary_info_start = .

.binary_info    0x00000000100061d0       0x24
 *(.binary_info.keep.*)
 .binary_info.keep.__bi_ptr22
                0x00000000100061d0        0x4 CMakeFiles/pico_divider_test.dir/__/__/src/rp2_common/pico_standard_link/binary_info.c.obj
 .binary_info.keep.__bi_ptr30
                0x00000000100061d4        0x4 CMakeFiles/pico_divider_test.dir/__/__/src/rp2_common/pico_standard_link/binary_info.c.obj
 .binary_info.keep.__bi_ptr38
                0x00000000100061d8        0x4 CMakeFiles/pico_divider_test.dir/__/__/src/rp2_common/pico_standard_link/binary_info.c.obj
 .binary_info.keep.__bi_ptr44
                0x00000000100061dc        0x4 CMakeFiles/pico_divider_test.dir/__/__/src/rp2_common/pico_standard_link/binary_info.c.obj
 .binary_info.keep.__bi_ptr50
                0x00000000100061e0        0x4 CMakeFiles/pico_divider_test.dir/__/__/src/rp2_common/pico_standard_link/binary_info.c.obj
 .binary_info.keep.__bi_ptr75
                0x00000000100061e4        0x4 CMakeFiles/pico_divider_test.dir/__/__/src/rp2_common/pico_standard_link/binary_info.c.obj
 .binary_info.keep.__bi_ptr81
                0x00000000100061e8        0x4 CMakeFiles/pico_divider_test.dir/__/__/src/rp2_common/pico_standard_link/binary_info.c.obj
 *(.binary_info.*)
 .binary_info.__bi_ptr28
                0x00000000100061ec        0x4 CMakeFiles/pico_divider_test.dir/__/__/src/rp2_common/pico_stdio_uart/stdio_uart.c.obj
 .binary_info.__bi_ptr29
                0x00000000100061f0        0x4 CMakeFiles/pico_divider_test.dir/__/__/src/rp2_common/pico_stdio_uart/stdio_uart.c.obj
                0x00000000100061f4                __binary_info_end = .
                0x00000000100061f4                . = ALIGN (0x4)
                0x00000000100061f4                __etext = .

.ram_vector_table
                0x0000000020000000       0xc0
 *(.ram_vector_table)
 .ram_vector_table
                0x0000000020000000       0xc0 CMakeFiles/pico_divider_test.dir/__/__/src/rp2_common/pico_runtime/runtime.c.obj
                0x0000000020000000                ram_vector_table

.data           0x00000000200000c0      0x8b0 load address 0x00000000100061f4
                0x00000000200000c0                __data_start__ = .
 *(vtable)
 *(.time_critical*)
 .time_critical.mutex_enter_blocking
                0x00000000200000c0       0x48 CMakeFiles/pico_divider_test.dir/__/__/src/common/pico_sync/mutex.c.obj
                0x00000000200000c0                mutex_enter_blocking
 .time_critical.mutex_try_enter
                0x0000000020000108       0x44 CMakeFiles/pico_divider_test.dir/__/__/src/common/pico_sync/mutex.c.obj
                0x0000000020000108                mutex_try_enter
 .time_critical.mutex_exit
                0x000000002000014c       0x28 CMakeFiles/pico_divider_test.dir/__/__/src/common/pico_sync/mutex.c.obj
                0x000000002000014c                mutex_exit
 *(.text*)
 .text          0x0000000020000174      0x114 /usr/local/Cellar/arm-none-eabi-gcc/10.3-2021.07/gcc/bin/../lib/gcc/arm-none-eabi/10.3.1/thumb/v6-m/nofp/libgcc.a(_udivsi3.o)
                0x0000000020000174                __udivsi3
                0x0000000020000174                __aeabi_uidiv
                0x0000000020000280                __aeabi_uidivmod
 .text          0x0000000020000288      0x1d4 /usr/local/Cellar/arm-none-eabi-gcc/10.3-2021.07/gcc/bin/../lib/gcc/arm-none-eabi/10.3.1/thumb/v6-m/nofp/libgcc.a(_divsi3.o)
                0x0000000020000288                __aeabi_idiv
                0x0000000020000288                __divsi3
                0x0000000020000454                __aeabi_idivmod
 .text          0x000000002000045c        0x4 /usr/local/Cellar/arm-none-eabi-gcc/10.3-2021.07/gcc/bin/../lib/gcc/arm-none-eabi/10.3.1/thumb/v6-m/nofp/libgcc.a(_dvmd_tls.o)
                0x000000002000045c                __aeabi_ldiv0
                0x000000002000045c                __aeabi_idiv0
 .text          0x0000000020000460       0x48 /usr/local/Cellar/arm-none-eabi-gcc/10.3-2021.07/gcc/bin/../lib/gcc/arm-none-eabi/10.3.1/thumb/v6-m/nofp/libgcc.a(_aeabi_ldivmod.o)
                0x0000000020000460                __aeabi_ldivmod
 .text          0x00000000200004a8       0x40 /usr/local/Cellar/arm-none-eabi-gcc/10.3-2021.07/gcc/bin/../lib/gcc/arm-none-eabi/10.3.1/thumb/v6-m/nofp/libgcc.a(_aeabi_uldivmod.o)
                0x00000000200004a8                __aeabi_uldivmod
 .text          0x00000000200004e8      0x198 /usr/local/Cellar/arm-none-eabi-gcc/10.3-2021.07/gcc/bin/../lib/gcc/arm-none-eabi/10.3.1/thumb/v6-m/nofp/libgcc.a(_udivmoddi4.o)
                0x00000000200004e8                __udivmoddi4
 .text          0x0000000020000680       0x3c /usr/local/Cellar/arm-none-eabi-gcc/10.3-2021.07/gcc/bin/../lib/gcc/arm-none-eabi/10.3.1/thumb/v6-m/nofp/libgcc.a(bpabi.o)
                0x0000000020000680                __gnu_ldivmod_helper
 .text          0x00000000200006bc      0x1cc /usr/local/Cellar/arm-none-eabi-gcc/10.3-2021.07/gcc/bin/../lib/gcc/arm-none-eabi/10.3.1/thumb/v6-m/nofp/libgcc.a(_divdi3.o)
                0x00000000200006bc                __divdi3
 .text.__stub   0x0000000020000888       0x20 linker stubs
                0x00000000200008a8                . = ALIGN (0x4)
 *(.rodata*)
                0x00000000200008a8                . = ALIGN (0x4)
 *(.data*)
 .data.striped_spin_lock_num
                0x00000000200008a8        0x1 CMakeFiles/pico_divider_test.dir/__/__/src/rp2_common/hardware_sync/sync.c.obj
 *fill*         0x00000000200008a9        0x3 
 .data          0x00000000200008ac       0x48 CMakeFiles/pico_divider_test.dir/__/__/src/rp2_common/hardware_irq/irq_handler_chain.S.obj
                0x00000000200008ac                irq_handler_chain_slots
                0x00000000200008dc                irq_handler_chain_first_slot
                0x00000000200008e6                irq_handler_chain_remove_tail
 .data.default_alarm_pool
                0x00000000200008f4       0x18 CMakeFiles/pico_divider_test.dir/__/__/src/common/pico_time/time.c.obj
 .data.default_alarm_pool_heap
                0x000000002000090c       0x10 CMakeFiles/pico_divider_test.dir/__/__/src/common/pico_time/time.c.obj
 *fill*         0x000000002000091c        0x4 
 .data.aeabi_bits_funcs
                0x0000000020000920       0x10 CMakeFiles/pico_divider_test.dir/__/__/src/rp2_common/pico_bit_ops/bit_ops_aeabi.S.obj
                0x0000000020000920                aeabi_bits_funcs
                0x0000000020000930                aeabi_bits_funcs_end
 .data.aeabi_mem_funcs
                0x0000000020000930       0x10 CMakeFiles/pico_divider_test.dir/__/__/src/rp2_common/pico_mem_ops/mem_ops_aeabi.S.obj
                0x0000000020000930                aeabi_mem_funcs
                0x0000000020000940                aeabi_mem_funcs_end
 .data.stdio_uart
                0x0000000020000940       0x14 CMakeFiles/pico_divider_test.dir/__/__/src/rp2_common/pico_stdio_uart/stdio_uart.c.obj
                0x0000000020000940                stdio_uart
                0x0000000020000954                . = ALIGN (0x4)
 *(.after_data.*)
                0x0000000020000954                . = ALIGN (0x4)
                0x0000000020000954                PROVIDE (__mutex_array_start = .)
 *(SORT_BY_NAME(.mutex_array.*))
 *(.mutex_array)
 .mutex_array   0x0000000020000954        0x8 CMakeFiles/pico_divider_test.dir/__/__/src/rp2_common/pico_stdio/stdio.c.obj
                0x000000002000095c                PROVIDE (__mutex_array_end = .)
                0x000000002000095c                . = ALIGN (0x4)
                0x000000002000095c                PROVIDE (__preinit_array_start = .)
 *(SORT_BY_NAME(.preinit_array.*))
 .preinit_array.00001
                0x000000002000095c        0x4 CMakeFiles/pico_divider_test.dir/__/__/src/rp2_common/pico_mem_ops/mem_ops_aeabi.S.obj
 .preinit_array.00010
                0x0000000020000960        0x4 CMakeFiles/pico_divider_test.dir/__/__/src/rp2_common/pico_bit_ops/bit_ops_aeabi.S.obj
 .preinit_array.00020
                0x0000000020000964        0x4 CMakeFiles/pico_divider_test.dir/__/__/src/rp2_common/pico_double/double_aeabi.S.obj
 .preinit_array.00020
                0x0000000020000968        0x4 CMakeFiles/pico_divider_test.dir/__/__/src/rp2_common/pico_float/float_aeabi.S.obj
 *(.preinit_array)
                0x000000002000096c                PROVIDE (__preinit_array_end = .)
                0x000000002000096c                . = ALIGN (0x4)
                0x000000002000096c                PROVIDE (__init_array_start = .)
 *(SORT_BY_NAME(.init_array.*))
 *(.init_array)
 .init_array    0x000000002000096c        0x4 /usr/local/Cellar/arm-none-eabi-gcc/10.3-2021.07/gcc/bin/../lib/gcc/arm-none-eabi/10.3.1/thumb/v6-m/nofp/crtbegin.o
                0x0000000020000970                PROVIDE (__init_array_end = .)
                0x0000000020000970                . = ALIGN (0x4)
                [!provide]                        PROVIDE (__fini_array_start = .)
 *(SORT_BY_NAME(.fini_array.*))
 *(.fini_array)
                [!provide]                        PROVIDE (__fini_array_end = .)
 *(.jcr)
                0x0000000020000970                . = ALIGN (0x4)
                0x0000000020000970                __data_end__ = .

.igot.plt       0x0000000020000970        0x0 load address 0x0000000010006aa4
 .igot.plt      0x0000000020000970        0x0 /usr/local/Cellar/arm-none-eabi-gcc/10.3-2021.07/gcc/bin/../lib/gcc/arm-none-eabi/10.3.1/thumb/v6-m/nofp/crtbegin.o

.uninitialized_data
                0x0000000020000970        0x0 load address 0x0000000010006aa4
                0x0000000020000970                . = ALIGN (0x4)
 *(.uninitialized_data*)

.scratch_x      0x0000000020040000        0x0 load address 0x0000000010006aa4
                0x0000000020040000                __scratch_x_start__ = .
 *(.scratch_x.*)
                0x0000000020040000                . = ALIGN (0x4)
                0x0000000020040000                __scratch_x_end__ = .
                0x0000000010006aa4                __scratch_x_source__ = LOADADDR (.scratch_x)

.scratch_y      0x0000000020041000        0x0 load address 0x0000000010006aa4
                0x0000000020041000                __scratch_y_start__ = .
 *(.scratch_y.*)
                0x0000000020041000                . = ALIGN (0x4)
                0x0000000020041000                __scratch_y_end__ = .
                0x0000000010006aa4                __scratch_y_source__ = LOADADDR (.scratch_y)

.bss            0x0000000020000970      0x3e4
                0x0000000020000970                . = ALIGN (0x4)
                0x0000000020000970                __bss_start__ = .
 *(SORT_BY_ALIGNMENT(SORT_BY_NAME(.bss*)))
 .bss.default_alarm_pool_entries
                0x0000000020000970      0x100 CMakeFiles/pico_divider_test.dir/__/__/src/common/pico_time/time.c.obj
 .bss.ntests    0x0000000020000a70        0x8 CMakeFiles/pico_divider_test.dir/pico_divider_test.c.obj
                0x0000000020000a70                ntests
 .bss.sd_table  0x0000000020000a78      0x100 CMakeFiles/pico_divider_test.dir/__/__/src/rp2_common/pico_double/double_init_rom.c.obj
                0x0000000020000a78                sd_table
 .bss.seed      0x0000000020000b78        0x8 CMakeFiles/pico_divider_test.dir/pico_divider_test.c.obj
                0x0000000020000b78                seed
 .bss.sf_table  0x0000000020000b80      0x100 CMakeFiles/pico_divider_test.dir/__/__/src/rp2_common/pico_float/float_init_rom.c.obj
                0x0000000020000b80                sf_table
 .bss           0x0000000020000c80       0x1c /usr/local/Cellar/arm-none-eabi-gcc/10.3-2021.07/gcc/bin/../lib/gcc/arm-none-eabi/10.3.1/thumb/v6-m/nofp/crtbegin.o
 .bss.alarm_callbacks
                0x0000000020000c9c       0x10 CMakeFiles/pico_divider_test.dir/__/__/src/rp2_common/hardware_timer/timer.c.obj
 .bss.configured_freq
                0x0000000020000cac       0x28 CMakeFiles/pico_divider_test.dir/__/__/src/rp2_common/hardware_clocks/clocks.c.obj
 .bss.default_alarm_pool_entry_ids_high
                0x0000000020000cd4       0x10 CMakeFiles/pico_divider_test.dir/__/__/src/common/pico_time/time.c.obj
 .bss.default_alarm_pool_heap_nodes
                0x0000000020000ce4       0x30 CMakeFiles/pico_divider_test.dir/__/__/src/common/pico_time/time.c.obj
 .bss.drivers   0x0000000020000d14        0x4 CMakeFiles/pico_divider_test.dir/__/__/src/rp2_common/pico_stdio/stdio.c.obj
 .bss.filter    0x0000000020000d18        0x4 CMakeFiles/pico_divider_test.dir/__/__/src/rp2_common/pico_stdio/stdio.c.obj
 .bss.lazy_vsnprintf
                0x0000000020000d1c        0x4 CMakeFiles/pico_divider_test.dir/__/__/src/rp2_common/pico_printf/printf.c.obj
 .bss.pools     0x0000000020000d20       0x10 CMakeFiles/pico_divider_test.dir/__/__/src/common/pico_time/time.c.obj
 .bss.sf_clz_func
                0x0000000020000d30        0x4 CMakeFiles/pico_divider_test.dir/__/__/src/rp2_common/pico_double/double_init_rom.c.obj
                0x0000000020000d30                sf_clz_func
 .bss.sleep_notifier
                0x0000000020000d34        0x4 CMakeFiles/pico_divider_test.dir/__/__/src/common/pico_time/time.c.obj
 .bss.target_hi
                0x0000000020000d38       0x10 CMakeFiles/pico_divider_test.dir/__/__/src/rp2_common/hardware_timer/timer.c.obj
 .bss.uart_char_to_line_feed
                0x0000000020000d48        0x4 CMakeFiles/pico_divider_test.dir/__/__/src/rp2_common/hardware_uart/uart.c.obj
                0x0000000020000d48                uart_char_to_line_feed
 .bss.uart_instance
                0x0000000020000d4c        0x4 CMakeFiles/pico_divider_test.dir/__/__/src/rp2_common/pico_stdio_uart/stdio_uart.c.obj
 .bss.claimed   0x0000000020000d50        0x1 CMakeFiles/pico_divider_test.dir/__/__/src/rp2_common/hardware_timer/timer.c.obj
 .bss.irq_hander_chain_free_slot_head
                0x0000000020000d51        0x1 CMakeFiles/pico_divider_test.dir/__/__/src/rp2_common/hardware_irq/irq.c.obj
 .bss.timer_callbacks_pending
                0x0000000020000d52        0x1 CMakeFiles/pico_divider_test.dir/__/__/src/rp2_common/hardware_timer/timer.c.obj
 *(COMMON)
                0x0000000020000d54                . = ALIGN (0x4)
 *fill*         0x0000000020000d53        0x1 
                0x0000000020000d54                __bss_end__ = .

.heap           0x0000000020000d54      0x800
                0x0000000020000d54                __end__ = .
                0x0000000020000d54                end = __end__
 *(.heap*)
 .heap          0x0000000020000d54      0x800 CMakeFiles/pico_divider_test.dir/__/__/src/rp2_common/pico_standard_link/crt0.S.obj
                0x0000000020001554                __HeapLimit = .

.stack1_dummy   0x0000000020040000        0x0
 *(.stack1*)

.stack_dummy    0x0000000020041000      0x800
 *(.stack*)
 .stack         0x0000000020041000      0x800 CMakeFiles/pico_divider_test.dir/__/__/src/rp2_common/pico_standard_link/crt0.S.obj

.flash_end      0x0000000010006aa4        0x0
                0x0000000010006aa4                __flash_binary_end = .
                0x0000000020040000                __StackLimit = (ORIGIN (RAM) + LENGTH (RAM))
                0x0000000020041000                __StackOneTop = (ORIGIN (SCRATCH_X) + LENGTH (SCRATCH_X))
                0x0000000020042000                __StackTop = (ORIGIN (SCRATCH_Y) + LENGTH (SCRATCH_Y))
                0x0000000020041000                __StackOneBottom = (__StackOneTop - SIZEOF (.stack1_dummy))
                0x0000000020041800                __StackBottom = (__StackTop - SIZEOF (.stack_dummy))
                0x0000000020042000                PROVIDE (__stack = __StackTop)
                0x0000000000000001                ASSERT ((__StackLimit >= __HeapLimit), region RAM overflowed)
                0x0000000000000001                ASSERT (((__binary_info_header_end - __logical_binary_start) <= 0x100), Binary info must be in first 256 bytes of the binary)
LOAD CMakeFiles/pico_divider_test.dir/pico_divider_test.c.obj
LOAD CMakeFiles/pico_divider_test.dir/__/__/src/rp2_common/pico_stdlib/stdlib.c.obj
LOAD CMakeFiles/pico_divider_test.dir/__/__/src/rp2_common/hardware_gpio/gpio.c.obj
LOAD CMakeFiles/pico_divider_test.dir/__/__/src/rp2_common/hardware_claim/claim.c.obj
LOAD CMakeFiles/pico_divider_test.dir/__/__/src/rp2_common/pico_platform/platform.c.obj
LOAD CMakeFiles/pico_divider_test.dir/__/__/src/rp2_common/hardware_sync/sync.c.obj
LOAD CMakeFiles/pico_divider_test.dir/__/__/src/rp2_common/hardware_irq/irq.c.obj
LOAD CMakeFiles/pico_divider_test.dir/__/__/src/rp2_common/hardware_irq/irq_handler_chain.S.obj
LOAD CMakeFiles/pico_divider_test.dir/__/__/src/common/pico_sync/sem.c.obj
LOAD CMakeFiles/pico_divider_test.dir/__/__/src/common/pico_sync/lock_core.c.obj
LOAD CMakeFiles/pico_divider_test.dir/__/__/src/common/pico_time/time.c.obj
LOAD CMakeFiles/pico_divider_test.dir/__/__/src/common/pico_time/timeout_helper.c.obj
LOAD CMakeFiles/pico_divider_test.dir/__/__/src/rp2_common/hardware_timer/timer.c.obj
LOAD CMakeFiles/pico_divider_test.dir/__/__/src/common/pico_util/datetime.c.obj
LOAD CMakeFiles/pico_divider_test.dir/__/__/src/common/pico_util/pheap.c.obj
LOAD CMakeFiles/pico_divider_test.dir/__/__/src/common/pico_util/queue.c.obj
LOAD CMakeFiles/pico_divider_test.dir/__/__/src/common/pico_sync/mutex.c.obj
LOAD CMakeFiles/pico_divider_test.dir/__/__/src/common/pico_sync/critical_section.c.obj
LOAD CMakeFiles/pico_divider_test.dir/__/__/src/rp2_common/hardware_uart/uart.c.obj
LOAD CMakeFiles/pico_divider_test.dir/__/__/src/rp2_common/hardware_divider/divider.S.obj
LOAD CMakeFiles/pico_divider_test.dir/__/__/src/rp2_common/pico_runtime/runtime.c.obj
LOAD CMakeFiles/pico_divider_test.dir/__/__/src/rp2_common/hardware_clocks/clocks.c.obj
LOAD CMakeFiles/pico_divider_test.dir/__/__/src/rp2_common/hardware_pll/pll.c.obj
LOAD CMakeFiles/pico_divider_test.dir/__/__/src/rp2_common/hardware_vreg/vreg.c.obj
LOAD CMakeFiles/pico_divider_test.dir/__/__/src/rp2_common/hardware_watchdog/watchdog.c.obj
LOAD CMakeFiles/pico_divider_test.dir/__/__/src/rp2_common/hardware_xosc/xosc.c.obj
LOAD CMakeFiles/pico_divider_test.dir/__/__/src/rp2_common/pico_printf/printf.c.obj
LOAD CMakeFiles/pico_divider_test.dir/__/__/src/rp2_common/pico_bit_ops/bit_ops_aeabi.S.obj
LOAD CMakeFiles/pico_divider_test.dir/__/__/src/rp2_common/pico_bootrom/bootrom.c.obj
LOAD CMakeFiles/pico_divider_test.dir/__/__/src/rp2_common/pico_divider/divider.S.obj
LOAD CMakeFiles/pico_divider_test.dir/__/__/src/rp2_common/pico_double/double_aeabi.S.obj
LOAD CMakeFiles/pico_divider_test.dir/__/__/src/rp2_common/pico_double/double_init_rom.c.obj
LOAD CMakeFiles/pico_divider_test.dir/__/__/src/rp2_common/pico_double/double_math.c.obj
LOAD CMakeFiles/pico_divider_test.dir/__/__/src/rp2_common/pico_double/double_v1_rom_shim.S.obj
LOAD CMakeFiles/pico_divider_test.dir/__/__/src/rp2_common/pico_int64_ops/pico_int64_ops_aeabi.S.obj
LOAD CMakeFiles/pico_divider_test.dir/__/__/src/rp2_common/pico_float/float_aeabi.S.obj
LOAD CMakeFiles/pico_divider_test.dir/__/__/src/rp2_common/pico_float/float_init_rom.c.obj
LOAD CMakeFiles/pico_divider_test.dir/__/__/src/rp2_common/pico_float/float_math.c.obj
LOAD CMakeFiles/pico_divider_test.dir/__/__/src/rp2_common/pico_float/float_v1_rom_shim.S.obj
LOAD CMakeFiles/pico_divider_test.dir/__/__/src/rp2_common/pico_malloc/pico_malloc.c.obj
LOAD CMakeFiles/pico_divider_test.dir/__/__/src/rp2_common/pico_mem_ops/mem_ops_aeabi.S.obj
LOAD CMakeFiles/pico_divider_test.dir/__/__/src/rp2_common/pico_standard_link/crt0.S.obj
LOAD CMakeFiles/pico_divider_test.dir/__/__/src/rp2_common/pico_standard_link/new_delete.cpp.obj
LOAD CMakeFiles/pico_divider_test.dir/__/__/src/rp2_common/pico_standard_link/binary_info.c.obj
LOAD CMakeFiles/pico_divider_test.dir/__/__/src/rp2_common/pico_stdio/stdio.c.obj
LOAD CMakeFiles/pico_divider_test.dir/__/__/src/rp2_common/pico_stdio_uart/stdio_uart.c.obj
LOAD /var/folders/59/tdd927_x6bdctdq5k7f78p9w0000gn/T//ccGC7ffB.o
LOAD /usr/local/Cellar/arm-none-eabi-gcc/10.3-2021.07/gcc/bin/../lib/gcc/arm-none-eabi/10.3.1/../../../../arm-none-eabi/lib/thumb/v6-m/nofp/libstdc++.a
LOAD /usr/local/Cellar/arm-none-eabi-gcc/10.3-2021.07/gcc/bin/../lib/gcc/arm-none-eabi/10.3.1/../../../../arm-none-eabi/lib/thumb/v6-m/nofp/libm.a
START GROUP
LOAD /usr/local/Cellar/arm-none-eabi-gcc/10.3-2021.07/gcc/bin/../lib/gcc/arm-none-eabi/10.3.1/thumb/v6-m/nofp/libgcc.a
LOAD /usr/local/Cellar/arm-none-eabi-gcc/10.3-2021.07/gcc/bin/../lib/gcc/arm-none-eabi/10.3.1/../../../../arm-none-eabi/lib/thumb/v6-m/nofp/libc.a
END GROUP
START GROUP
LOAD /usr/local/Cellar/arm-none-eabi-gcc/10.3-2021.07/gcc/bin/../lib/gcc/arm-none-eabi/10.3.1/thumb/v6-m/nofp/libgcc.a
LOAD /usr/local/Cellar/arm-none-eabi-gcc/10.3-2021.07/gcc/bin/../lib/gcc/arm-none-eabi/10.3.1/../../../../arm-none-eabi/lib/thumb/v6-m/nofp/libc.a
LOAD /usr/local/Cellar/arm-none-eabi-gcc/10.3-2021.07/gcc/bin/../lib/gcc/arm-none-eabi/10.3.1/../../../../arm-none-eabi/lib/thumb/v6-m/nofp/libnosys.a
END GROUP
LOAD /usr/local/Cellar/arm-none-eabi-gcc/10.3-2021.07/gcc/bin/../lib/gcc/arm-none-eabi/10.3.1/thumb/v6-m/nofp/crtend.o
LOAD /usr/local/Cellar/arm-none-eabi-gcc/10.3-2021.07/gcc/bin/../lib/gcc/arm-none-eabi/10.3.1/thumb/v6-m/nofp/crtn.o
OUTPUT(pico_divider_test.elf elf32-littlearm)
LOAD linker stubs

.ARM.attributes
                0x0000000000000000       0x28
 .ARM.attributes
                0x0000000000000000       0x1e /usr/local/Cellar/arm-none-eabi-gcc/10.3-2021.07/gcc/bin/../lib/gcc/arm-none-eabi/10.3.1/thumb/v6-m/nofp/crti.o
 .ARM.attributes
                0x000000000000001e       0x2c /usr/local/Cellar/arm-none-eabi-gcc/10.3-2021.07/gcc/bin/../lib/gcc/arm-none-eabi/10.3.1/thumb/v6-m/nofp/crtbegin.o
 .ARM.attributes
                0x000000000000004a       0x2c CMakeFiles/pico_divider_test.dir/pico_divider_test.c.obj
 .ARM.attributes
                0x0000000000000076       0x2c CMakeFiles/pico_divider_test.dir/__/__/src/rp2_common/pico_stdlib/stdlib.c.obj
 .ARM.attributes
                0x00000000000000a2       0x2c CMakeFiles/pico_divider_test.dir/__/__/src/rp2_common/hardware_gpio/gpio.c.obj
 .ARM.attributes
                0x00000000000000ce       0x2c CMakeFiles/pico_divider_test.dir/__/__/src/rp2_common/hardware_claim/claim.c.obj
 .ARM.attributes
                0x00000000000000fa       0x2c CMakeFiles/pico_divider_test.dir/__/__/src/rp2_common/pico_platform/platform.c.obj
 .ARM.attributes
                0x0000000000000126       0x2c CMakeFiles/pico_divider_test.dir/__/__/src/rp2_common/hardware_sync/sync.c.obj
 .ARM.attributes
                0x0000000000000152       0x2c CMakeFiles/pico_divider_test.dir/__/__/src/rp2_common/hardware_irq/irq.c.obj
 .ARM.attributes
                0x000000000000017e       0x22 CMakeFiles/pico_divider_test.dir/__/__/src/rp2_common/hardware_irq/irq_handler_chain.S.obj
 .ARM.attributes
                0x00000000000001a0       0x2c CMakeFiles/pico_divider_test.dir/__/__/src/common/pico_sync/lock_core.c.obj
 .ARM.attributes
                0x00000000000001cc       0x2c CMakeFiles/pico_divider_test.dir/__/__/src/common/pico_time/time.c.obj
 .ARM.attributes
                0x00000000000001f8       0x2c CMakeFiles/pico_divider_test.dir/__/__/src/rp2_common/hardware_timer/timer.c.obj
 .ARM.attributes
                0x0000000000000224       0x2c CMakeFiles/pico_divider_test.dir/__/__/src/common/pico_util/pheap.c.obj
 .ARM.attributes
                0x0000000000000250       0x2c CMakeFiles/pico_divider_test.dir/__/__/src/common/pico_sync/mutex.c.obj
 .ARM.attributes
                0x000000000000027c       0x2c CMakeFiles/pico_divider_test.dir/__/__/src/rp2_common/hardware_uart/uart.c.obj
 .ARM.attributes
                0x00000000000002a8       0x2c CMakeFiles/pico_divider_test.dir/__/__/src/rp2_common/pico_runtime/runtime.c.obj
 .ARM.attributes
                0x00000000000002d4       0x2c CMakeFiles/pico_divider_test.dir/__/__/src/rp2_common/hardware_clocks/clocks.c.obj
 .ARM.attributes
                0x0000000000000300       0x2c CMakeFiles/pico_divider_test.dir/__/__/src/rp2_common/hardware_pll/pll.c.obj
 .ARM.attributes
                0x000000000000032c       0x2c CMakeFiles/pico_divider_test.dir/__/__/src/rp2_common/hardware_watchdog/watchdog.c.obj
 .ARM.attributes
                0x0000000000000358       0x2c CMakeFiles/pico_divider_test.dir/__/__/src/rp2_common/hardware_xosc/xosc.c.obj
 .ARM.attributes
                0x0000000000000384       0x2c CMakeFiles/pico_divider_test.dir/__/__/src/rp2_common/pico_printf/printf.c.obj
 .ARM.attributes
                0x00000000000003b0       0x22 CMakeFiles/pico_divider_test.dir/__/__/src/rp2_common/pico_bit_ops/bit_ops_aeabi.S.obj
 .ARM.attributes
                0x00000000000003d2       0x2c CMakeFiles/pico_divider_test.dir/__/__/src/rp2_common/pico_bootrom/bootrom.c.obj
 .ARM.attributes
                0x00000000000003fe       0x22 CMakeFiles/pico_divider_test.dir/__/__/src/rp2_common/pico_divider/divider.S.obj
 .ARM.attributes
                0x0000000000000420       0x22 CMakeFiles/pico_divider_test.dir/__/__/src/rp2_common/pico_double/double_aeabi.S.obj
 .ARM.attributes
                0x0000000000000442       0x2c CMakeFiles/pico_divider_test.dir/__/__/src/rp2_common/pico_double/double_init_rom.c.obj
 .ARM.attributes
                0x000000000000046e       0x22 CMakeFiles/pico_divider_test.dir/__/__/src/rp2_common/pico_double/double_v1_rom_shim.S.obj
 .ARM.attributes
                0x0000000000000490       0x22 CMakeFiles/pico_divider_test.dir/__/__/src/rp2_common/pico_int64_ops/pico_int64_ops_aeabi.S.obj
 .ARM.attributes
                0x00000000000004b2       0x22 CMakeFiles/pico_divider_test.dir/__/__/src/rp2_common/pico_float/float_aeabi.S.obj
 .ARM.attributes
                0x00000000000004d4       0x2c CMakeFiles/pico_divider_test.dir/__/__/src/rp2_common/pico_float/float_init_rom.c.obj
 .ARM.attributes
                0x0000000000000500       0x22 CMakeFiles/pico_divider_test.dir/__/__/src/rp2_common/pico_float/float_v1_rom_shim.S.obj
 .ARM.attributes
                0x0000000000000522       0x22 CMakeFiles/pico_divider_test.dir/__/__/src/rp2_common/pico_mem_ops/mem_ops_aeabi.S.obj
 .ARM.attributes
                0x0000000000000544       0x22 CMakeFiles/pico_divider_test.dir/__/__/src/rp2_common/pico_standard_link/crt0.S.obj
 .ARM.attributes
                0x0000000000000566       0x32 CMakeFiles/pico_divider_test.dir/__/__/src/rp2_common/pico_standard_link/binary_info.c.obj
 .ARM.attributes
                0x0000000000000598       0x2c CMakeFiles/pico_divider_test.dir/__/__/src/rp2_common/pico_stdio/stdio.c.obj
 .ARM.attributes
                0x00000000000005c4       0x2c CMakeFiles/pico_divider_test.dir/__/__/src/rp2_common/pico_stdio_uart/stdio_uart.c.obj
 .ARM.attributes
                0x00000000000005f0       0x22 /var/folders/59/tdd927_x6bdctdq5k7f78p9w0000gn/T//ccGC7ffB.o
 .ARM.attributes
                0x0000000000000612       0x1e /usr/local/Cellar/arm-none-eabi-gcc/10.3-2021.07/gcc/bin/../lib/gcc/arm-none-eabi/10.3.1/thumb/v6-m/nofp/libgcc.a(_udivsi3.o)
 .ARM.attributes
                0x0000000000000630       0x1e /usr/local/Cellar/arm-none-eabi-gcc/10.3-2021.07/gcc/bin/../lib/gcc/arm-none-eabi/10.3.1/thumb/v6-m/nofp/libgcc.a(_divsi3.o)
 .ARM.attributes
                0x000000000000064e       0x1e /usr/local/Cellar/arm-none-eabi-gcc/10.3-2021.07/gcc/bin/../lib/gcc/arm-none-eabi/10.3.1/thumb/v6-m/nofp/libgcc.a(_dvmd_tls.o)
 .ARM.attributes
                0x000000000000066c       0x1e /usr/local/Cellar/arm-none-eabi-gcc/10.3-2021.07/gcc/bin/../lib/gcc/arm-none-eabi/10.3.1/thumb/v6-m/nofp/libgcc.a(_aeabi_ldivmod.o)
 .ARM.attributes
                0x000000000000068a       0x1e /usr/local/Cellar/arm-none-eabi-gcc/10.3-2021.07/gcc/bin/../lib/gcc/arm-none-eabi/10.3.1/thumb/v6-m/nofp/libgcc.a(_aeabi_uldivmod.o)
 .ARM.attributes
                0x00000000000006a8       0x2c /usr/local/Cellar/arm-none-eabi-gcc/10.3-2021.07/gcc/bin/../lib/gcc/arm-none-eabi/10.3.1/thumb/v6-m/nofp/libgcc.a(_udivmoddi4.o)
 .ARM.attributes
                0x00000000000006d4       0x2c /usr/local/Cellar/arm-none-eabi-gcc/10.3-2021.07/gcc/bin/../lib/gcc/arm-none-eabi/10.3.1/thumb/v6-m/nofp/libgcc.a(bpabi.o)
 .ARM.attributes
                0x0000000000000700       0x2c /usr/local/Cellar/arm-none-eabi-gcc/10.3-2021.07/gcc/bin/../lib/gcc/arm-none-eabi/10.3.1/thumb/v6-m/nofp/libgcc.a(_divdi3.o)
 .ARM.attributes
                0x000000000000072c       0x2c /usr/local/Cellar/arm-none-eabi-gcc/10.3-2021.07/gcc/bin/../lib/gcc/arm-none-eabi/10.3.1/../../../../arm-none-eabi/lib/thumb/v6-m/nofp/libc.a(lib_a-strlen-stub.o)

.comment        0x0000000000000000       0x49
 .comment       0x0000000000000000       0x49 CMakeFiles/pico_divider_test.dir/pico_divider_test.c.obj
                                         0x4a (size before relaxing)
 .comment       0x0000000000000049       0x4a CMakeFiles/pico_divider_test.dir/__/__/src/rp2_common/pico_stdlib/stdlib.c.obj
 .comment       0x0000000000000049       0x4a CMakeFiles/pico_divider_test.dir/__/__/src/rp2_common/hardware_gpio/gpio.c.obj
 .comment       0x0000000000000049       0x4a CMakeFiles/pico_divider_test.dir/__/__/src/rp2_common/hardware_claim/claim.c.obj
 .comment       0x0000000000000049       0x4a CMakeFiles/pico_divider_test.dir/__/__/src/rp2_common/pico_platform/platform.c.obj
 .comment       0x0000000000000049       0x4a CMakeFiles/pico_divider_test.dir/__/__/src/rp2_common/hardware_sync/sync.c.obj
 .comment       0x0000000000000049       0x4a CMakeFiles/pico_divider_test.dir/__/__/src/rp2_common/hardware_irq/irq.c.obj
 .comment       0x0000000000000049       0x4a CMakeFiles/pico_divider_test.dir/__/__/src/common/pico_sync/lock_core.c.obj
 .comment       0x0000000000000049       0x4a CMakeFiles/pico_divider_test.dir/__/__/src/common/pico_time/time.c.obj
 .comment       0x0000000000000049       0x4a CMakeFiles/pico_divider_test.dir/__/__/src/rp2_common/hardware_timer/timer.c.obj
 .comment       0x0000000000000049       0x4a CMakeFiles/pico_divider_test.dir/__/__/src/common/pico_util/pheap.c.obj
 .comment       0x0000000000000049       0x4a CMakeFiles/pico_divider_test.dir/__/__/src/common/pico_sync/mutex.c.obj
 .comment       0x0000000000000049       0x4a CMakeFiles/pico_divider_test.dir/__/__/src/rp2_common/hardware_uart/uart.c.obj
 .comment       0x0000000000000049       0x4a CMakeFiles/pico_divider_test.dir/__/__/src/rp2_common/pico_runtime/runtime.c.obj
 .comment       0x0000000000000049       0x4a CMakeFiles/pico_divider_test.dir/__/__/src/rp2_common/hardware_clocks/clocks.c.obj
 .comment       0x0000000000000049       0x4a CMakeFiles/pico_divider_test.dir/__/__/src/rp2_common/hardware_pll/pll.c.obj
 .comment       0x0000000000000049       0x4a CMakeFiles/pico_divider_test.dir/__/__/src/rp2_common/hardware_watchdog/watchdog.c.obj
 .comment       0x0000000000000049       0x4a CMakeFiles/pico_divider_test.dir/__/__/src/rp2_common/hardware_xosc/xosc.c.obj
 .comment       0x0000000000000049       0x4a CMakeFiles/pico_divider_test.dir/__/__/src/rp2_common/pico_printf/printf.c.obj
 .comment       0x0000000000000049       0x4a CMakeFiles/pico_divider_test.dir/__/__/src/rp2_common/pico_bootrom/bootrom.c.obj
 .comment       0x0000000000000049       0x4a CMakeFiles/pico_divider_test.dir/__/__/src/rp2_common/pico_double/double_init_rom.c.obj
 .comment       0x0000000000000049       0x4a CMakeFiles/pico_divider_test.dir/__/__/src/rp2_common/pico_float/float_init_rom.c.obj
 .comment       0x0000000000000049       0x4a CMakeFiles/pico_divider_test.dir/__/__/src/rp2_common/pico_standard_link/binary_info.c.obj
 .comment       0x0000000000000049       0x4a CMakeFiles/pico_divider_test.dir/__/__/src/rp2_common/pico_stdio/stdio.c.obj
 .comment       0x0000000000000049       0x4a CMakeFiles/pico_divider_test.dir/__/__/src/rp2_common/pico_stdio_uart/stdio_uart.c.obj

.debug_frame    0x0000000000000000      0x118
 .debug_frame   0x0000000000000000       0x20 /usr/local/Cellar/arm-none-eabi-gcc/10.3-2021.07/gcc/bin/../lib/gcc/arm-none-eabi/10.3.1/thumb/v6-m/nofp/libgcc.a(_udivsi3.o)
 .debug_frame   0x0000000000000020       0x20 /usr/local/Cellar/arm-none-eabi-gcc/10.3-2021.07/gcc/bin/../lib/gcc/arm-none-eabi/10.3.1/thumb/v6-m/nofp/libgcc.a(_divsi3.o)
 .debug_frame   0x0000000000000040       0x3c /usr/local/Cellar/arm-none-eabi-gcc/10.3-2021.07/gcc/bin/../lib/gcc/arm-none-eabi/10.3.1/thumb/v6-m/nofp/libgcc.a(_udivmoddi4.o)
 .debug_frame   0x000000000000007c       0x38 /usr/local/Cellar/arm-none-eabi-gcc/10.3-2021.07/gcc/bin/../lib/gcc/arm-none-eabi/10.3.1/thumb/v6-m/nofp/libgcc.a(bpabi.o)
 .debug_frame   0x00000000000000b4       0x3c /usr/local/Cellar/arm-none-eabi-gcc/10.3-2021.07/gcc/bin/../lib/gcc/arm-none-eabi/10.3.1/thumb/v6-m/nofp/libgcc.a(_divdi3.o)
 .debug_frame   0x00000000000000f0       0x28 /usr/local/Cellar/arm-none-eabi-gcc/10.3-2021.07/gcc/bin/../lib/gcc/arm-none-eabi/10.3.1/../../../../arm-none-eabi/lib/thumb/v6-m/nofp/libc.a(lib_a-strlen-stub.o)
